
There are no discarded input sections

Memory Configuration

Name             Origin             Length             Attributes
*default*        0x00000000         0xffffffff

Linker script and memory map

                0x80099d40                        setDeathInfo_Quake_Boss = 0x80099d40
                0x807cce20                        initializeMagic = 0x807cce20
                0x807ccfa0                        executeMagic = 0x807ccfa0
                0x80776d24                        returnSCMcrap = 0x80776d24
                0x800fae40                        IsCourseClear = 0x800fae40
                0x80429ce8                        HasBonusNoCap = 0x80429ce8
                0x8005f098                        normalSpawnPlayers = 0x8005f098
                0x8005f010                        continueSpawnPlayersCredits = 0x8005f010
                0x80129078                        renderSJEffect = 0x80129078
                0x801291d8                        dontRender = 0x801291d8
                0x80049618                        continueToGPThing = 0x80049618
                0x80049634                        dontDoGPThing = 0x80049634
                0x8012c2b4                        dontDoEndingWait = 0x8012c2b4
                0x8012c288                        continueToSetAnim = 0x8012c288
                0x801570d4                        drawFukidashi = 0x801570d4
                0x80102a60                        AssembleScWorldMapSettings = 0x80102a60
                0x800ce380                        offWorldDataFlag__9SaveBlockFiUc = 0x800ce380
                0x800ce350                        isWorldDataFlag__9SaveBlockFiUc = 0x800ce350
                0x800ce360                        onWorldDataFlag__9SaveBlockFiUc = 0x800ce360
                0x800e1690                        prepareSave__8SaveFileFv = 0x800e1690
                0x800e04b0                        calcCRC__8SaveFileFv = 0x800e04b0
                0x800e0540                        startNandSave__8SaveFileFv = 0x800e0540
                0x801024e0                        continueReplayChooser = 0x801024e0
                0x80b49ec4                        skipDmEscort = 0x80b49ec4
                0x80081be0                        CheckCurrentLevelAndArea = 0x80081be0
                0x80b4a060                        continueToThank = 0x80b4a060
                0x80b4a064                        continueToDontThankMP = 0x80b4a064
                0x808ab610                        continueFromKinoSound = 0x808ab610
                0x809117a0                        returnFromEggAddNewPowerups = 0x809117a0
                0x808eb678                        returnFromScaleTable2 = 0x808eb678
                0x8090330c                        returnFromScaleTable = 0x8090330c
                0x808eb6e0                        returnFromWMSubPlayerDraw = 0x808eb6e0
                0x808eb170                        RealWmSubPlayerDtor = 0x808eb170
                0x80902af0                        returnFromWMPlayerDraw = 0x80902af0
                0x8019c154                        continueToFanfare = 0x8019c154
                0x807b9f9c                        continueFromKinopio = 0x807b9f9c
                0x800f6810                        FUN_800f6920 = 0x800f6810
                0x808aafa4                        continueFromOrigStrongBox2 = 0x808aafa4
                0x808aa464                        continueFromOrigStrongBox = 0x808aa464
                0x80991030                        StateID_KeyWait__17dCollectionCoin_c = 0x80991030
                0x809910f0                        StateID_ExitAnimeEndWait__17dCollectionCoin_c = 0x809910f0
                0x80774af0                        CollectionCoinNextWorld = 0x80774af0
                0x80774a40                        CollectionCoinPreviousWorld = 0x80774a40
                0x80429f80                        GameFlag = 0x80429f80
                0x808987a0                        RIVERMGRBuild = 0x808987a0
                0x80102a40                        CreateBootParam = 0x80102a40
                0x8080f920                        dClownCarPlayerBuild = 0x8080f920
                0x808bef50                        dWaterLiftBuild = 0x808bef50
                0x8006a1c0                        GetDanceValues_DummyBlockAndGrass = 0x8006a1c0
                0x8006a1d0                        CheckDanceValues_DummyBlockAndGrass = 0x8006a1d0
                0x8006a1f0                        GetDanceValues_Bahps = 0x8006a1f0
                0x8006a200                        CheckDanceValues_Bahps = 0x8006a200
                0x8006a220                        GetDanceValues_CreditsControl = 0x8006a220
                0x8006a230                        GetDanceValues_AnimSpeed = 0x8006a230
                0x8006a240                        SetCurrentStageMusic = 0x8006a240
                0x8006a250                        GetCurrentStageMusic = 0x8006a250
                0x800c9490                        disableAnim__Q23m2d13EmbedLayout_cFi = 0x800c9490
                0x80007220                        getRootPane__Q23m2d17EmbedLayoutBase_cFv = 0x80007220
                0x80195380                        MapSoundPlayer = 0x80195380
                0x800b3b50                        QueryGlobal5758 = 0x800b3b50
                0x80429cf8                        NextStageActorDisableFlags = 0x80429cf8
                0x80429cfa                        StageActorDisableFlags = 0x80429cfa
                0x8042a2d8                        CurrentWarningManager = 0x8042a2d8
                0x80779a40                        onCreate_orig__14dCourseClear_cFv = 0x80779a40
                0x80b15530                        StateID_Flagdown__12daEnGlpole_c = 0x80b15530
                0x80377138                        StateID_ProcGoalEnd__14dGameDisplay_c = 0x80377138
                0x8004dd00                        sub_8004DD00__10daPlBase_cFv = 0x8004dd00
                0x80a0b1d0                        daEnGlpole_c__CheckThis = 0x80a0b1d0
                0x80989d70                        aWm_ob_eggbreak = 0x80989d70
                0x80989d84                        aWm_ob_eggbre_0 = 0x80989d84
                0x80989d98                        aWm_ob_eggbre_1 = 0x80989d98
                0x80989dac                        aWm_ob_eggbre_2 = 0x80989dac
                0x80a942bc                        returnFromChangeRedRingArray = 0x80a942bc
                0x8093c63c                        stockItemPowerupModelScale = 0x8093c63c
                0x8093c0f4                        stockItemPlayerModelScale = 0x8093c0f4
                0x809a2540                        StateID_StockItemSelectWait__22dCourseSelectManager_c = 0x809a2540
                0x80a6b450                        callFooDeath = 0x80a6b450
                0x8085f5d0                        FUN_8085f5c0 = 0x8085f5d0
                0x80860084                        fixJumbo1return = 0x80860084
                0x808600e8                        fixJumbo2return = 0x808600e8
                0x80143560                        ContinueFromSixteenthHook = 0x80143560
                0x8042b954                        layerZPositionForByugoHack = 0x8042b954
                0x808e81b0                        continueNodeSetup = 0x808e81b0
                0x80015474                        continueFromChangeSmallScore100Color = 0x80015474
                0x80015344                        continueFromChangeSmallScore1000Color1 = 0x80015344
                0x80015374                        continueFromChangeSmallScore1000Color2 = 0x80015374
                0x800b4874                        continueFromChangeSmallScore1UPColor1 = 0x800b4874
                0x800b48a4                        continueFromChangeSmallScore1UPColor2 = 0x800b48a4
                0x808ce2cc                        doneWithPatchAnimNameArray = 0x808ce2cc
                0x808ce31c                        doneWithPatchAnimByte34Array = 0x808ce31c
                0x808ce8f0                        bindAnimCobCourse = 0x808ce8f0
                0x8042a24d                        CurrentWorldNumForWorldMap = 0x8042a24d
                0x8042a24e                        CurrentWorldNumForWorldMapSub = 0x8042a24e
                0x80051ef0                        disableDemoControl__10daPlBase_cFv = 0x80051ef0
                0x80051e70                        useDemoControl__10daPlBase_cFv = 0x80051e70
                0x80137510                        stunPlayer__7dAcPy_cFv = 0x80137510
                0x80137650                        unstunPlayer__7dAcPy_cFv = 0x80137650
                0x803763b0                        StateID_Quake__10daPlBase_c = 0x803763b0
                0x8004dd00                        sub_8004DD00__10daPlBase_cFv = 0x8004dd00
                0x80a0b1d0                        daEnGlpole_c__CheckThis = 0x80a0b1d0
                0x8005e724                        continueAt8005e724 = 0x8005e724
                0x801470d4                        continueAt80147214 = 0x801470d4
                0x80151540                        ContinueWithoutCourage = 0x80151540
                0x80151508                        ContinueWithCourage = 0x80151508
                0x8014ed68                        ContinueEatNoneExecute = 0x8014ed68
                0x8014ed40                        daYoshi_c__endState_EatNone = 0x8014ed40
                0x808e81d0                        continueIsWXS1 = 0x808e81d0
                0x808e81c0                        continueWithPat0SetupFromWXS0 = 0x808e81c0
                0x808e81e4                        LAB_808e81d4 = 0x808e81e4
                0x8035352c                        StateID_Turn__Goomba = 0x8035352c
                0x80358004                        StateID_Ice__Goomba = 0x80358004
                0x80357bf4                        StateID_DieFall__Goomba = 0x80357bf4
                0x80357d74                        StateID_DieOther__Goomba = 0x80357d74
                0x803534ec                        StateID_Walk__Goomba = 0x803534ec
                0x80032800                        daEnKuriboBase_c__isFrozen = 0x80032800
                0x807b1030                        it_is_right = 0x807b1030
                0x807b1044                        not_right = 0x807b1044
                0x807b1284                        it_is_right2 = 0x807b1284
                0x807b1298                        not_right2 = 0x807b1298
                0x807b08f0                        dStockItem__manipulateItemID = 0x807b08f0
                0x807b0960                        tryAndMoveRight = 0x807b0960
                0x807b0924                        tryAndMoveLeft = 0x807b0924
                0x807b096c                        cantChange = 0x807b096c
                0x807b094c                        continueRightLoop = 0x807b094c
                0x807b0910                        continueLeftLoop = 0x807b0910
                0x8042a1ac                        PtrToWM_CS_SEQ_MNG = 0x8042a1ac
                0x801015e0                        dCsSeqMng_c__GetCutName = 0x801015e0
                0x801016b0                        FUN_801017c0 = 0x801016b0
                0x80010800                        dCourseSelectGuide_c__loadLives = 0x80010800
                0x808fbcf8                        returnForCalledFromExecute = 0x808fbcf8
                0x808fb324                        continueInCalledFromExecute = 0x808fb324
                0x80904168                        continueAt80904158 = 0x80904168
                0x8090416c                        continueAt8090415C = 0x8090416c
                0x809042fc                        LAB_809042ec = 0x809042fc
                0x808fbd10                        FUN_808fbd00 = 0x808fbd10
                0x808fbd20                        FUN_808fbd10 = 0x808fbd20
                0x8098d558                        aLightMainscene = 0x8098d558
                0x8098d570                        aLightChikascen = 0x8098d570
                0x8098d588                        aLightWaterscen = 0x8098d588
                0x8098d5a0                        aLightFirescene = 0x8098d5a0
                0x8098d5b8                        aLightSabakusce = 0x8098d5b8
                0x8098d5d4                        aLightKaigansce = 0x8098d5d4
                0x8098d5f0                        aLightDaishizen = 0x8098d5f0
                0x8098d60c                        aLightYukidaysc = 0x8098d60c
                0x8098d628                        aLightSorascene = 0x8098d628
                0x8098d640                        aLightIwabascen = 0x8098d640
                0x8098d658                        aLightToridesce = 0x8098d658
                0x8098d678                        aLightShiroscen = 0x8098d678
                0x8098d690                        aLightObakescen = 0x8098d690
                0x8098d6a8                        aLightKurayamic = 0x8098d6a8
                0x8098d6c8                        aLightObakeouts = 0x8098d6c8
                0x8098d6e4                        aLightShinkaisc = 0x8098d6e4
                0x8098d700                        aLightSabakuchi = 0x8098d700
                0x8098d720                        aLightKorichika = 0x8098d720
                0x8098d740                        aLightFire2scen = 0x8098d740
                0x8098d758                        aLightKoopascen = 0x8098d758
                0x8098d770                        aLightFire3scen = 0x8098d770
                0x8098d788                        aLightKumorisor = 0x8098d788
                0x8098d7a8                        aLightToride2sc = 0x8098d7a8
                0x8098d7c4                        aLightMainsce_0 = 0x8098d7c4
                0x8098d7dc                        aLightChikasc_0 = 0x8098d7dc
                0x8098d7f4                        aLightWatersc_0 = 0x8098d7f4
                0x8098d80c                        aLightFiresce_0 = 0x8098d80c
                0x8098d828                        aLightSabakus_0 = 0x8098d828
                0x8098d840                        aLightKaigans_0 = 0x8098d840
                0x8098d858                        aLightDaishiz_0 = 0x8098d858
                0x8098d874                        aLightYukiday_0 = 0x8098d874
                0x8098d890                        aLightSorasce_0 = 0x8098d890
                0x8098d8a8                        aLightIwabasc_0 = 0x8098d8a8
                0x8098d8c0                        aLightTorides_0 = 0x8098d8c0
                0x8098d8d8                        aLightShirosc_0 = 0x8098d8d8
                0x8098d8f0                        aLightObakesc_0 = 0x8098d8f0
                0x8098d908                        aLightKurayam_0 = 0x8098d908
                0x8098d928                        aLightObakeou_0 = 0x8098d928
                0x8098d944                        aLightShinkai_0 = 0x8098d944
                0x8098d960                        aLightSabakuc_0 = 0x8098d960
                0x8098d980                        aLightKorichi_0 = 0x8098d980
                0x8098d99c                        aLightFire2sc_0 = 0x8098d99c
                0x8098d9b4                        aLightKoopasc_0 = 0x8098d9b4
                0x8098d9cc                        aLightFire3sc_0 = 0x8098d9cc
                0x8098d9e4                        aLightKumoris_0 = 0x8098d9e4
                0x8098da00                        aLightToride2_0 = 0x8098da00
                0x8098da1c                        aFogMainscene_b = 0x8098da1c
                0x8098da30                        aFogChikascene_ = 0x8098da30
                0x8098da44                        aFogWaterscene_ = 0x8098da44
                0x8098da58                        aFogFirescene_b = 0x8098da58
                0x8098da6c                        aFogSabakuscene = 0x8098da6c
                0x8098da84                        aFogKaiganscene = 0x8098da84
                0x8098daa0                        aFogDaishizensc = 0x8098daa0
                0x8098dab8                        aFogYukidayscen = 0x8098dab8
                0x8098dad0                        aFogSorascene_b = 0x8098dad0
                0x8098dae4                        aFogIwabascene_ = 0x8098dae4
                0x8098daf8                        aFogToridescene = 0x8098daf8
                0x8098db10                        aFogShiroscene_ = 0x8098db10
                0x8098db24                        aFogObakescene_ = 0x8098db24
                0x8098db38                        aFogKurayamichi = 0x8098db38
                0x8098db54                        aFogObakeoutsce = 0x8098db54
                0x8098db6c                        aFogShinkaiscen = 0x8098db6c
                0x8098db84                        aFogSabakuchika = 0x8098db84
                0x8098dba0                        aFogKorichikasc = 0x8098dba0
                0x8098dbb8                        aFogFire2scene_ = 0x8098dbb8
                0x8098dbcc                        aFogKoopascene_ = 0x8098dbcc
                0x8098dbe0                        aFogFire3scene_ = 0x8098dbe0
                0x8098dbf4                        aFogKumorisoras = 0x8098dbf4
                0x8098dc10                        aFogToride2scen = 0x8098dc10
                0x8098dd94                        aRouteinfo_1 = 0x8098dd94
                0x8098dda0                        aCollectioncoincoursesort = 0x8098dda0
                0x8098ddbc                        aCobcastle_1 = 0x8098ddbc
                0x8098ddc8                        aCobcourse_0 = 0x8098ddc8
                0x8098dca8                        aCobkinokored_3 = 0x8098dca8
                0x8098dcb8                        aCobkinoko1up_4 = 0x8098dcb8
                0x8098dcc8                        aCobkinokosta_3 = 0x8098dcc8
                0x8098ddd4                        aCobstart_0 = 0x8098ddd4
                0x8098dde0                        aCobanchor_0 = 0x8098dde0
                0x8098ddec                        aCobtoride_1 = 0x8098ddec
                0x8098ddf8                        aCobghost_1 = 0x8098ddf8
                0x8098de04                        aCobcannon_1 = 0x8098de04
                0x8098dcd8                        aCobkoopaship_5 = 0x8098dcd8
                0x8098de10                        aCharacter_s_12 = 0x8098de10
                0x8098de20                        aCobsurrender_0 = 0x8098de20
                0x8098de30                        aCobkinopio_1 = 0x8098de30
                0x8006ca80                        create__8dActor_cF6ActorsUiP7Point3dPv = 0x8006ca80
                0x801015bc                        returnToOriginalScriptCode = 0x801015bc
                0x807c1dd0                        destroyBarrel = 0x807c1dd0
                0x80b14c00                        StateID_FoolMove__14daEnGakeNoko_c = 0x80b14c00
                0x80b14c40                        StateID_Move__14daEnGakeNoko_c = 0x80b14c40
                0x80146e20                        pipeCannonShot__7dAcPy_cFiff = 0x80146e20
                0x80140300                        dealsWithGoalPutonCapAnimation__7dAcPy_cFv = 0x80140300
                0x801405e0                        cannonShot__7dAcPy_cFiss = 0x801405e0
                0x8008e410                        getZoneByID__9dCourse_cFUcP5mRect = 0x8008e410
                0x800e3a28                        updateUI = 0x800e3a28
                0x8019bc50                        ApparentlyStartsMusic = 0x8019bc50
                0x800e3a08                        continueTimerLeq100 = 0x800e3a08
                0x8019e014                        continueAt8019e154 = 0x8019e014
                0x8019e000                        continueAt8019e140 = 0x8019e000
                0x80429fd8                        instance__7StageC4 = 0x80429fd8
                0x8016a9b0                        mHeapAllocator_c_done = 0x8016a9b0
                0x80991f30                        dEventOpeningTitle_c_StateID_PressButtonExitAnimeEndWait = 0x80991f30
                0x809cae50                        sub_809CAE10 = 0x809cae50
                0x8091289c                        loc_8091288C = 0x8091289c
                0x802e55a4                        pow = 0x802e55a4
                0x8154ba7b                        PortalHook_1_byte = 0x8154ba7b
                0x8154b904                        PortalHook_2_offset_2 = 0x8154b904
                0x807612c8                        PortalHook_3_external_1 = 0x807612c8
                0x8154b804                        PortalHook_3_external_2 = 0x8154b804
                0x80162b04                        PortalHook_1_ret = 0x80162b04
                0x80064354                        PortalHook_2_ret = 0x80064354
                0x800e39e8                        PortalHook_3_ret = 0x800e39e8
                0x80095954                        PortalHook_4_ret = 0x80095954
                0x80095984                        PortalHook_5_ret_1 = 0x80095984
                0x80095bd4                        PortalHook_5_ret_2 = 0x80095bd4
                0x802f6600                        IsGravityEnabled = 0x802f6600
                0x8042b864                        GravityFloat_maybe = 0x8042b864
                0x80054688                        line_80054688 = 0x80054688
                0x8005714c                        line_8005714C = 0x8005714c
                0x80001910                        ZoneMaxYValue_maybe = 0x80001910
                0x8005e6f0                        JumpingShit = 0x8005e6f0
                0x80057a68                        ArcNein = 0x80057a68
                0x8005475c                        loc_8005475C = 0x8005475c
                0x8005467c                        loc_8005467C = 0x8005467c
                0x80070ef8                        ContinueFromFirstHook = 0x80070ef8
                0x800e4450                        ContinueFromSecondHook = 0x800e4450
                0x80057108                        ContinueFromThirdHook = 0x80057108
                0x801275e0                        ContinueFromFourthHook = 0x801275e0
                0x80057154                        ContinueFromFifthHook = 0x80057154
                0x8004c5ec                        ContinueFromSixthHook_One = 0x8004c5ec
                0x8004c5c4                        ContinueFromSixthHook_Two = 0x8004c5c4
                0x8006cde4                        ContinueFromSeventhHook = 0x8006cde4
                0x801c0be0                        ContinueFromEighthHook = 0x801c0be0
                0x800b07f0                        ContinueFromNinthHook = 0x800b07f0
                0x80128118                        ContinueFromTenthHook = 0x80128118
                0x80926784                        ContinueFromEleventhHook = 0x80926784
                0x8006f7b8                        ContinueFromTwelvethHook = 0x8006f7b8
                0x80064f54                        ContinueFromThirteenthHook = 0x80064f54
                0x80070cc4                        ContinueFromFourteenthHook = 0x80070cc4
                0x80920360                        LoadBreffKoopa = 0x80920360
                0x80920354                        LoadBreffKoopaJr = 0x80920354
                0x80920200                        returnFromBreffLoadPatch = 0x80920200
                0x8003a240                        sub_8003A240__FPvPv = 0x8003a240
                0x803539e4                        daEnShell_c_StateID_Sleep = 0x803539e4
                0x80353a64                        daEnShell_c_StateID_Slide = 0x80353a64
                0x80353a64                        _ZN11daEnShell_c13StateID_SlideE = 0x80353a64
                0x80038670                        afterExecute__11daEnShell_cFi = 0x80038670
                0x80038080                        __dt__11daEnShell_cFv = 0x80038080
                0x8003a010                        isOutOfView__11daEnShell_cFv = 0x8003a010
                0x8003a0c0                        kill__11daEnShell_cFv = 0x8003a0c0
                0x8003a010                        _vf74__11daEnShell_cFv = 0x8003a010
                0x8003ab80                        itemPickedUp__11daEnShell_cFv = 0x8003ab80
                0x80039610                        _vf7C__11daEnShell_cFv = 0x80039610
                0x8003a570                        eatIn__11daEnShell_cFv = 0x8003a570
                0x8003a5d0                        spitOut__11daEnShell_cFPv = 0x8003a5d0
                0x80038800                        stageActorCollision__11daEnShell_cFP13ActivePhysicsP13ActivePhysics = 0x80038800
                0x80038830                        spriteCollision__11daEnShell_cFP13ActivePhysicsP13ActivePhysics = 0x80038830
                0x800389e0                        playerCollision__11daEnShell_cFP13ActivePhysicsP13ActivePhysics = 0x800389e0
                0x80039010                        yoshiCollision__11daEnShell_cFP13ActivePhysicsP13ActivePhysics = 0x80039010
                0x80039b40                        collidedWithCatD_Drill__11daEnShell_cFP13ActivePhysicsP13ActivePhysics = 0x80039b40
                0x80039bf0                        collidedWithCat7_GroundPound__11daEnShell_cFP13ActivePhysicsP13ActivePhysics = 0x80039bf0
                0x80039d70                        collidedWithCat7_GroundPoundYoshi__11daEnShell_cFP13ActivePhysicsP13ActivePhysics = 0x80039d70
                0x800393a0                        collidedWithCat9_RollingObject__11daEnShell_cFP13ActivePhysicsP13ActivePhysics = 0x800393a0
                0x8003a7b0                        collidedWithCat2_Iceball_or_15_YoshiIce__11daEnShell_cFP13ActivePhysicsP13ActivePhysics = 0x8003a7b0
                0x8003be00                        dieFall_Begin__11daEnShell_cFv = 0x8003be00
                0x8003be80                        dieFall_Execute__11daEnShell_cFv = 0x8003be80
                0x8003be70                        dieFall_End__11daEnShell_cFv = 0x8003be70
                0x80039680                        _vf220__11daEnShell_cFPv = 0x80039680
                0x8003bff0                        _vf224__11daEnShell_cFv = 0x8003bff0
                0x8003a8c0                        _vf238__11daEnShell_cFv = 0x8003a8c0
                0x800392c0                        _vf248__11daEnShell_cFi = 0x800392c0
                0x800392f0                        bouncePlayerWhenJumpedOn__11daEnShell_cFPv = 0x800392f0
                0x80039590                        addScoreWhenHit__11daEnShell_cFPv = 0x80039590
                0x8003bf80                        _vf25C__11daEnShell_cFPv = 0x8003bf80
                0x8003b020                        beginState_Carry__11daEnShell_cFv = 0x8003b020
                0x8003b200                        executeState_Carry__11daEnShell_cFv = 0x8003b200
                0x8003b140                        endState_Carry__11daEnShell_cFv = 0x8003b140
                0x8003ae40                        beginState_Sleep__11daEnShell_cFv = 0x8003ae40
                0x8003aee0                        executeState_Sleep__11daEnShell_cFv = 0x8003aee0
                0x8003aeb0                        endState_Sleep__11daEnShell_cFv = 0x8003aeb0
                0x8003b3e0                        beginState_Slide__11daEnShell_cFv = 0x8003b3e0
                0x8003b830                        executeState_Slide__11daEnShell_cFv = 0x8003b830
                0x8003b6f0                        endState_Slide__11daEnShell_cFv = 0x8003b6f0
                0x8003bb40                        beginState_Wakeup__11daEnShell_cFv = 0x8003bb40
                0x8003bbb0                        executeState_Wakeup__11daEnShell_cFv = 0x8003bbb0
                0x8003bba0                        endState_Wakeup__11daEnShell_cFv = 0x8003bba0
                0x8003bd30                        beginState_WakeupReverse__11daEnShell_cFv = 0x8003bd30
                0x8003bd60                        executeState_WakeupReverse__11daEnShell_cFv = 0x8003bd60
                0x8003bd50                        endState_WakeupReverse__11daEnShell_cFv = 0x8003bd50
                0x8003bc30                        beginState_WakeupTurn__11daEnShell_cFv = 0x8003bc30
                0x8003bc80                        executeState_WakeupTurn__11daEnShell_cFv = 0x8003bc80
                0x8003bc70                        endState_WakeupTurn__11daEnShell_cFv = 0x8003bc70
                0x80039690                        _vf2C8__11daEnShell_cFv = 0x80039690
                0x8003aa60                        _vf2CC__11daEnShell_cFv = 0x8003aa60
                0x800389d0                        relatedToSpriteCollision__11daEnShell_cFv = 0x800389d0
                0x80039000                        _vf2D4__11daEnShell_cFv = 0x80039000
                0x800392b0                        isNotSliding__11daEnShell_cFv = 0x800392b0
                0x80038ff0                        relatedToYoshiOrPlayerCollision__11daEnShell_cFv = 0x80038ff0
                0x8003bd20                        _vf2E0__11daEnShell_cFv = 0x8003bd20
                0x8003bd10                        turnSlightly__11daEnShell_cFv = 0x8003bd10
                0x8003a410                        _vf2E8__11daEnShell_cFv = 0x8003a410
                0x80039790                        spawnKickHitEffect__11daEnShell_cFv = 0x80039790
                0x8003be60                        _vf2F0__11daEnShell_cFv = 0x8003be60
                0x80038660                        _vf2F4__11daEnShell_cFv = 0x80038660
                0x8003bb30                        spawnTailEffect__11daEnShell_cFv = 0x8003bb30
                0x8003a210                        _vf2FC__11daEnShell_cFv = 0x8003a210
                0x8003a3a0                        rotateShell__11daEnShell_cFv = 0x8003a3a0
                0x80038be8                        loc_80038BE8 = 0x80038be8
                0x80376e88                        Yoshi_EatNoneState = 0x80376e88
                0x8014ed00                        daYoshi_c_sub_8014EE40 = 0x8014ed00
                0x8014e660                        endState_HipAttack_orig__9daYoshi_cFv = 0x8014e660
                0x80046bb0                        onExecute_orig__9daYoshi_cFv = 0x80046bb0
                0x8014e660                        endState_HipAttack_orig__10daYoshi2_cFv = 0x8014e660
                0x80046bb0                        onExecute_orig__10daYoshi2_cFv = 0x80046bb0
                0x8014f840                        doSwallow__9daYoshi_cFv = 0x8014f840
                0x8014f86c                        doThisStupidAnimationYouAsshole = 0x8014f86c
                0x80049544                        originalHipAttackStage4Continue = 0x80049544
                0x8042a328                        instance__14dGameDisplay_c = 0x8042a328
                0x80157a30                        onCreate_orig__14dGameDisplay_cFv = 0x80157a30
                0x80157f90                        onExecute_orig__14dGameDisplay_cFv = 0x80157f90
                0x80054b4c                        ContinueFromFlyingYoshi = 0x80054b4c
                0x809129c0                        daYoshiFire_c_vf8C__FP13dStageActor_cP13dStageActor_c = 0x809129c0
                0x8005e500                        getHeldDown__14dPlayerInput_c = 0x8005e500
                0x8005e4f0                        getHeldUp__14dPlayerInput_c = 0x8005e4f0
                0x8005e4f0                        _ZN14dPlayerInput_c9getHeldUpEv = 0x8005e4f0
                0x8005e300                        detectGroundPound__14dPlayerInput_c = 0x8005e300
                0x8005e300                        _ZN14dPlayerInput_c17detectGroundPoundEv = 0x8005e300
                0x8005e580                        getHeldTwo__14dPlayerInput_c = 0x8005e580
                0x8005e580                        getHeldTwo__14dPlayerInput_cFv = 0x8005e580
                0x8005e580                        _ZN14dPlayerInput_c10getHeldTwoEv = 0x8005e580
                0x8023b360                        GetResNodeNumEntries__Q34nw4r3g3d6ResMdlCFv = 0x8023b360
                0x801d5540                        MEMAllocFromAllocator = 0x801d5540
                0x8034e690                        __vt__Q34nw4r3g3d9AnmObjChr = 0x8034e690
                0x8034e588                        __vt__Q34nw4r3g3d12AnmObjChrRes = 0x8034e588
                0x80241690                        GetAnmResult__Q34nw4r3g3d9ResAnmChrCFPQ34nw4r3g3d12ChrAnmResultUlf = 0x80241690
                0x800d5dd0                        StartAnimOrig = 0x800d5dd0
                0x8014b920                        YoshiStateOrig = 0x8014b920
                0x80234a80                        Exception_Printf___Q24nw4r2dbFPCce = 0x80234a80
                0x80839b14                        ContinueFromFuckLineLiftActivation = 0x80839b14
                0x800b4de0                        CanExitThisLevel = 0x800b4de0
                0x80001800                        LoaderDotBinPointer = 0x80001800
                0x801017d4                        ContinueFromConsole = 0x801017d4
                0x80146714                        ContinueFromTinyTable = 0x80146714
                0x8091ec88                        ContinueFromLoadingCRSIN = 0x8091ec88
                0x80022858                        ContinueFromAlternateQBlock = 0x80022858
                0x8013c2dc                        ContinueFromPropellerBegin = 0x8013c2dc
                0x802ee320                        QBlockTable = 0x802ee320
                0x8013ba60                        ret0ice = 0x8013ba60
                0x8013ba64                        retice = 0x8013ba64
                0x8013c260                        retice2 = 0x8013c260
                0x800389e0                        playerCollision_orig__10daEnNoko_cFP13ActivePhysicsP13ActivePhysics = 0x800389e0
                0x80a72630                        onCreate_orig__10daEnNoko_cFv = 0x80a72630
                0x80039590                        addScoreWhenHit_orig__10daEnNoko_cFPv = 0x80039590
                0x800389e0                        playerCollision_orig__10daEnPata_cFP13ActivePhysicsP13ActivePhysics = 0x800389e0
                0x80039590                        addScoreWhenHit_orig__10daEnPata_cFPv = 0x80039590
                0x80a72c20                        onExecute_orig__10daEnPata_cFv = 0x80a72c20
                0x80a49480                        onCreate_orig__10BulletBillFv = 0x80a49480
                0x80a49db0                        playerCollision_orig__10BulletBillFP13ActivePhysicsP13ActivePhysics = 0x80a49db0
                0x80a4a250                        addScoreWhenHit_orig__10BulletBillFPv = 0x80a4a250
                0x80a4d090                        ContinueFromSpikyFix = 0x80a4d090
                0x80998d30                        GabonRock_DropOutState = 0x80998d30
                0x80998cf0                        GabonRock_CrushState = 0x80998cf0
                0x8001ded0                        forceHCGROPushBack = 0x8001ded0
                0x8001dec8                        continueFromHCGRO = 0x8001dec8
                0x8042792e                        DanceValues_AnimSpeed = 0x8042792e
                0x80429d69                        DanceValues_DummyBlockAndGrass = 0x80429d69
                0x80429d6a                        DanceValues_Bahps = 0x80429d6a
                0x80429d6b                        DanceValues_CreditsControl = 0x80429d6b
                0x8042a21f                        CreditsModeActive = 0x8042a21f
                0x800d90c0                        GetRail = 0x800d90c0
                0x8042a008                        instance__7Stage80 = 0x8042a008
                0x80060254                        continueAddToCoinCount = 0x80060254
                0x800b3544                        continueAddToScore = 0x800b3544
                0x800b5180                        StaffCreditsAddCoin = 0x800b5180
                0x802bc3c4                        ContinueFromEFBMagic2 = 0x802bc3c4
                0x80ab6de0                        TogeTekkyuIceballCollision = 0x80ab6de0
                0x8042a4a8                        _8042A788 = 0x8042a4a8
                0x8019c250                        sub_8019C390 = 0x8019c250
                0x807afa10                        dStockItem = 0x807afa10
                0x802e55a4                        pow = 0x802e55a4
                0x80157f90                        onExecute_orig__14dGameDisplay_cFv = 0x80157f90
                0x80157a30                        onCreate_orig__14dGameDisplay_cFv = 0x80157a30
                0x8042a328                        instance__14dGameDisplay_c = 0x8042a328
                0x807f8ba0                        onCreate_orig__13daGabonRock_cFv = 0x807f8ba0
                0x80aa9880                        onCreate_orig__12EN_STAR_COINFv = 0x80aa9880
                0x809c8e70                        onCreate_orig__12daEnBomhei_cFv = 0x809c8e70
                0x80b12ac8                        StateID_Sleep__12daEnBomhei_c = 0x80b12ac8
                0x809c9a00                        playerCollision_orig__12daEnBomhei_cFP13ActivePhysicsP13ActivePhysics = 0x809c9a00
                0x809ca030                        spriteCollision_orig__12daEnBomhei_cFP13ActivePhysicsP13ActivePhysics = 0x809ca030
                0x801302b0                        NoSwimBegin = 0x801302b0
                0x80130274                        YesSwimBegin = 0x80130274
                0x801305f8                        NoSwimHip0a = 0x801305f8
                0x801305d0                        YesSwimHip0a = 0x801305d0
                0x80130674                        NoSwimHip0b = 0x80130674
                0x80130684                        YesSwimHip0b = 0x80130684
                0x80130c3c                        NoSwimHip1 = 0x80130c3c
                0x80130c30                        YesSwimHip1 = 0x80130c30
                0x801314ac                        NoSwimHip2 = 0x801314ac
                0x80131494                        YesSwimHip2 = 0x80131494
                0x8013189c                        NoSwimHip3a = 0x8013189c
                0x801318a8                        YesSwimHip3a = 0x801318a8
                0x80131954                        NoSwimHip3b = 0x80131954
                0x80131944                        YesSwimHip3b = 0x80131944
                0x80b8c390                        StateID_Wait__24daEnBossKoopaDemoPeach_c = 0x80b8c390
                0x80b8c3d0                        StateID_Call__24daEnBossKoopaDemoPeach_c = 0x80b8c3d0
                0x80b8c410                        StateID_Turn__24daEnBossKoopaDemoPeach_c = 0x80b8c410
                0x80b8c450                        StateID_Open__24daEnBossKoopaDemoPeach_c = 0x80b8c450
                0x80b8c490                        StateID_Rescue__24daEnBossKoopaDemoPeach_c = 0x80b8c490
                0x80b8c4d0                        StateID_Thank__24daEnBossKoopaDemoPeach_c = 0x80b8c4d0
                0x80301504                        __vt__12daBossDemo_c = 0x80301504
                0x8001ccb0                        onExecute__12daBossDemo_cFv = 0x8001ccb0
                0x8001ccf0                        onDraw__12daBossDemo_cFv = 0x8001ccf0
                0x8001cd00                        willBeDeleted__12daBossDemo_cFv = 0x8001cd00
                0x8001cd10                        onDelete__12daBossDemo_cFv = 0x8001cd10
                0x8001d190                        endState_BattleEdDemo__12daBossDemo_cFv = 0x8001d190
                0x8001d1a0                        executeState_BattleEdDemo__12daBossDemo_cFv = 0x8001d1a0
                0x8001d180                        beginState_BattleEdDemo__12daBossDemo_cFv = 0x8001d180
                0x8001d100                        endState_BattleIn__12daBossDemo_cFv = 0x8001d100
                0x8001d110                        executeState_BattleIn__12daBossDemo_cFv = 0x8001d110
                0x8001d090                        beginState_BattleIn__12daBossDemo_cFv = 0x8001d090
                0x8001d070                        endState_BattleStDemo__12daBossDemo_cFv = 0x8001d070
                0x8001d080                        executeState_BattleStDemo__12daBossDemo_cFv = 0x8001d080
                0x8001d060                        beginState_BattleStDemo__12daBossDemo_cFv = 0x8001d060
                0x8001cf60                        endState_Ready__12daBossDemo_cFv = 0x8001cf60
                0x8001cf70                        executeState_Ready__12daBossDemo_cFv = 0x8001cf70
                0x8001cf50                        beginState_Ready__12daBossDemo_cFv = 0x8001cf50
                0x8001ce00                        beatLevel__12daBossDemo_cFv = 0x8001ce00
                0x8001ce40                        exitLevel__12daBossDemo_cFv = 0x8001ce40
                0x80429d88                        instance__19BalloonRelatedClass = 0x80429d88
                0x802f1350                        PlayerAnimStates = 0x802f1350
                0x8011a6f0                        ContinueFromFixFireballSensorSetup = 0x8011a6f0
                0x800b37e0                        GetPosForLayoutEffect__FP4VEC3b = 0x800b37e0
                0x80a123ec                        ContinueFromJustOneBomb = 0x80a123ec
                0x8015f4f0                        SmoothRotation__FPsss = 0x8015f4f0
                0x8081f430                        KazanRock_OriginalCollisionCallback = 0x8081f430
                0x8081f1a0                        KazanRock_Explode = 0x8081f1a0
                0x8005fb90                        GetPlayerOrYoshi__Fi = 0x8005fb90
                0x8005fb90                        findByID__10daPlBase_cFi = 0x8005fb90
                0x8005f900                        findByID__7dAcPy_cFi = 0x8005f900
                0x80051f30                        justFaceSpecificDirection__10daPlBase_cFi = 0x80051f30
                0x80052080                        moveInDirection__10daPlBase_cFPfPf = 0x80052080
                0x80139950                        getYoshi__7dAcPy_cFv = 0x80139950
                0x80052170                        setAnimePlayWithAnimID__10daPlBase_cFi = 0x80052170
                0x80052290                        setAnimePlayStandardType__10daPlBase_cFi = 0x80052290
                0x8005e3b0                        setFlag__14dPlayerInput_cFQ214dPlayerInput_c5Flags = 0x8005e3b0
                0x8005e910                        setPermanentForcedButtons__14dPlayerInput_cFUi = 0x8005e910
                0x8005e960                        setTransientForcedButtons__14dPlayerInput_cFUi = 0x8005e960
                0x8005e930                        unsetPermanentForcedButtons__14dPlayerInput_cFUi = 0x8005e930
                0x8005e780                        areWeShaking__14dPlayerInput_cFv = 0x8005e780
                0x80056c70                        setFlag__10daPlBase_cFi = 0x80056c70
                0x80056cb0                        clearFlag__10daPlBase_cFi = 0x80056cb0
                0x80056cf0                        testFlag__10daPlBase_cFi = 0x80056cf0
                0x80052030                        isReadyForDemoControlAction__10daPlBase_cFv = 0x80052030
                0x8042a100                        instance__15dWaterManager_c = 0x8042a100
                0x800eb930                        queryPosition__15dWaterManager_cFP7Point2dP7Point2dPfPsi = 0x800eb930
                0x800a0c70                        OriginalPowBlockActivated = 0x800a0c70
                0x80002eee                        isReplayEnabled = 0x80002eee
                0x800b44d0                        UpdateSelectCursor = 0x800b44d0
                0x8010c780                        HideSelectCursor = 0x8010c780
                0x8042a2c8                        SelectCursorPointer = 0x8042a2c8
                0x807afba0                        getIconPictureIDforPlayer__12dStockItem_cFi = 0x807afba0
                0x800b32e0                        CrapUpPositions__FP7Point3dPC7Point3d = 0x800b32e0
                0x800fc914                        ContinueFromCalcPowerupResult = 0x800fc914
                0x800fc8dc                        ContinueFromFixCalcPowerupResultForMushroom = 0x800fc8dc
                0x807af9b8                        ContinueFromSILayoutExtraStuffs = 0x807af9b8
                0x807b0b4c                        ContinueFromResetHammerAnimOnOpen = 0x807b0b4c
                0x807af850                        ContinueFromHideItemsByDefault = 0x807af850
                0x807b0854                        MakeSFISound = 0x807b0854
                0x807b08b0                        ContinueFromSIAddSound = 0x807b08b0
                0x807b0d14                        ChosenStartChoice = 0x807b0d14
                0x807b2270                        ContinueFromSISLayoutExtraStuffs = 0x807b2270
                0x807b2538                        ContinueFromUpdateSIS = 0x807b2538
                0x8042a310                        EnemyBounceValue = 0x8042a310
                0x80162d00                        searchById__7fBase_cFUi = 0x80162d00
                0x80162d50                        searchByProfileId__7fBase_cFUsP7fBase_c = 0x80162d50
                0x80162db0                        searchByBaseType__7fBase_cFiP7fBase_c = 0x80162db0
                0x800bb2e0                        AddStockPowerup = 0x800bb2e0
                0x808aafe0                        continueFromStrongBox2 = 0x808aafe0
                0x808aa4e8                        continueFromStrongBox = 0x808aa4e8
                0x8042a4a8                        _8042A788 = 0x8042a4a8
                0x8019c250                        playFanfare__FPvi = 0x8019c250
                0x8019c9f0                        somethingAboutSound__FPv = 0x8019c9f0
                0x80262e90                        AxVoice_SetADPCM = 0x80262e90
                0x80281950                        Voice_SetADPCMLoop = 0x80281950
                0x8027a200                        DetachSound__Q34nw4r3snd11SoundHandleFv = 0x8027a200
                0x80266440                        Pause__Q44nw4r3snd6detail10BasicSoundFbi = 0x80266440
                0x80266250                        Stop__Q44nw4r3snd6detail10BasicSoundFi = 0x80266250
                0x802674b0                        SetPitch__Q44nw4r3snd6detail10BasicSoundFf = 0x802674b0
                0x80267420                        SetVolume__Q44nw4r3snd6detail10BasicSoundFfi = 0x80267420
                0x8027f890                        StrmSound_SetTrackVolume = 0x8027f890
                0x8042a1b0                        DontShowPreGame = 0x8042a1b0
                0x80373d60                        RESTART_CRSIN_LevelStartStruct = 0x80373d60
                0x800ca574                        DrawTheFuckingHat = 0x800ca574
                0x800ca5a8                        DontDrawTheFuckingHat = 0x800ca5a8
                0x8004e050                        continueFromMpPauseFix1 = 0x8004e050
                0x80141460                        continueFromMpPauseFix2 = 0x80141460
                0x80141164                        continueFromMpPauseFix3 = 0x80141164
                0x800fc9c0                        CheckIfSinglePlayer = 0x800fc9c0
                0x800e587c                        TextWriterCrapContinue = 0x800e587c
                0x80926b20                        StockWMInit_LoadEffects__FPv = 0x80926b20
                0x80093520                        CleanUpEffectThings__Fv = 0x80093520
                0x800934d0                        FreeEffects__Fi = 0x800934d0
                0x80093170                        FreeBreff__Fi = 0x80093170
                0x800931b0                        FreeBreft__Fi = 0x800931b0
                0x80092e30                        __dt__18BGGMEffectRendererFv = 0x80092e30
                0x80311608                        __vt__18BGGMEffectRenderer = 0x80311608
                0x802dc9a0                        __construct_array = 0x802dc9a0
                0x800cdc60                        GetBMG__Fv = 0x800cdc60
                0x802d7860                        findStringForMessageID__Q23EGG6MsgResCFii = 0x802d7860
                0x800c9a60                        WriteBMGToTextBox__FPQ34nw4r3lyt7TextBoxPQ27dScript5Res_ciiie = 0x800c9a60
                0x800c9e80                        _Z26WriteParsedStringToTextBoxPN4nw4r3lyt7TextBoxEPKwiPA1_13__va_list_tagPN7dScript5Res_cE = 0x800c9e80
                0x800c9b00                        CheckForUSD1ShadowEntry__FPQ34nw4r3lyt7TextBox = 0x800c9b00
                0x802ac460                        GetExtUserDataNum__Q34nw4r3lyt4PaneCFv = 0x802ac460
                0x801643b0                        m2d__Anm_c__Load = 0x801643b0
                0x80163e60                        m2d__AnmResHandler_c__Load = 0x80163e60
                0x801446e0                        RealAcPyDtor = 0x801446e0
                0x808c5510                        RealWm2dPlayerDtor = 0x808c5510
                0x809028a0                        RealWmPlayerDtor = 0x809028a0
                0x8014b580                        RealYoshiDtor = 0x8014b580
                0x800b3be0                        InsertIntIntoTextBox1 = 0x800b3be0
                0x800b3b60                        WriteNumberToTextBox__FPiPCiPQ34nw4r3lyt7TextBoxb = 0x800b3b60
                0x800b3be0                        WriteNumberToTextBox__FPiPQ34nw4r3lyt7TextBoxb = 0x800b3be0
                0x80810490                        __ct__20daJrClownForPlayer_cFv = 0x80810490
                0x80810550                        __dt__20daJrClownForPlayer_cFv = 0x80810550
                0x800a3600                        PClownCarExecute = 0x800a3600
                0x800951d0                        PClownCarAfterCreate = 0x800951d0
                0x80810ba0                        PClownCarDraw = 0x80810ba0
                0x80811e80                        PClownCarMove = 0x80811e80
                0x80812114                        ContinueFromClownCarDetectAdjacent = 0x80812114
                0x8042e2d0                        sAllocatorFunc__FrmHeap = 0x8042e2d0
                0x8005ffb0                        GetActivePlayerCount = 0x8005ffb0
                0x8005ffb0                        GetCountofActivePlayers = 0x8005ffb0
                0x8005fef0                        GetActiveLivingPlayerCount = 0x8005fef0
                0x80082240                        getEffectiveScreenLeft__19ClassWithCameraInfoFv = 0x80082240
                0x80429e00                        instance__19ClassWithCameraInfo = 0x80429e00
                0x8005b5d0                        BowserExitDemoState = 0x8005b5d0
                0x807cce20                        MagicEnd = 0x807cce20
                0x80804690                        KeyLoopSet = 0x80804690
                0x809b2900                        BigHanaPlayer = 0x809b2900
                0x809b2b10                        BigHanaYoshi = 0x809b2b10
                0x809b2dc0                        BigHanaWeirdGP = 0x809b2dc0
                0x809b2d30                        BigHanaGroundPound = 0x809b2d30
                0x809b3a90                        BigHanaFireball = 0x809b3a90
                0x809b3a60                        BigHanaIceball = 0x809b3a60
                0x801460f0                        dAcPy_vf3F4 = 0x801460f0
                0x801461d0                        dAcPy_vf3F8 = 0x801461d0
                0x801468d0                        dAcPy_vf3FC = 0x801468d0
                0x80047390                        dAcPy_vf294 = 0x80047390
                0x809ddbc0                        Cloud_death_execute = 0x809ddbc0
                0x809dfd80                        Cloud_execute = 0x809dfd80
                0x8042a368                        GlobalTickCount = 0x8042a368
                0x8005f900                        GetSpecificPlayerActor = 0x8005f900
                0x80162d00                        Actor_SearchByID = 0x80162d00
                0x80429cfa                        TimeStopFlag = 0x80429cfa
                0x800e39c8                        TimerBranch = 0x800e39c8
                0x8042b864                        MarioDescentRate = 0x8042b864
                0x802f561c                        MarioJumpArc = 0x802f561c
                0x8042b848                        MarioJumpMax = 0x8042b848
                0x802f5664                        MiniMarioJumpArc = 0x802f5664
                0x8042b874                        MarioSize = 0x8042b874
                0x80064540                        AlwaysDrawFlag = 0x80064540
                0x80064544                        AlwaysDrawBranch = 0x80064544
                0x800b2ee0                        GenerateRandomNumber = 0x800b2ee0
                0x800ce8c0                        OneofManySoundPlayers = 0x800ce8c0
                0x80b12ac8                        BombSleepState = 0x80b12ac8
                0x800a0b08                        NoFreezie = 0x800a0b08
                0x8042a070                        GameTimer = 0x8042a070
                0x80d25c38                        GameTimerB = 0x80d25c38
                0x800e1e60                        DoSceneChange__FUsUiUi = 0x800e1e60
                0x80237ba0                        FrSqrt__Q24nw4r4mathFf = 0x80237ba0
                0x80237bd0                        SinFIdx__Q24nw4r4mathFf = 0x80237bd0
                0x80237c40                        CosFIdx__Q24nw4r4mathFf = 0x80237c40
                0x80237ca0                        SinCosFIdx__Q24nw4r4mathFPfPff = 0x80237ca0
                0x8042a44c                        archiveHeap__5mHeap = 0x8042a44c
                0x8042a450                        commandHeap__5mHeap = 0x8042a450
                0x8042a454                        dylinkHeap__5mHeap = 0x8042a454
                0x8042a458                        assertHeap__5mHeap = 0x8042a458
                0x80377c48                        gameHeaps__5mHeap = 0x80377c48
                0x800db180                        init__18StandOnTopColliderFP13dStageActor_cfffffsUcP7Point2d = 0x800db180
                0x800db130                        __ct__18StandOnTopColliderFv = 0x800db130
                0x80044400                        __dt__18StandOnTopColliderFv = 0x80044400
                0x800db2f0                        _ZN18StandOnTopCollider6updateEv = 0x800db2f0
                0x800dae00                        __dt__13BasicColliderFv = 0x800dae00
                0x8042a01c                        globalListHead__13BasicCollider = 0x8042a01c
                0x800dae80                        addToList__13BasicColliderFv = 0x800dae80
                0x800daed0                        removeFromList__13BasicColliderFv = 0x800daed0
                0x800db450                        __ct__21RideableActorColliderFv = 0x800db450
                0x800db4a0                        init__21RideableActorColliderFP13dStageActor_cP7Point2dP7Point2d = 0x800db4a0
                0x800db530                        init__21RideableActorColliderFP13dStageActor_cffff = 0x800db530
                0x800db590                        setPosition__21RideableActorColliderFP7Point2dP7Point2d = 0x800db590
                0x800db5f0                        setPosition__21RideableActorColliderFffff = 0x800db5f0
                0x800bc6b0                        drawWithMatrix__21SomethingAboutShroomsFfP4mMtx = 0x800bc6b0
                0x8087f8e0                        original_onCreate__13daObjKinoko_cFv = 0x8087f8e0
                0x80429e98                        instance__13dCourseFull_c = 0x80429e98
                0x8008e890                        getRectByID__9dCourse_cFUcP5mRect = 0x8008e890
                0x8008e3d0                        getNextGotoByID__9dCourse_cFUc = 0x8008e3d0
                0x80057820                        modifyPlayerPropertiesWithRollingObject = 0x80057820
                0x80a582e0                        EN_LandbarrelPlayerCollision = 0x80a582e0
                0x80429d48                        instance__16dStageActorMgr_c = 0x80429d48
                0x807db430                        StartBGMMusic = 0x807db430
                0x807db440                        StopBGMMusic = 0x807db440
                0x80429f10                        instance__11dStage32C_c = 0x80429f10
                0x80429c94                        instance__7WLClass = 0x80429c94
                0x8005ca50                        disableDemoControl__7WLClassFb = 0x8005ca50
                0x8005c930                        demoControlAllPlayers__7WLClassFv = 0x8005c930
                0x800d8c60                        ShakeScreen = 0x800d8c60
                0x8042a008                        StageScreen = 0x8042a008
                0x80137510                        stunPlayer = 0x80137510
                0x80137650                        unstunPlayer = 0x80137650
                0x80064680                        createChild__13dStageActor_cFUsP13dStageActor_cUiP7Point3dP6S16VecUc = 0x80064680
                0x8001cdb0                        GameMgrBossEndFunc = 0x8001cdb0
                0x807c7f60                        MakeMarioEnterDemoMode = 0x807c7f60
                0x8005ca50                        MakeMarioExitDemoMode = 0x8005ca50
                0x8005ca50                        ForceMarioExitDemoMode = 0x8005ca50
                0x80052170                        ResetPlayerState = 0x80052170
                0x8001cdb0                        UpdateGameMgr = 0x8001cdb0
                0x80056cb0                        UnsetShit = 0x80056cb0
                0x80999c44                        StateID_DemoSt2__12daKameckDemo = 0x80999c44
                0x80999c84                        StateID_DemoSt__12daKameckDemo = 0x80999c84
                0x80999cc4                        StateID_DemoWait__12daKameckDemo = 0x80999cc4
                0x80b8bfec                        StateID_Fall__13daBossKoopa_c = 0x80b8bfec
                0x8099cfcc                        StateID_DemoWait__9daNeedles = 0x8099cfcc
                0x8099d010                        StateID_DemoAwake__9daNeedles = 0x8099d010
                0x8099d050                        StateID_Idle__9daNeedles = 0x8099d050
                0x8099d090                        StateID_Die__9daNeedles = 0x8099d090
                0x8035421c                        StateID_None__7dPlayer = 0x8035421c
                0x8035425c                        StateID_Walk__7dPlayer = 0x8035425c
                0x8035429c                        StateID_Jump__7dPlayer = 0x8035429c
                0x8035469c                        StateID_DemoNone__7dPlayer = 0x8035469c
                0x8035471c                        StateID_DemoWait__7dPlayer = 0x8035471c
                0x80354adc                        StateID_DemoGoal__7dPlayer = 0x80354adc
                0x80354b1c                        StateID_DemoControl__7dPlayer = 0x80354b1c
                0x808a94d0                        PlayWrenchSound = 0x808a94d0
                0x8042a100                        WaterManager = 0x8042a100
                0x800eb930                        CheckforLiquid = 0x800eb930
                0x80b7e880                        BowserFireballCollision = 0x80b7e880
                0x80b3f240                        BowserDamageAnmClr = 0x80b3f240
                0x80b1f910                        BowserDamageStepTwo = 0x80b1f910
                0x80b1f930                        BowserDamageNormal = 0x80b1f930
                0x80098d80                        BowserDamageKill = 0x80098d80
                0x80b3f570                        BowserDamageEnd = 0x80b3f570
                0x8008c3e0                        ActivePhysics_InitWithStruct = 0x8008c3e0
                0x8008c330                        ActivePhysics_AddToList = 0x8008c330
                0x8008c200                        __ct__13ActivePhysicsFv = 0x8008c200
                0x8008c260                        __dt__13ActivePhysicsFv = 0x8008c260
                0x8006cd90                        HandleXSpeed = 0x8006cd90
                0x8006cde0                        HandleYSpeed = 0x8006cde0
                0x8006cd40                        UpdateObjectPosBasedOnSpeedValues_real = 0x8006cd40
                0x80096240                        dSprite_c__getXDirectionOfFurthestPlayerRelativeToVEC3 = 0x80096240
                0x80064740                        CalculateDistanceFromActorsNextPosToFurthestPlayer = 0x80064740
                0x800955f0                        doSpriteMovement = 0x800955f0
                0x80429ee8                        instance__17dEffectBreakMgr_c = 0x80429ee8
                0x800925f0                        spawnTile__17dEffectBreakMgr_cFP7Point3dUic = 0x800925f0
                0x80070cb0                        CollidedWithTile = 0x80070cb0
                0x80096e60                        SomeStrangeModification = 0x80096e60
                0x8006ced0                        Actor_GetVec3WithValuesAdded = 0x8006ced0
                0x8006a4b0                        ConvertStagePositionIntoScreenPosition__Maybe = 0x8006a4b0
                0x80197f00                        AnotherSoundRelatedFunction = 0x80197f00
                0x80198fc0                        YetAnotherSoundPlayer = 0x80198fc0
                0x80196600                        CheckIfPlayingSound = 0x80196600
                0x80105240                        RelatedToPlayingSoundsAlongsideAnims = 0x80105240
                0x8042a488                        SoundRelatedClass = 0x8042a488
                0x80195380                        MapSoundPlayer = 0x80195380
                0x80195090                        PlaySoundWithFunctionB4 = 0x80195090
                0x8006a4b0                        ConvertStagePositionToScreenPosition__FP7Point2dP7Point3d = 0x8006a4b0
                0x80198c30                        PlaySoundAtPosition__17SoundPlayingClassFiP7Point2dUi = 0x80198c30
                0x80429d60                        instance2__17SoundPlayingClass = 0x80429d60
                0x80102260                        ExitStage__Fiiii = 0x80102260
                0x80102264                        ExitStageRealRest = 0x80102264
                0x8042900c                        LastPowerupStoreType = 0x8042900c
                0x8016f150                        zero__4mMtxFv = 0x8016f150
                0x8016ebf0                        rotationX__4mMtxFPs = 0x8016ebf0
                0x8016ecb0                        applyRotationX__4mMtxFPs = 0x8016ecb0
                0x8016ed10                        rotationY__4mMtxFPs = 0x8016ed10
                0x8016edd0                        applyRotationY__4mMtxFPs = 0x8016edd0
                0x8016ee30                        rotationZ__4mMtxFPs = 0x8016ee30
                0x8016eef0                        applyRotationZ__4mMtxFPs = 0x8016eef0
                0x8016ef50                        applyRotationYXZ__4mMtxFPsPsPs = 0x8016ef50
                0x8016efd0                        applyRotationZYX__4mMtxFPsPsPs = 0x8016efd0
                0x802dcca8                        _savefpr_14 = 0x802dcca8
                0x802dccac                        _savefpr_15 = 0x802dccac
                0x802dccb0                        _savefpr_16 = 0x802dccb0
                0x802dccb4                        _savefpr_17 = 0x802dccb4
                0x802dccb8                        _savefpr_18 = 0x802dccb8
                0x802dccbc                        _savefpr_19 = 0x802dccbc
                0x802dccc0                        _savefpr_20 = 0x802dccc0
                0x802dccc4                        _savefpr_21 = 0x802dccc4
                0x802dccc8                        _savefpr_22 = 0x802dccc8
                0x802dcccc                        _savefpr_23 = 0x802dcccc
                0x802dccd0                        _savefpr_24 = 0x802dccd0
                0x802dccd4                        _savefpr_25 = 0x802dccd4
                0x802dccd8                        _savefpr_26 = 0x802dccd8
                0x802dccdc                        _savefpr_27 = 0x802dccdc
                0x802dcce0                        _savefpr_28 = 0x802dcce0
                0x802dcce4                        _savefpr_29 = 0x802dcce4
                0x802dcce8                        _savefpr_30 = 0x802dcce8
                0x802dccec                        _savefpr_31 = 0x802dccec
                0x802dccf4                        _restfpr_14 = 0x802dccf4
                0x802dccf8                        _restfpr_15 = 0x802dccf8
                0x802dccfc                        _restfpr_16 = 0x802dccfc
                0x802dcd00                        _restfpr_17 = 0x802dcd00
                0x802dcd04                        _restfpr_18 = 0x802dcd04
                0x802dcd08                        _restfpr_19 = 0x802dcd08
                0x802dcd0c                        _restfpr_20 = 0x802dcd0c
                0x802dcd10                        _restfpr_21 = 0x802dcd10
                0x802dcd14                        _restfpr_22 = 0x802dcd14
                0x802dcd18                        _restfpr_23 = 0x802dcd18
                0x802dcd1c                        _restfpr_24 = 0x802dcd1c
                0x802dcd20                        _restfpr_25 = 0x802dcd20
                0x802dcd24                        _restfpr_26 = 0x802dcd24
                0x802dcd28                        _restfpr_27 = 0x802dcd28
                0x802dcd2c                        _restfpr_28 = 0x802dcd2c
                0x802dcd30                        _restfpr_29 = 0x802dcd30
                0x802dcd34                        _restfpr_30 = 0x802dcd34
                0x802dcd38                        _restfpr_31 = 0x802dcd38
                0x802dcd40                        _savegpr_14 = 0x802dcd40
                0x802dcd44                        _savegpr_15 = 0x802dcd44
                0x802dcd48                        _savegpr_16 = 0x802dcd48
                0x802dcd4c                        _savegpr_17 = 0x802dcd4c
                0x802dcd50                        _savegpr_18 = 0x802dcd50
                0x802dcd54                        _savegpr_19 = 0x802dcd54
                0x802dcd58                        _savegpr_20 = 0x802dcd58
                0x802dcd5c                        _savegpr_21 = 0x802dcd5c
                0x802dcd60                        _savegpr_22 = 0x802dcd60
                0x802dcd64                        _savegpr_23 = 0x802dcd64
                0x802dcd68                        _savegpr_24 = 0x802dcd68
                0x802dcd6c                        _savegpr_25 = 0x802dcd6c
                0x802dcd70                        _savegpr_26 = 0x802dcd70
                0x802dcd74                        _savegpr_27 = 0x802dcd74
                0x802dcd78                        _savegpr_28 = 0x802dcd78
                0x802dcd7c                        _savegpr_29 = 0x802dcd7c
                0x802dcd80                        _savegpr_30 = 0x802dcd80
                0x802dcd84                        _savegpr_31 = 0x802dcd84
                0x802dcd8c                        _restgpr_14 = 0x802dcd8c
                0x802dcd90                        _restgpr_15 = 0x802dcd90
                0x802dcd94                        _restgpr_16 = 0x802dcd94
                0x802dcd98                        _restgpr_17 = 0x802dcd98
                0x802dcd9c                        _restgpr_18 = 0x802dcd9c
                0x802dcda0                        _restgpr_19 = 0x802dcda0
                0x802dcda4                        _restgpr_20 = 0x802dcda4
                0x802dcda8                        _restgpr_21 = 0x802dcda8
                0x802dcdac                        _restgpr_22 = 0x802dcdac
                0x802dcdb0                        _restgpr_23 = 0x802dcdb0
                0x802dcdb4                        _restgpr_24 = 0x802dcdb4
                0x802dcdb8                        _restgpr_25 = 0x802dcdb8
                0x802dcdbc                        _restgpr_26 = 0x802dcdbc
                0x802dcdc0                        _restgpr_27 = 0x802dcdc0
                0x802dcdc4                        _restgpr_28 = 0x802dcdc4
                0x802dcdc8                        _restgpr_29 = 0x802dcdc8
                0x802dcdcc                        _restgpr_30 = 0x802dcdcc
                0x802dcdd0                        _restgpr_31 = 0x802dcdd0
                0x802dd1ec                        __shl2i = 0x802dd1ec
                0x802b9210                        __nw__FUl = 0x802b9210
                0x802b9280                        __dl__FPv = 0x802b9280
                0x802b9290                        __dla__FPv = 0x802b9290
                0x802dc7e0                        __construct_new_array = 0x802dc7e0
                0x802dcb10                        __destroy_new_array = 0x802dcb10
                0x802dca98                        __destroy_arr = 0x802dca98
                0x80024c20                        sub_80024C20 = 0x80024c20
                0x802dc780                        __register_global_object = 0x802dc780
                0x802dcbfc                        __ptmf_scall = 0x802dcbfc
                0x8015f600                        setup__13FunctionChainFPPFPv_bUs = 0x8015f600
                0x8006cf40                        __ct__14collisionMgr_c = 0x8006cf40
                0x8006cf40                        __dt__14collisionMgr_c = 0x8006cf40
                0x8006cfe0                        clear1__14collisionMgr_cFv = 0x8006cfe0
                0x8006d000                        clear2__14collisionMgr_cFv = 0x8006d000
                0x8006d090                        init__14collisionMgr_cFP13dStageActor_cPC12sensorBase_sPC12sensorBase_sPC12sensorBase_s = 0x8006d090
                0x8006d440                        Clear3__14collisionMgr_cFv = 0x8006d440
                0x8006db30                        calculateBelowCollision__14collisionMgr_cFv = 0x8006db30
                0x80070cb0                        isOnTopOfTile__14collisionMgr_cCFv = 0x80070cb0
                0x8006ef40                        calculateAboveCollision__14collisionMgr_cFUi = 0x8006ef40
                0x80072bc0                        calculateBelowCollisionWithSmokeEffect__14collisionMgr_cFv = 0x80072bc0
                0x8006fa40                        calculateAdjacentCollision__14collisionMgr_cFPf = 0x8006fa40
                0x80070760                        s_80070760__14collisionMgr_cFv = 0x80070760
                0x800707e0                        s_800707E0__14collisionMgr_cFv = 0x800707e0
                0x80070ba0                        getTileBehaviour1At__14collisionMgr_cFffUc = 0x80070ba0
                0x80070c40                        getTileBehaviour1At__14collisionMgr_cFUsUsUc = 0x80070c40
                0x80070bf0                        getTileBehaviour2At__14collisionMgr_cFffUc = 0x80070bf0
                0x80070c60                        getTileBehaviour2At__14collisionMgr_cFUsUsUc = 0x80070c60
                0x80070720                        getBelowSubType__14collisionMgr_c = 0x80070720
                0x80070720                        _ZN14collisionMgr_c15getBelowSubTypeEv = 0x80070720
                0x800b8440                        __ct_11freezeMgr_c = 0x800b8440
                0x800b84e0                        __dt__11freezeMgr_cFv = 0x800b84e0
                0x800b8550                        doSomethingCool1__11freezeMgr_c = 0x800b8550
                0x800b8620                        doSomethingCool2__11freezeMgr_c = 0x800b8620
                0x800b86f0                        setSomething__11freezeMgr_cFUiUiUi = 0x800b86f0
                0x800b8700                        Create_ICEACTORs__11freezeMgr_cFPvi = 0x800b8700
                0x800b8850                        Delete_ICEACTORs__11freezeMgr_c = 0x800b8850
                0x800b88d0                        SetIceTimer_pt1__11freezeMgr_c = 0x800b88d0
                0x800b8930                        SetIceTimer_pt2__11freezeMgr_c = 0x800b8930
                0x800b89b0                        CheckIceTimer_lte_Value__11freezeMgr_c = 0x800b89b0
                0x800b8a20                        doSomethingCool3__11freezeMgr_c = 0x800b8a20
                0x800b8ab0                        doSomethingCool4__11freezeMgr_c = 0x800b8ab0
                0x800b8b30                        doSomethingCool5__11freezeMgr_c = 0x800b8b30
                0x800b8bb0                        doSomethingCool6__11freezeMgr_c = 0x800b8bb0
                0x800b8c30                        DoMeltNormal__11freezeMgr_c = 0x800b8c30
                0x800b8cf0                        doSomethingCool7__11freezeMgr_c = 0x800b8cf0
                0x800b8ee0                        CheckCountdownTimer__11freezeMgr_c = 0x800b8ee0
                0x80329410                        __vt__7fBase_c = 0x80329410
                0x80161d80                        onCreate__7fBase_cFv = 0x80161d80
                0x80161e30                        onDelete__7fBase_cFv = 0x80161e30
                0x801620d0                        onExecute__7fBase_cFv = 0x801620d0
                0x801622d0                        willBeDeleted__7fBase_cFv = 0x801622d0
                0x801625f0                        moreHeapShit__7fBase_cFUiPv = 0x801625f0
                0x801627f0                        createHeap__7fBase_cFUiPv = 0x801627f0
                0x801628b0                        heapCreated__7fBase_cFv = 0x801628b0
                0x80162510                        Delete__7fBase_cFv = 0x80162510
                0x801629b0                        findNextUninitialisedProcess__7fBase_cFv = 0x801629b0
                0x80162a20                        hasUninitialisedProcesses__7fBase_cFv = 0x80162a20
                0x801621d0                        onDraw__7fBase_cFv = 0x801621d0
                0x80162510                        _Z15fBase_c__DeletePv = 0x80162510
                0x80162510                        fBase_c__Delete__FPv = 0x80162510
                0x80317860                        __vt__15StageActorLight = 0x80317860
                0x800cca80                        init__15StageActorLightFPvi = 0x800cca80
                0x800ccb40                        update__15StageActorLight = 0x800ccb40
                0x800ccbf0                        draw__15StageActorLight = 0x800ccbf0
                0x800ccbf0                        _ZN15StageActorLight6updateEv = 0x800ccbf0
                0x800ccbf0                        _ZN15StageActorLight4drawEv = 0x800ccbf0
                0x800414a0                        __dt__15StageActorLight = 0x800414a0
                0x8006c660                        GetExplanationString__7dBase_cFv = 0x8006c660
                0x80301ea8                        __vt__15daEnBlockMain_c = 0x80301ea8
                0x80023340                        __dt__15daEnBlockMain_cFv = 0x80023340
                0x80022e80                        calledWhenUpMoveBegins__15daEnBlockMain_cFv = 0x80022e80
                0x80022f60                        calledWhenDownMoveBegins__15daEnBlockMain_cFv = 0x80022f60
                0x80022f30                        calledWhenUpMoveExecutes__15daEnBlockMain_cFv = 0x80022f30
                0x800231a0                        calledWhenUpMoveDiffExecutes__15daEnBlockMain_cFv = 0x800231a0
                0x80023010                        calledWhenDownMoveExecutes__15daEnBlockMain_cFv = 0x80023010
                0x80023080                        calledWhenDownMoveEndExecutes__15daEnBlockMain_cFv = 0x80023080
                0x800232c0                        calledWhenDownMoveDiffExecutes__15daEnBlockMain_cFv = 0x800232c0
                0x80023330                        calledWhenDownMoveDiffEndExecutes__15daEnBlockMain_cFv = 0x80023330
                0x80022dc0                        updateScale__15daEnBlockMain_cFb = 0x80022dc0
                0x80022e60                        upMove_Begin__15daEnBlockMain_cFv = 0x80022e60
                0x80022ea0                        upMove_Execute__15daEnBlockMain_cFv = 0x80022ea0
                0x80022e90                        upMove_End__15daEnBlockMain_cFv = 0x80022e90
                0x80022f40                        downMove_Begin__15daEnBlockMain_cFv = 0x80022f40
                0x80022f80                        downMove_Execute__15daEnBlockMain_cFv = 0x80022f80
                0x80022f70                        downMove_End__15daEnBlockMain_cFv = 0x80022f70
                0x80023020                        downMoveEnd_Begin__15daEnBlockMain_cFv = 0x80023020
                0x80023040                        downMoveEnd_Execute__15daEnBlockMain_cFv = 0x80023040
                0x80023030                        downMoveEnd_End__15daEnBlockMain_cFv = 0x80023030
                0x80023090                        upMove_Diff_Begin__15daEnBlockMain_cFv = 0x80023090
                0x800230d0                        upMove_Diff_Execute__15daEnBlockMain_cFv = 0x800230d0
                0x800230c0                        upMove_Diff_End__15daEnBlockMain_cFv = 0x800230c0
                0x800231b0                        downMove_Diff_Begin__15daEnBlockMain_cFv = 0x800231b0
                0x800231f0                        downMove_Diff_Execute__15daEnBlockMain_cFv = 0x800231f0
                0x800231e0                        downMove_Diff_End__15daEnBlockMain_cFv = 0x800231e0
                0x800232d0                        downMove_DiffEnd_Begin__15daEnBlockMain_cFv = 0x800232d0
                0x800232f0                        downMove_DiffEnd_Execute__15daEnBlockMain_cFv = 0x800232f0
                0x800232e0                        downMove_DiffEnd_End__15daEnBlockMain_cFv = 0x800232e0
                0x80021690                        blockInit__15daEnBlockMain_cFf = 0x80021690
                0x800217b0                        blockUpdate__15daEnBlockMain_cFv = 0x800217b0
                0x800212c0                        blockResult__15daEnBlockMain_cFv = 0x800212c0
                0x80021180                        PhysicsCallback1__15daEnBlockMain_c = 0x80021180
                0x80021170                        PhysicsCallback2__15daEnBlockMain_c = 0x80021170
                0x800211a0                        PhysicsCallback3__15daEnBlockMain_c = 0x800211a0
                0x80020bf0                        OPhysicsCallback1__15daEnBlockMain_c = 0x80020bf0
                0x80020e70                        OPhysicsCallback2__15daEnBlockMain_c = 0x80020e70
                0x80021010                        OPhysicsCallback3__15daEnBlockMain_c = 0x80021010
                0x80352a34                        StateID_UpMove__15daEnBlockMain_c = 0x80352a34
                0x80352a74                        StateID_DownMove__15daEnBlockMain_c = 0x80352a74
                0x80352ab4                        StateID_DownMoveEnd__15daEnBlockMain_c = 0x80352ab4
                0x80352af4                        StateID_UpMove_Diff__15daEnBlockMain_c = 0x80352af4
                0x80352b34                        StateID_DownMove_Diff__15daEnBlockMain_c = 0x80352b34
                0x80352b74                        StateID_DownMove_DiffEnd__15daEnBlockMain_c = 0x80352b74
                0x80094e80                        __ct__5dEn_cFv = 0x80094e80
                0x80095130                        __dt__5dEn_cFv = 0x80095130
                0x80097050                        sub_80097050__5dEn_cFv = 0x80097050
                0x80096f60                        manageBelowCollision__5dEn_cFv = 0x80096f60
[...]
                0x0007ad26                .dwarf.0007.__vt__19dState_c<8daWrench>
                0x0007ad71                .dwarf.0007.__vt__22dState_c<10daBalboa_c>
                0x0007adbf                .dwarf.0007.__vt__22dState_c<10daRamboo_c>
                0x0007ae0d                .dwarf.0007.__vt__27dState_c<15daEnMegaDosun_c>
                0x0007ae60                .dwarf.0007.__vt__25dState_c<13daFuzzyBear_c>
                0x0007aeb1                .dwarf.0007.__vt__26dState_c<14daMegaGoomba_c>
                0x0007af03                .dwarf.0007.__vt__19dState_c<8daTopman>
                0x0007af4e                .dwarf.0007.__vt__26dState_c<14daEnMsgBlock_c>
                0x0007afa0                .dwarf.0007.__vt__28dState_c<16daEnEventBlock_c>
                0x0007aff4                .dwarf.0007.__vt__28dState_c<16dMsgBoxManager_c>
                0x0007b048                .dwarf.0007.__vt__25dState_c<13daFireLaser_c>
                0x0007b099                .dwarf.0007.__vt__20dState_c<9daMrSun_c>
                0x0007b0e5                .dwarf.0007.__vt__27dState_c<15daEnFlipBlock_c>
                0x0007b138                .dwarf.0007.__vt__26dState_c<14daEnChestnut_c>
                0x0007b18a                .dwarf.0007.__vt__24dState_c<12dEndingMgr_c>
                0x0007b468                .dwarf.0002.dState_c<17dCollectionCoin_c>::dState_c
                0x0007b559                .dwarf.0007.StateID_ExitAnimeEndWait__17dCollectionCoin_c
                0x0007b5bf                .dwarf.0007.isReplayEnabled
                0x0007b5ea                .dwarf.0007.enableHardMode
                0x0007b626                .dwarf.0007.__vt__15StageActorLight
                0x0007b71a                .dwarf.0002.daNeedles::daNeedles
                0x0007ba5b                .dwarf.0002.dState_c<9daNeedles>::dState_c
                0x0007bb4c                .dwarf.0007.StateID_Die__9daNeedles
                0x0007bb8f                .dwarf.0007.StateID_Idle__9daNeedles
                0x0007bbd4                .dwarf.0007.StateID_DemoWait__9daNeedles
                0x0007bec1                .dwarf.0002.dState_c<5dEn_c>::dState_c
                0x0007bfb2                .dwarf.0007.StateID_DieSmoke__5dEn_c
                0x0007c29b                .dwarf.0002.dState_c<13daBossKoopa_c>::dState_c
                0x0007c38c                .dwarf.0007.StateID_Fall__13daBossKoopa_c
                0x0007c3d6                .dwarf.0007.sAllocatorFunc__FrmHeap
                0x0007c5ec                .dwarf.0002.dStateBase_c::dStateBase_c
                0x0007c6c0                .dwarf.0007.ClownDemoWaitState
                0x0007c6f0                .dwarf.0007.JrClownDemoWaitState
                0x0007c722                .dwarf.0007.RESTART_CRSIN_LevelStartStruct
                0x0007c75e                .dwarf.0007.JrClownEndDemoState
                0x0007c7bd                .dwarf.0013.dWaterInfo_s::dWaterInfo_s
                0x0007cc44                .dwarf.0002.dWaterManager_c::dWaterManager_c
                0x0007ccdb                .dwarf.0007.instance__15dWaterManager_c
                0x0007cd42                .dwarf.0007.Player_Active
                0x0007cd7f                .dwarf.0007.__vt__Q23mEf3es2
                0x0007cdbf                .dwarf.0007.__vt__Q23mEf8effect_c
                0x0007ce04                .dwarf.0007.__vt__Q23m3d11anmTexSrt_c
                0x0007ce4d                .dwarf.0007.__vt__Q23m3d6banm_c
                0x0007ce7e                .dwarf.0007.ScreenPositionClass
                0x0007cebf                .dwarf.0007.__vt__Q23m3d8anmVis_c
                0x0007cef2                .dwarf.0007.StageScreen
                0x0007cf19                .dwarf.0007.StateID_DieOther__5dEn_c
                0x0007cf62                .dwarf.0007.EnemyBounceValue
                0x0007d019                .dwarf.0002.StageC4::StageC4
                0x0007d221                .dwarf.0007.instance__7StageC4
                0x0007d25f                .dwarf.0007.MessageBoxIsShowing
                0x0007d28e                .dwarf.0007.BGDatClass
                0x0007d302                .dwarf.0013.dBgActorManager_c::dBgActorManager_c
                0x0007d3ea                .dwarf.0007.dBgActorManager
                0x0007d41a                .dwarf.0007.BgActorDefs
                0x0007d494                .dwarf.0013.BG_GM_hax::BG_GM_hax
                0x0007d57b                .dwarf.0007.BG_GM_ptr
                0x0007d61c                .dwarf.0002.SoundPlayingClass::SoundPlayingClass
                0x0007d6a9                .dwarf.0007.instance2__17SoundPlayingClass
                0x0007d770                .dwarf.0002.dEffectBreakBase_c::dEffectBreakBase_c
                0x0007d904                .dwarf.0002.dEffectBreakMgr_c::dEffectBreakMgr_c
                0x0007d94e                .dwarf.0007.instance__17dEffectBreakMgr_c
                0x0007dc15                .dwarf.0002.BGDatClass::BGDatClass
                0x0007dd84                .dwarf.0007.instance__10BGDatClass
                0x0007e066                .dwarf.0002.dState_c<14daEnGakeNoko_c>::dState_c
                0x0007e157                .dwarf.0007.StateID_FoolMove__14daEnGakeNoko_c
                0x0007e1aa                .dwarf.0007.StateID_Move__14daEnGakeNoko_c
                0x0007e215                .dwarf.0007.gameHeaps__5mHeap
                0x0007e250                .dwarf.0007.StateID_DieFall__5dEn_c
                0x0007e297                .dwarf.0007.BGScaleBack
                0x0007e2c0                .dwarf.0007.BGScaleFront
                0x0007e2ea                .dwarf.0007.GameTimer
                0x0007e32f                .dwarf.0007.Player_Flags
                0x0007e359                .dwarf.0007.BGScaleEnabled
                0x0007e383                .dwarf.0007.GlobalStarsCollected
                0x0007e3b3                .dwarf.0007.ZOrderOn
                0x0007e3d7                .dwarf.0007.AlwaysDrawBranch
                0x0007e403                .dwarf.0007.AlwaysDrawFlag
                0x0007e42d                .dwarf.0007.SizerOn
                0x0007e450                .dwarf.0007.GlobalRiderSize
                0x0007e47b                .dwarf.0007.GlobalSpriteSpeed
                0x0007e4a8                .dwarf.0007.GlobalSpriteSize
                0x0007e4d4                .dwarf.0007.MiniMarioJumpArc
                0x0007e500                .dwarf.0007.MarioJumpArc
                0x0007e528                .dwarf.0007.MarioJumpMax
                0x0007e550                .dwarf.0007.MarioDescentRate
                0x0007e57c                .dwarf.0007.ArchiveHeap
                0x0007e5a3                .dwarf.0007.GameFlag
                0x0007e5c7                .dwarf.0007.CurrentLevel
                0x0007e5ef                .dwarf.0007.CurrentWorld
                0x0007e8b7                .dwarf.0002.dState_c<12daKameckDemo>::dState_c
                0x0007e9a8                .dwarf.0007.StateID_DemoSt2__12daKameckDemo
                0x0007e9f7                .dwarf.0007.StateID_DemoSt__12daKameckDemo
                0x0007ea44                .dwarf.0007.StateID_DemoWait__12daKameckDemo
                0x0007eb63                .dwarf.0002.dStage32C_c::dStage32C_c
                0x0007efac                .dwarf.0007.instance__11dStage32C_c
                0x0007f3d6                .dwarf.0002.dFlagMgr_c::dFlagMgr_c
                0x0007f5a9                .dwarf.0007.instance__10dFlagMgr_c
                0x0007f88b                .dwarf.0002.dState_c<15daEnBlockMain_c>::dState_c
                0x0007f97c                .dwarf.0007.StateID_DownMove__15daEnBlockMain_c
                0x0007f9d0                .dwarf.0007.StateID_UpMove__15daEnBlockMain_c
                0x0007fa32                .dwarf.0007.__vt__15daEnBlockMain_c
                0x0007fa67                .dwarf.0007.PhysicsCallback3__15daEnBlockMain_c
                0x0007fab9                .dwarf.0007.PhysicsCallback2__15daEnBlockMain_c
                0x0007fb0b                .dwarf.0007.PhysicsCallback1__15daEnBlockMain_c
                0x0007fb5d                .dwarf.0007.OPhysicsCallback3__15daEnBlockMain_c
                0x0007fbb1                .dwarf.0007.OPhysicsCallback2__15daEnBlockMain_c
                0x0007fc05                .dwarf.0007.OPhysicsCallback1__15daEnBlockMain_c
                0x0007fc6b                .dwarf.0007.__vt__Q23m3d8anmChr_c
                0x0007fc9e                .dwarf.0007.GameMgrP
                0x0007fcc7                .dwarf.0007.DontShowPreGame
                0x0007fcf2                .dwarf.0007.StateID_Thank__24daEnBossKoopaDemoPeach_c
                0x0007fd49                .dwarf.0007.StateID_Rescue__24daEnBossKoopaDemoPeach_c
                0x0007fda2                .dwarf.0007.StateID_Open__24daEnBossKoopaDemoPeach_c
                0x0007fdf7                .dwarf.0007._8042A788
                0x0007fe1c                .dwarf.0007.StateID_Turn__24daEnBossKoopaDemoPeach_c
                0x0007febf                .dwarf.0002.BalloonRelatedClass::BalloonRelatedClass
                0x0007ff53                .dwarf.0007.instance__19BalloonRelatedClass
                0x0008000c                .dwarf.0002.dStageActorMgr_c::dStageActorMgr_c
                0x0008027c                .dwarf.0007.instance__16dStageActorMgr_c
                0x00080346                .dwarf.0002.WLClass::WLClass
                0x00080419                .dwarf.0007.instance__7WLClass
                0x00080522                .dwarf.0002.StageE4::StageE4
                0x000805bb                .dwarf.0007.instance__7StageE4
                0x0008060b                .dwarf.0007.__vt__12daBossDemo_c
                0x0008063d                .dwarf.0007.CreditsModeActive
                0x0008068a                .dwarf.0007.Player_Lives
                0x000806b4                .dwarf.0007.HasBonusNoCap
                0x000806dd                .dwarf.0007.DanceValues_CreditsControl
                0x00080713                .dwarf.0007.DanceValues_Bahps
                0x00080740                .dwarf.0007.DanceValues_DummyBlockAndGrass
                0x0008077a                .dwarf.0007.DanceValues_AnimSpeed
                0x000807d9                .dwarf.0002.Stage80::Stage80
                0x00080af4                .dwarf.0007.instance__7Stage80
                0x00080b32                .dwarf.0007.instance__19ClassWithCameraInfo
                0x00080b9d                .dwarf.0007.Player_ID
                0x00080bc4                .dwarf.0007.lockedPlayerRotation
                0x00080d51                .dwarf.0002.dCourseFull_c::dCourseFull_c
                0x00080de2                .dwarf.0007.instance__13dCourseFull_c
                0x00080eb2                .dwarf.0013.Remocon::Remocon
                0x00081413                .dwarf.0013.RemoconMngClass::RemoconMngClass
                0x0008148e                .dwarf.0007.RemoconMng
                0x000814b9                .dwarf.0007.ActiveWiimoteID
                0x000814e4                .dwarf.0007.StagePtr
                0x00081508                .dwarf.0007.SoundRelatedClass
                0x00081535                .dwarf.0007.CameraLockPosition
                0x00081593                .dwarf.0013.BgGmBase::something_s::something_s
                0x000816bb                .dwarf.0013.BgGmBase::limitLineEntry_s::limitLineEntry_s
                0x00081a01                .dwarf.0013.BgGmBase::beets_s::beets_s
                0x00081c58                .dwarf.0002.BgGmBase::BgGmBase
                0x00081ecf                .dwarf.0002.dBgGm_c::dBgGm_c
                0x00081f39                .dwarf.0007.instance__7dBgGm_c
                0x00081f77                .dwarf.0007.DVDClass
                0x00081f9b                .dwarf.0007.CameraLockEnabled
                0x00081fc8                .dwarf.0007.isLockPlayerRotation
                0x00081ff8                .dwarf.0007.SaveFileInstance
                0x00082029                .dwarf.0007.isNewerCredits
                0x00082053                .dwarf.0007.globalListHead__13BasicCollider
                0x000820a4                .dwarf.0007.globalListHead__7Physics
                0x0008211c                .dwarf.0017._wgpipe::_wgpipe
                0x0008222f                .dwarf.0007.wgPipe
                0x00082253                .dwarf.0007.globalListHead__13ActivePhysics
                0x000822c4                .dwarf.0007.GameHeaps
                0x0008230f                .dwarf.0007.spriteFiles
                0x0008235b                .dwarf.0007.profileNames
                0x000823aa                .dwarf.0007.originalProfiles
                0x000823d8                .dwarf.0007.ObjectProfileList
                0x0008242d                .dwarf.0007.originalSprites
                0x0008252b                .dwarf.0006.sqrtf__Ff
                0x00082645                .dwarf.0006.__dt__Q34nw4r3snd11SoundHandleFv
                0x000826bb                .dwarf.0006.executeNextStateThisTick__36dStateWrapperBase_c<13dActorState_c>Fv
                0x00082769                .dwarf.0006.setState__36dStateWrapperBase_c<13dActorState_c>FP12dStateBase_c
                0x00082835                .dwarf.0006.getCurrentState__33dStateWrapperBase_c<10daPlBase_c>Fv
                0x000828d7                .dwarf.0006.__dt__35dStateWrapper_c<16dMsgBoxManager_c>Fv
                0x0008295a                .dwarf.0006.__dt__39dStateWrapperBase_c<16dMsgBoxManager_c>Fv
                0x000829e1                .dwarf.0006.execute__39dStateWrapperBase_c<16dMsgBoxManager_c>Fv
                0x00082a70                .dwarf.0006.setState__39dStateWrapperBase_c<16dMsgBoxManager_c>FP12dStateBase_c
                0x00082b3f                .dwarf.0006.__dt__29dStateWrapper_c<10dSingAlong>Fv
                0x00082bbc                .dwarf.0006.__dt__33dStateWrapperBase_c<10dSingAlong>Fv
                0x00082c3d                .dwarf.0006.setState__33dStateWrapperBase_c<10dSingAlong>FP12dStateBase_c
                0x00082d06                .dwarf.0006.execute__33dStateWrapperBase_c<10dSingAlong>Fv
                0x00082d8f                .dwarf.0006.setState__40dStateWrapperBase_c<17dCollectionCoin_c>FP12dStateBase_c
                0x00082e5f                .dwarf.0006.getPreviousState__39dStateWrapperBase_c<16dMsgBoxManager_c>Fv
                0x00082f09                .dwarf.0006.getCurrentState__39dStateWrapperBase_c<16dMsgBoxManager_c>Fv
                0x00082fb1                .dwarf.0006.getNextState__39dStateWrapperBase_c<16dMsgBoxManager_c>Fv
                0x00083053                .dwarf.0006.getCurrentStateMethodExecutor__39dStateWrapperBase_c<16dMsgBoxManager_c>Fv
                0x00083117                .dwarf.0006.executeNextStateThisTick__39dStateWrapperBase_c<16dMsgBoxManager_c>Fv
                0x000831c8                .dwarf.0006.endCurrentState__39dStateWrapperBase_c<16dMsgBoxManager_c>Fv
                0x00083267                .dwarf.0006.ensureStateHasBegun__39dStateWrapperBase_c<16dMsgBoxManager_c>Fv
                0x0008330e                .dwarf.0006.getPreviousState__33dStateWrapperBase_c<10dSingAlong>Fv
                0x000833b2                .dwarf.0006.getCurrentState__33dStateWrapperBase_c<10dSingAlong>Fv
                0x00083454                .dwarf.0006.getNextState__33dStateWrapperBase_c<10dSingAlong>Fv
                0x000834f0                .dwarf.0006.getCurrentStateMethodExecutor__33dStateWrapperBase_c<10dSingAlong>Fv
                0x000835ae                .dwarf.0006.executeNextStateThisTick__33dStateWrapperBase_c<10dSingAlong>Fv
                0x00083659                .dwarf.0006.endCurrentState__33dStateWrapperBase_c<10dSingAlong>Fv
                0x000836f2                .dwarf.0006.ensureStateHasBegun__33dStateWrapperBase_c<10dSingAlong>Fv
                0x00083793                .dwarf.0006.beginSomething__12daBossDemo_cFv
                0x000837e5                .dwarf.0006.endSomething__12daBossDemo_cFv
                0x00083833                .dwarf.0006.getIdOfOtherActor__12daBossDemo_cFv
                0x000838b9                .dwarf.0006.setIdOfOtherActor__12daBossDemo_cFi
                0x00083959                .dwarf.0006.vf128__12daBossDemo_cFv
                0x0008399d                .dwarf.0006.justReturnField3D4_decidesIfEndBattle__12daBossDemo_cFv
                0x00083a4b                .dwarf.0006.vf130__12daBossDemo_cFv
                0x00083a8f                .dwarf.0006.getActorPointerForSomething__12daBossDemo_cFv
                0x00083bd1                .dwarf.0006.executeNextStateThisTick__15dStateMgrBase_cFv
                0x00083c64                .dwarf.0006.getCurrentState__15dStateMgrBase_cFv
                0x00083cee                .dwarf.0006.__dt__11dStateMgr_cFv
                0x00083d59                .dwarf.0006.__dt__36dStateExecutor_c<16dMsgBoxManager_c>Fv
                0x00083ddd                .dwarf.0006.__dt__42dStateMethodExecutor_c<16dMsgBoxManager_c>Fv
                0x00083e67                .dwarf.0006.__dt__26dStateMethodExecutorBase_cFv
                0x00083ee1                .dwarf.0006.__dt__20dStateExecutorBase_cFv
                0x00083f55                .dwarf.0006.__dt__17dStatePointless_cFv
                0x00083fc6                .dwarf.0006.__dt__30dStateExecutor_c<10dSingAlong>Fv
                0x00084044                .dwarf.0006.__dt__36dStateMethodExecutor_c<10dSingAlong>Fv
                0x000840c8                .dwarf.0006.callEnd__42dStateMethodExecutor_c<16dMsgBoxManager_c>Fv
                0x00084154                .dwarf.0006.callExecute__42dStateMethodExecutor_c<16dMsgBoxManager_c>Fv
                0x000841e8                .dwarf.0006.callBegin__42dStateMethodExecutor_c<16dMsgBoxManager_c>Fv
                0x00084278                .dwarf.0006.callEnd__36dStateMethodExecutor_c<10dSingAlong>Fv
                0x000842fe                .dwarf.0006.callExecute__36dStateMethodExecutor_c<10dSingAlong>Fv
                0x0008438c                .dwarf.0006.callBegin__36dStateMethodExecutor_c<10dSingAlong>Fv
                0x00084416                .dwarf.0006.clearMethodExecutor__36dStateExecutor_c<16dMsgBoxManager_c>FPP26dStateMethodExecutorBase_c
                0x000844df                .dwarf.0006.getMethodExecutorForState__36dStateExecutor_c<16dMsgBoxManager_c>FP12dStateBase_c
                0x000845c6                .dwarf.0006.clearMethodExecutor__30dStateExecutor_c<10dSingAlong>FPP26dStateMethodExecutorBase_c
                0x00084689                .dwarf.0006.getMethodExecutorForState__30dStateExecutor_c<10dSingAlong>FP12dStateBase_c
                0x0008476a                .dwarf.0006.getPreviousState__15dStateMgrBase_cFv
                0x000847f6                .dwarf.0006.getNextState__15dStateMgrBase_cFv
                0x0008487a                .dwarf.0006.getCurrentStateMethodExecutor__15dStateMgrBase_cFv
                0x00084920                .dwarf.0006.returnsOne__17dStatePointless_cFv
                0x00084a43                .dwarf.0006.returnUnknown__Q23m3d6proc_cFv
                0x00084b63                .dwarf.0006.beforeExecute__16dMsgBoxManager_cFv
                0x00084bbb                .dwarf.0006.afterExecute__16dMsgBoxManager_cFi
                0x00084c11                .dwarf.0006.beforeDraw__16dMsgBoxManager_cFv
                0x00084c63                .dwarf.0006.afterDraw__16dMsgBoxManager_cFi

.comment        0x00000000    0x18c8c
 .comment       0x00000000    0x18c8c tmp\fasthack.o
