
There are no discarded input sections

Memory Configuration

Name             Origin             Length             Attributes
*default*        0x00000000         0xffffffff

Linker script and memory map

                0x80995fd0                        StateID_KeyWait__17dCollectionCoin_c = 0x80995fd0
                0x80996090                        StateID_ExitAnimeEndWait__17dCollectionCoin_c = 0x80996090
                0x80774ad0                        CollectionCoinNextWorld = 0x80774ad0
                0x80774a20                        CollectionCoinPreviousWorld = 0x80774a20
                0x80436c20                        GameFlag = 0x80436c20
                0x8089ca10                        RIVERMGRBuild = 0x8089ca10
                0x80102c50                        CreateBootParam = 0x80102c50
                0x808139e0                        dClownCarPlayerBuild = 0x808139e0
                0x808c31c0                        dWaterLiftBuild = 0x808c31c0
                0x8006a300                        GetDanceValues_DummyBlockAndGrass = 0x8006a300
                0x8006a310                        CheckDanceValues_DummyBlockAndGrass = 0x8006a310
                0x8006a330                        GetDanceValues_Bahps = 0x8006a330
                0x8006a340                        CheckDanceValues_Bahps = 0x8006a340
                0x8006a360                        GetDanceValues_CreditsControl = 0x8006a360
                0x8006a370                        GetDanceValues_AnimSpeed = 0x8006a370
                0x8006a380                        SetCurrentStageMusic = 0x8006a380
                0x8006a390                        GetCurrentStageMusic = 0x8006a390
                0x800c95a0                        disableAnim__Q23m2d13EmbedLayout_cFi = 0x800c95a0
                0x80007220                        getRootPane__Q23m2d17EmbedLayoutBase_cFv = 0x80007220
                0x801958c0                        MapSoundPlayer = 0x801958c0
                0x800b3cd0                        QueryGlobal5758 = 0x800b3cd0
                0x80436998                        NextStageActorDisableFlags = 0x80436998
                0x8043699a                        StageActorDisableFlags = 0x8043699a
                0x80436f78                        CurrentWarningManager = 0x80436f78
                0x80779a20                        onCreate_orig__14dCourseClear_cFv = 0x80779a20
                0x80b1aad0                        StateID_Flagdown__12daEnGlpole_c = 0x80b1aad0
                0x80383e38                        StateID_ProcGoalEnd__14dGameDisplay_c = 0x80383e38
                0x8004dd70                        sub_8004DD00__10daPlBase_cFv = 0x8004dd70
                0x80a106b0                        daEnGlpole_c__CheckThis = 0x80a106b0
                0x8098ee30                        aWm_ob_eggbreak = 0x8098ee30
                0x8098ee44                        aWm_ob_eggbre_0 = 0x8098ee44
                0x8098ee58                        aWm_ob_eggbre_1 = 0x8098ee58
                0x8098ee6c                        aWm_ob_eggbre_2 = 0x8098ee6c
                0x80a9984c                        returnFromChangeRedRingArray = 0x80a9984c
                0x8094093c                        stockItemPowerupModelScale = 0x8094093c
                0x809403f4                        stockItemPlayerModelScale = 0x809403f4
                0x809a7a00                        StateID_StockItemSelectWait__22dCourseSelectManager_c = 0x809a7a00
                0x80a709e0                        callFooDeath = 0x80a709e0
                0x80863800                        FUN_8085f5c0 = 0x80863800
                0x808642b4                        fixJumbo1return = 0x808642b4
                0x80864318                        fixJumbo2return = 0x80864318
                0x80143a70                        ContinueFromSixteenthHook = 0x80143a70
                0x804385f4                        layerZPositionForByugoHack = 0x804385f4
                0x808ec3d0                        continueNodeSetup = 0x808ec3d0
                0x800154e4                        continueFromChangeSmallScore100Color = 0x800154e4
                0x800153b4                        continueFromChangeSmallScore1000Color1 = 0x800153b4
                0x800153e4                        continueFromChangeSmallScore1000Color2 = 0x800153e4
                0x800b4984                        continueFromChangeSmallScore1UPColor1 = 0x800b4984
                0x800b49b4                        continueFromChangeSmallScore1UPColor2 = 0x800b49b4
                0x808d253c                        doneWithPatchAnimNameArray = 0x808d253c
                0x808d258c                        doneWithPatchAnimByte34Array = 0x808d258c
                0x808d2b60                        bindAnimCobCourse = 0x808d2b60
                0x80436eed                        CurrentWorldNumForWorldMap = 0x80436eed
                0x80436eee                        CurrentWorldNumForWorldMapSub = 0x80436eee
                0x80051fc0                        disableDemoControl__10daPlBase_cFv = 0x80051fc0
                0x80051f40                        useDemoControl__10daPlBase_cFv = 0x80051f40
                0x80137a20                        stunPlayer__7dAcPy_cFv = 0x80137a20
                0x80137b60                        unstunPlayer__7dAcPy_cFv = 0x80137b60
                0x803830b0                        StateID_Quake__10daPlBase_c = 0x803830b0
                0x8004dd70                        sub_8004DD00__10daPlBase_cFv = 0x8004dd70
                0x80a106b0                        daEnGlpole_c__CheckThis = 0x80a106b0
                0x8005e824                        continueAt8005e724 = 0x8005e824
                0x801475e4                        continueAt80147214 = 0x801475e4
                0x80151a50                        ContinueWithoutCourage = 0x80151a50
                0x80151a18                        ContinueWithCourage = 0x80151a18
                0x8014f278                        ContinueEatNoneExecute = 0x8014f278
                0x8014f250                        daYoshi_c__endState_EatNone = 0x8014f250
                0x808ec3f0                        continueIsWXS1 = 0x808ec3f0
                0x808ec3e0                        continueWithPat0SetupFromWXS0 = 0x808ec3e0
                0x808ec404                        LAB_808e81d4 = 0x808ec404
                0x8036022c                        StateID_Turn__Goomba = 0x8036022c
                0x80364d04                        StateID_Ice__Goomba = 0x80364d04
                0x803648f4                        StateID_DieFall__Goomba = 0x803648f4
                0x80364a74                        StateID_DieOther__Goomba = 0x80364a74
                0x803601ec                        StateID_Walk__Goomba = 0x803601ec
                0x80032870                        daEnKuriboBase_c__isFrozen = 0x80032870
                0x807b50f0                        it_is_right = 0x807b50f0
                0x807b5104                        not_right = 0x807b5104
                0x807b5344                        it_is_right2 = 0x807b5344
                0x807b5358                        not_right2 = 0x807b5358
                0x807b49b0                        dStockItem__manipulateItemID = 0x807b49b0
                0x807b4a20                        tryAndMoveRight = 0x807b4a20
                0x807b49e4                        tryAndMoveLeft = 0x807b49e4
                0x807b4a2c                        cantChange = 0x807b4a2c
                0x807b4a0c                        continueRightLoop = 0x807b4a0c
                0x807b49d0                        continueLeftLoop = 0x807b49d0
                0x80436e4c                        PtrToWM_CS_SEQ_MNG = 0x80436e4c
                0x801017f0                        dCsSeqMng_c__GetCutName = 0x801017f0
                0x801018c0                        FUN_801017c0 = 0x801018c0
                0x80010800                        dCourseSelectGuide_c__loadLives = 0x80010800
                0x808fff04                        returnForCalledFromExecute = 0x808fff04
                0x808ff514                        continueInCalledFromExecute = 0x808ff514
                0x809083a8                        continueAt80904158 = 0x809083a8
                0x809083ac                        continueAt8090415C = 0x809083ac
                0x8090853c                        LAB_809042ec = 0x8090853c
                0x808fff20                        FUN_808fbd00 = 0x808fff20
                0x808fff30                        FUN_808fbd10 = 0x808fff30
                0x80992508                        aLightMainscene = 0x80992508
                0x80992520                        aLightChikascen = 0x80992520
                0x80992538                        aLightWaterscen = 0x80992538
                0x80992550                        aLightFirescene = 0x80992550
                0x80992568                        aLightSabakusce = 0x80992568
                0x80992584                        aLightKaigansce = 0x80992584
                0x809925a0                        aLightDaishizen = 0x809925a0
                0x809925bc                        aLightYukidaysc = 0x809925bc
                0x809925d8                        aLightSorascene = 0x809925d8
                0x809925f0                        aLightIwabascen = 0x809925f0
                0x80992608                        aLightToridesce = 0x80992608
                0x80992628                        aLightShiroscen = 0x80992628
                0x80992640                        aLightObakescen = 0x80992640
                0x80992658                        aLightKurayamic = 0x80992658
                0x80992678                        aLightObakeouts = 0x80992678
                0x80992694                        aLightShinkaisc = 0x80992694
                0x809926b0                        aLightSabakuchi = 0x809926b0
                0x809926d0                        aLightKorichika = 0x809926d0
                0x809926f0                        aLightFire2scen = 0x809926f0
                0x80992708                        aLightKoopascen = 0x80992708
                0x80992720                        aLightFire3scen = 0x80992720
                0x80992738                        aLightKumorisor = 0x80992738
                0x80992758                        aLightToride2sc = 0x80992758
                0x80992774                        aLightMainsce_0 = 0x80992774
                0x8099278c                        aLightChikasc_0 = 0x8099278c
                0x809927a4                        aLightWatersc_0 = 0x809927a4
                0x809927bc                        aLightFiresce_0 = 0x809927bc
                0x809927d8                        aLightSabakus_0 = 0x809927d8
                0x809927f0                        aLightKaigans_0 = 0x809927f0
                0x80992808                        aLightDaishiz_0 = 0x80992808
                0x80992824                        aLightYukiday_0 = 0x80992824
                0x80992840                        aLightSorasce_0 = 0x80992840
                0x80992858                        aLightIwabasc_0 = 0x80992858
                0x80992870                        aLightTorides_0 = 0x80992870
                0x80992888                        aLightShirosc_0 = 0x80992888
                0x809928a0                        aLightObakesc_0 = 0x809928a0
                0x809928b8                        aLightKurayam_0 = 0x809928b8
                0x809928d8                        aLightObakeou_0 = 0x809928d8
                0x809928f4                        aLightShinkai_0 = 0x809928f4
                0x80992910                        aLightSabakuc_0 = 0x80992910
                0x80992930                        aLightKorichi_0 = 0x80992930
                0x8099294c                        aLightFire2sc_0 = 0x8099294c
                0x80992964                        aLightKoopasc_0 = 0x80992964
                0x8099297c                        aLightFire3sc_0 = 0x8099297c
                0x80992994                        aLightKumoris_0 = 0x80992994
                0x809929b0                        aLightToride2_0 = 0x809929b0
                0x809929cc                        aFogMainscene_b = 0x809929cc
                0x809929e0                        aFogChikascene_ = 0x809929e0
                0x809929f4                        aFogWaterscene_ = 0x809929f4
                0x80992a08                        aFogFirescene_b = 0x80992a08
                0x80992a1c                        aFogSabakuscene = 0x80992a1c
                0x80992a34                        aFogKaiganscene = 0x80992a34
                0x80992a50                        aFogDaishizensc = 0x80992a50
                0x80992a68                        aFogYukidayscen = 0x80992a68
                0x80992a80                        aFogSorascene_b = 0x80992a80
                0x80992a94                        aFogIwabascene_ = 0x80992a94
                0x80992aa8                        aFogToridescene = 0x80992aa8
                0x80992ac0                        aFogShiroscene_ = 0x80992ac0
                0x80992ad4                        aFogObakescene_ = 0x80992ad4
                0x80992ae8                        aFogKurayamichi = 0x80992ae8
                0x80992b04                        aFogObakeoutsce = 0x80992b04
                0x80992b1c                        aFogShinkaiscen = 0x80992b1c
                0x80992b34                        aFogSabakuchika = 0x80992b34
                0x80992b50                        aFogKorichikasc = 0x80992b50
                0x80992b68                        aFogFire2scene_ = 0x80992b68
                0x80992b7c                        aFogKoopascene_ = 0x80992b7c
                0x80992b90                        aFogFire3scene_ = 0x80992b90
                0x80992ba4                        aFogKumorisoras = 0x80992ba4
                0x80992bc0                        aFogToride2scen = 0x80992bc0
                0x80992d44                        aRouteinfo_1 = 0x80992d44
                0x80992d50                        aCollectioncoincoursesort = 0x80992d50
                0x80992d6c                        aCobcastle_1 = 0x80992d6c
                0x80992d78                        aCobcourse_0 = 0x80992d78
                0x80992c58                        aCobkinokored_3 = 0x80992c58
                0x80992c68                        aCobkinoko1up_4 = 0x80992c68
                0x80992c78                        aCobkinokosta_3 = 0x80992c78
                0x80992d84                        aCobstart_0 = 0x80992d84
                0x80992d90                        aCobanchor_0 = 0x80992d90
                0x80992d9c                        aCobtoride_1 = 0x80992d9c
                0x80992da8                        aCobghost_1 = 0x80992da8
                0x80992db4                        aCobcannon_1 = 0x80992db4
                0x80992c88                        aCobkoopaship_5 = 0x80992c88
                0x80992dc0                        aCharacter_s_12 = 0x80992dc0
                0x80992dd0                        aCobsurrender_0 = 0x80992dd0
                0x80992de0                        aCobkinopio_1 = 0x80992de0
                0x8006cbc0                        create__8dActor_cF6ActorsUiP7Point3dPv = 0x8006cbc0
                0x801017cc                        returnToOriginalScriptCode = 0x801017cc
                0x807c5e90                        destroyBarrel = 0x807c5e90
                0x80b1a1a0                        StateID_FoolMove__14daEnGakeNoko_c = 0x80b1a1a0
                0x80b1a1e0                        StateID_Move__14daEnGakeNoko_c = 0x80b1a1e0
                0x80147330                        pipeCannonShot__7dAcPy_cFiff = 0x80147330
                0x80140810                        dealsWithGoalPutonCapAnimation__7dAcPy_cFv = 0x80140810
                0x80140af0                        cannonShot__7dAcPy_cFiss = 0x80140af0
                0x8008e550                        getZoneByID__9dCourse_cFUcP5mRect = 0x8008e550
                0x800e3b38                        updateUI = 0x800e3b38
                0x8019c190                        ApparentlyStartsMusic = 0x8019c190
                0x800e3b18                        continueTimerLeq100 = 0x800e3b18
                0x8019e554                        continueAt8019e154 = 0x8019e554
                0x8019e540                        continueAt8019e140 = 0x8019e540
                0x80436c78                        instance__7StageC4 = 0x80436c78
                0x8016aef0                        mHeapAllocator_c_done = 0x8016aef0
                0x80996ed0                        dEventOpeningTitle_c_StateID_PressButtonExitAnimeEndWait = 0x80996ed0
                0x809d0310                        sub_809CAE10 = 0x809d0310
                0x80916a4c                        loc_8091288C = 0x80916a4c
                0x802e5bdc                        pow = 0x802e5bdc
                0x8154ba7b                        PortalHook_1_byte = 0x8154ba7b
                0x8154b904                        PortalHook_2_offset_2 = 0x8154b904
                0x807612c8                        PortalHook_3_external_1 = 0x807612c8
                0x8154b804                        PortalHook_3_external_2 = 0x8154b804
                0x80163044                        PortalHook_1_ret = 0x80163044
                0x80064494                        PortalHook_2_ret = 0x80064494
                0x800e3af8                        PortalHook_3_ret = 0x800e3af8
                0x80095a94                        PortalHook_4_ret = 0x80095a94
                0x80095ac4                        PortalHook_5_ret_1 = 0x80095ac4
                0x80095d14                        PortalHook_5_ret_2 = 0x80095d14
                0x80302e38                        IsGravityEnabled = 0x80302e38
                0x80438504                        GravityFloat_maybe = 0x80438504
                0x80054768                        line_80054688 = 0x80054768
                0x8005722c                        line_8005714C = 0x8005722c
                0x80001910                        ZoneMaxYValue_maybe = 0x80001910
                0x8005e7f0                        JumpingShit = 0x8005e7f0
                0x80057b48                        ArcNein = 0x80057b48
                0x8005483c                        loc_8005475C = 0x8005483c
                0x8005475c                        loc_8005467C = 0x8005475c
                0x80071038                        ContinueFromFirstHook = 0x80071038
                0x800e4560                        ContinueFromSecondHook = 0x800e4560
                0x800571e8                        ContinueFromThirdHook = 0x800571e8
                0x80127af0                        ContinueFromFourthHook = 0x80127af0
                0x80057234                        ContinueFromFifthHook = 0x80057234
                0x8004c65c                        ContinueFromSixthHook_One = 0x8004c65c
                0x8004c634                        ContinueFromSixthHook_Two = 0x8004c634
                0x8006cf24                        ContinueFromSeventhHook = 0x8006cf24
                0x801c1120                        ContinueFromEighthHook = 0x801c1120
                0x800b0970                        ContinueFromNinthHook = 0x800b0970
                0x80128628                        ContinueFromTenthHook = 0x80128628
                0x8092a954                        ContinueFromEleventhHook = 0x8092a954
                0x8006f8f8                        ContinueFromTwelvethHook = 0x8006f8f8
                0x80065094                        ContinueFromThirteenthHook = 0x80065094
                0x80070e04                        ContinueFromFourteenthHook = 0x80070e04
                0x80924530                        LoadBreffKoopa = 0x80924530
                0x80924524                        LoadBreffKoopaJr = 0x80924524
                0x809243d0                        returnFromBreffLoadPatch = 0x809243d0
                0x8003a2b0                        sub_8003A240__FPvPv = 0x8003a2b0
                0x803606e4                        daEnShell_c_StateID_Sleep = 0x803606e4
                0x80360764                        daEnShell_c_StateID_Slide = 0x80360764
                0x80360764                        _ZN11daEnShell_c13StateID_SlideE = 0x80360764
                0x800386e0                        afterExecute__11daEnShell_cFi = 0x800386e0
                0x800380f0                        __dt__11daEnShell_cFv = 0x800380f0
                0x8003a080                        isOutOfView__11daEnShell_cFv = 0x8003a080
                0x8003a130                        kill__11daEnShell_cFv = 0x8003a130
                0x8003a080                        _vf74__11daEnShell_cFv = 0x8003a080
                0x8003abf0                        itemPickedUp__11daEnShell_cFv = 0x8003abf0
                0x80039680                        _vf7C__11daEnShell_cFv = 0x80039680
                0x8003a5e0                        eatIn__11daEnShell_cFv = 0x8003a5e0
                0x8003a640                        spitOut__11daEnShell_cFPv = 0x8003a640
                0x80038870                        stageActorCollision__11daEnShell_cFP13ActivePhysicsP13ActivePhysics = 0x80038870
                0x800388a0                        spriteCollision__11daEnShell_cFP13ActivePhysicsP13ActivePhysics = 0x800388a0
                0x80038a50                        playerCollision__11daEnShell_cFP13ActivePhysicsP13ActivePhysics = 0x80038a50
                0x80039080                        yoshiCollision__11daEnShell_cFP13ActivePhysicsP13ActivePhysics = 0x80039080
                0x80039bb0                        collidedWithCatD_Drill__11daEnShell_cFP13ActivePhysicsP13ActivePhysics = 0x80039bb0
                0x80039c60                        collidedWithCat7_GroundPound__11daEnShell_cFP13ActivePhysicsP13ActivePhysics = 0x80039c60
                0x80039de0                        collidedWithCat7_GroundPoundYoshi__11daEnShell_cFP13ActivePhysicsP13ActivePhysics = 0x80039de0
                0x80039410                        collidedWithCat9_RollingObject__11daEnShell_cFP13ActivePhysicsP13ActivePhysics = 0x80039410
                0x8003a820                        collidedWithCat2_Iceball_or_15_YoshiIce__11daEnShell_cFP13ActivePhysicsP13ActivePhysics = 0x8003a820
                0x8003be70                        dieFall_Begin__11daEnShell_cFv = 0x8003be70
                0x8003bef0                        dieFall_Execute__11daEnShell_cFv = 0x8003bef0
                0x8003bee0                        dieFall_End__11daEnShell_cFv = 0x8003bee0
                0x800396f0                        _vf220__11daEnShell_cFPv = 0x800396f0
                0x8003c060                        _vf224__11daEnShell_cFv = 0x8003c060
                0x8003a930                        _vf238__11daEnShell_cFv = 0x8003a930
                0x80039330                        _vf248__11daEnShell_cFi = 0x80039330
                0x80039360                        bouncePlayerWhenJumpedOn__11daEnShell_cFPv = 0x80039360
                0x80039600                        addScoreWhenHit__11daEnShell_cFPv = 0x80039600
                0x8003bff0                        _vf25C__11daEnShell_cFPv = 0x8003bff0
                0x8003b090                        beginState_Carry__11daEnShell_cFv = 0x8003b090
                0x8003b270                        executeState_Carry__11daEnShell_cFv = 0x8003b270
                0x8003b1b0                        endState_Carry__11daEnShell_cFv = 0x8003b1b0
                0x8003aeb0                        beginState_Sleep__11daEnShell_cFv = 0x8003aeb0
                0x8003af50                        executeState_Sleep__11daEnShell_cFv = 0x8003af50
                0x8003af20                        endState_Sleep__11daEnShell_cFv = 0x8003af20
                0x8003b450                        beginState_Slide__11daEnShell_cFv = 0x8003b450
                0x8003b8a0                        executeState_Slide__11daEnShell_cFv = 0x8003b8a0
                0x8003b760                        endState_Slide__11daEnShell_cFv = 0x8003b760
                0x8003bbb0                        beginState_Wakeup__11daEnShell_cFv = 0x8003bbb0
                0x8003bc20                        executeState_Wakeup__11daEnShell_cFv = 0x8003bc20
                0x8003bc10                        endState_Wakeup__11daEnShell_cFv = 0x8003bc10
                0x8003bda0                        beginState_WakeupReverse__11daEnShell_cFv = 0x8003bda0
                0x8003bdd0                        executeState_WakeupReverse__11daEnShell_cFv = 0x8003bdd0
                0x8003bdc0                        endState_WakeupReverse__11daEnShell_cFv = 0x8003bdc0
                0x8003bca0                        beginState_WakeupTurn__11daEnShell_cFv = 0x8003bca0
                0x8003bcf0                        executeState_WakeupTurn__11daEnShell_cFv = 0x8003bcf0
                0x8003bce0                        endState_WakeupTurn__11daEnShell_cFv = 0x8003bce0
                0x80039700                        _vf2C8__11daEnShell_cFv = 0x80039700
                0x8003aad0                        _vf2CC__11daEnShell_cFv = 0x8003aad0
                0x80038a40                        relatedToSpriteCollision__11daEnShell_cFv = 0x80038a40
                0x80039070                        _vf2D4__11daEnShell_cFv = 0x80039070
                0x80039320                        isNotSliding__11daEnShell_cFv = 0x80039320
                0x80039060                        relatedToYoshiOrPlayerCollision__11daEnShell_cFv = 0x80039060
                0x8003bd90                        _vf2E0__11daEnShell_cFv = 0x8003bd90
                0x8003bd80                        turnSlightly__11daEnShell_cFv = 0x8003bd80
                0x8003a480                        _vf2E8__11daEnShell_cFv = 0x8003a480
                0x80039800                        spawnKickHitEffect__11daEnShell_cFv = 0x80039800
                0x8003bed0                        _vf2F0__11daEnShell_cFv = 0x8003bed0
                0x800386d0                        _vf2F4__11daEnShell_cFv = 0x800386d0
                0x8003bba0                        spawnTailEffect__11daEnShell_cFv = 0x8003bba0
                0x8003a280                        _vf2FC__11daEnShell_cFv = 0x8003a280
                0x8003a410                        rotateShell__11daEnShell_cFv = 0x8003a410
                0x80038c58                        loc_80038BE8 = 0x80038c58
                0x80383b88                        Yoshi_EatNoneState = 0x80383b88
                0x8014f210                        daYoshi_c_sub_8014EE40 = 0x8014f210
                0x8014eb70                        endState_HipAttack_orig__9daYoshi_cFv = 0x8014eb70
                0x80046c20                        onExecute_orig__9daYoshi_cFv = 0x80046c20
                0x8014eb70                        endState_HipAttack_orig__10daYoshi2_cFv = 0x8014eb70
                0x80046c20                        onExecute_orig__10daYoshi2_cFv = 0x80046c20
                0x8014fd50                        doSwallow__9daYoshi_cFv = 0x8014fd50
                0x8014fd7c                        doThisStupidAnimationYouAsshole = 0x8014fd7c
                0x800495b4                        originalHipAttackStage4Continue = 0x800495b4
                0x80436fc8                        instance__14dGameDisplay_c = 0x80436fc8
                0x80157f50                        onCreate_orig__14dGameDisplay_cFv = 0x80157f50
                0x801584b0                        onExecute_orig__14dGameDisplay_cFv = 0x801584b0
                0x80054c2c                        ContinueFromFlyingYoshi = 0x80054c2c
                0x80916b70                        daYoshiFire_c_vf8C__FP13dStageActor_cP13dStageActor_c = 0x80916b70
                0x8005e600                        getHeldDown__14dPlayerInput_c = 0x8005e600
                0x8005e5f0                        getHeldUp__14dPlayerInput_c = 0x8005e5f0
                0x8005e5f0                        _ZN14dPlayerInput_c9getHeldUpEv = 0x8005e5f0
                0x8005e400                        detectGroundPound__14dPlayerInput_c = 0x8005e400
                0x8005e400                        _ZN14dPlayerInput_c17detectGroundPoundEv = 0x8005e400
                0x8005e680                        getHeldTwo__14dPlayerInput_c = 0x8005e680
                0x8005e680                        getHeldTwo__14dPlayerInput_cFv = 0x8005e680
                0x8005e680                        _ZN14dPlayerInput_c10getHeldTwoEv = 0x8005e680
                0x8023b8a0                        GetResNodeNumEntries__Q34nw4r3g3d6ResMdlCFv = 0x8023b8a0
                0x801d5a80                        MEMAllocFromAllocator = 0x801d5a80
                0x8035b3b0                        __vt__Q34nw4r3g3d9AnmObjChr = 0x8035b3b0
                0x8035b2a8                        __vt__Q34nw4r3g3d12AnmObjChrRes = 0x8035b2a8
                0x80241bd0                        GetAnmResult__Q34nw4r3g3d9ResAnmChrCFPQ34nw4r3g3d12ChrAnmResultUlf = 0x80241bd0
                0x800d5ee0                        StartAnimOrig = 0x800d5ee0
                0x8014be30                        YoshiStateOrig = 0x8014be30
                0x80234fc0                        Exception_Printf___Q24nw4r2dbFPCce = 0x80234fc0
                0x8083dd44                        ContinueFromFuckLineLiftActivation = 0x8083dd44
                0x800b4ef0                        CanExitThisLevel = 0x800b4ef0
                0x80001800                        LoaderDotBinPointer = 0x80001800
                0x801019e4                        ContinueFromConsole = 0x801019e4
                0x80146c24                        ContinueFromTinyTable = 0x80146c24
                0x80922e38                        ContinueFromLoadingCRSIN = 0x80922e38
                0x800228c8                        ContinueFromAlternateQBlock = 0x800228c8
                0x8013c7ec                        ContinueFromPropellerBegin = 0x8013c7ec
                0x802ee960                        QBlockTable = 0x802ee960
                0x8013bf70                        ret0ice = 0x8013bf70
                0x8013bf74                        retice = 0x8013bf74
                0x8013c770                        retice2 = 0x8013c770
                0x80038a50                        playerCollision_orig__10daEnNoko_cFP13ActivePhysicsP13ActivePhysics = 0x80038a50
                0x80a77bc0                        onCreate_orig__10daEnNoko_cFv = 0x80a77bc0
                0x80039600                        addScoreWhenHit_orig__10daEnNoko_cFPv = 0x80039600
                0x80038a50                        playerCollision_orig__10daEnPata_cFP13ActivePhysicsP13ActivePhysics = 0x80038a50
                0x80039600                        addScoreWhenHit_orig__10daEnPata_cFPv = 0x80039600
                0x80a781b0                        onExecute_orig__10daEnPata_cFv = 0x80a781b0
                0x80a4ea10                        onCreate_orig__10BulletBillFv = 0x80a4ea10
                0x80a4f340                        playerCollision_orig__10BulletBillFP13ActivePhysicsP13ActivePhysics = 0x80a4f340
                0x80a4f7e0                        addScoreWhenHit_orig__10BulletBillFPv = 0x80a4f7e0
                0x80a52620                        ContinueFromSpikyFix = 0x80a52620
                0x8099e1f0                        GabonRock_DropOutState = 0x8099e1f0
                0x8099e1b0                        GabonRock_CrushState = 0x8099e1b0
                0x8001df40                        forceHCGROPushBack = 0x8001df40
                0x8001df38                        continueFromHCGRO = 0x8001df38
                0x8043462e                        DanceValues_AnimSpeed = 0x8043462e
                0x80436a09                        DanceValues_DummyBlockAndGrass = 0x80436a09
                0x80436a0a                        DanceValues_Bahps = 0x80436a0a
                0x80436a0b                        DanceValues_CreditsControl = 0x80436a0b
                0x80436ebf                        CreditsModeActive = 0x80436ebf
                0x800d91d0                        GetRail = 0x800d91d0
                0x80436ca8                        instance__7Stage80 = 0x80436ca8
                0x80060394                        continueAddToCoinCount = 0x80060394
                0x800b36c4                        continueAddToScore = 0x800b36c4
                0x800b5290                        StaffCreditsAddCoin = 0x800b5290
                0x802bc904                        ContinueFromEFBMagic2 = 0x802bc904
                0x80abc370                        TogeTekkyuIceballCollision = 0x80abc370
                0x80437148                        _8042A788 = 0x80437148
                0x8019c790                        sub_8019C390 = 0x8019c790
                0x807b3ad0                        dStockItem = 0x807b3ad0
                0x802e5bdc                        pow = 0x802e5bdc
                0x801584b0                        onExecute_orig__14dGameDisplay_cFv = 0x801584b0
                0x80157f50                        onCreate_orig__14dGameDisplay_cFv = 0x80157f50
                0x80436fc8                        instance__14dGameDisplay_c = 0x80436fc8
                0x807fcc60                        onCreate_orig__13daGabonRock_cFv = 0x807fcc60
                0x80aaee10                        onCreate_orig__12EN_STAR_COINFv = 0x80aaee10
                0x809ce330                        onCreate_orig__12daEnBomhei_cFv = 0x809ce330
                0x80b18068                        StateID_Sleep__12daEnBomhei_c = 0x80b18068
                0x809ceec0                        playerCollision_orig__12daEnBomhei_cFP13ActivePhysicsP13ActivePhysics = 0x809ceec0
                0x809cf4f0                        spriteCollision_orig__12daEnBomhei_cFP13ActivePhysicsP13ActivePhysics = 0x809cf4f0
                0x801307c0                        NoSwimBegin = 0x801307c0
                0x80130784                        YesSwimBegin = 0x80130784
                0x80130b08                        NoSwimHip0a = 0x80130b08
                0x80130ae0                        YesSwimHip0a = 0x80130ae0
                0x80130b84                        NoSwimHip0b = 0x80130b84
                0x80130b94                        YesSwimHip0b = 0x80130b94
                0x8013114c                        NoSwimHip1 = 0x8013114c
                0x80131140                        YesSwimHip1 = 0x80131140
                0x801319bc                        NoSwimHip2 = 0x801319bc
                0x801319a4                        YesSwimHip2 = 0x801319a4
                0x80131dac                        NoSwimHip3a = 0x80131dac
                0x80131db8                        YesSwimHip3a = 0x80131db8
                0x80131e64                        NoSwimHip3b = 0x80131e64
                0x80131e54                        YesSwimHip3b = 0x80131e54
                0x80b91930                        StateID_Wait__24daEnBossKoopaDemoPeach_c = 0x80b91930
                0x80b91970                        StateID_Call__24daEnBossKoopaDemoPeach_c = 0x80b91970
                0x80b919b0                        StateID_Turn__24daEnBossKoopaDemoPeach_c = 0x80b919b0
                0x80b919f0                        StateID_Open__24daEnBossKoopaDemoPeach_c = 0x80b919f0
                0x80b91a30                        StateID_Rescue__24daEnBossKoopaDemoPeach_c = 0x80b91a30
                0x80b91a70                        StateID_Thank__24daEnBossKoopaDemoPeach_c = 0x80b91a70
                0x8030dd44                        __vt__12daBossDemo_c = 0x8030dd44
                0x8001cd20                        onExecute__12daBossDemo_cFv = 0x8001cd20
                0x8001cd60                        onDraw__12daBossDemo_cFv = 0x8001cd60
                0x8001cd70                        willBeDeleted__12daBossDemo_cFv = 0x8001cd70
                0x8001cd80                        onDelete__12daBossDemo_cFv = 0x8001cd80
                0x8001d200                        endState_BattleEdDemo__12daBossDemo_cFv = 0x8001d200
                0x8001d210                        executeState_BattleEdDemo__12daBossDemo_cFv = 0x8001d210
                0x8001d1f0                        beginState_BattleEdDemo__12daBossDemo_cFv = 0x8001d1f0
                0x8001d170                        endState_BattleIn__12daBossDemo_cFv = 0x8001d170
                0x8001d180                        executeState_BattleIn__12daBossDemo_cFv = 0x8001d180
                0x8001d100                        beginState_BattleIn__12daBossDemo_cFv = 0x8001d100
                0x8001d0e0                        endState_BattleStDemo__12daBossDemo_cFv = 0x8001d0e0
                0x8001d0f0                        executeState_BattleStDemo__12daBossDemo_cFv = 0x8001d0f0
                0x8001d0d0                        beginState_BattleStDemo__12daBossDemo_cFv = 0x8001d0d0
                0x8001cfd0                        endState_Ready__12daBossDemo_cFv = 0x8001cfd0
                0x8001cfe0                        executeState_Ready__12daBossDemo_cFv = 0x8001cfe0
                0x8001cfc0                        beginState_Ready__12daBossDemo_cFv = 0x8001cfc0
                0x8001ce70                        beatLevel__12daBossDemo_cFv = 0x8001ce70
                0x8001ceb0                        exitLevel__12daBossDemo_cFv = 0x8001ceb0
                0x80436a28                        instance__19BalloonRelatedClass = 0x80436a28
                0x802f1990                        PlayerAnimStates = 0x802f1990
                0x8011ac00                        ContinueFromFixFireballSensorSetup = 0x8011ac00
                0x800b3960                        GetPosForLayoutEffect__FP4VEC3b = 0x800b3960
                0x80a1794c                        ContinueFromJustOneBomb = 0x80a1794c
                0x8015fa30                        SmoothRotation__FPsss = 0x8015fa30
                0x80823520                        KazanRock_OriginalCollisionCallback = 0x80823520
                0x80823290                        KazanRock_Explode = 0x80823290
                0x8005fcd0                        GetPlayerOrYoshi__Fi = 0x8005fcd0
                0x8005fcd0                        findByID__10daPlBase_cFi = 0x8005fcd0
                0x8005fa40                        findByID__7dAcPy_cFi = 0x8005fa40
                0x80052000                        justFaceSpecificDirection__10daPlBase_cFi = 0x80052000
                0x80052150                        moveInDirection__10daPlBase_cFPfPf = 0x80052150
                0x80139e60                        getYoshi__7dAcPy_cFv = 0x80139e60
                0x80052240                        setAnimePlayWithAnimID__10daPlBase_cFi = 0x80052240
                0x80052360                        setAnimePlayStandardType__10daPlBase_cFi = 0x80052360
                0x8005e4b0                        setFlag__14dPlayerInput_cFQ214dPlayerInput_c5Flags = 0x8005e4b0
                0x8005ea10                        setPermanentForcedButtons__14dPlayerInput_cFUi = 0x8005ea10
                0x8005ea60                        setTransientForcedButtons__14dPlayerInput_cFUi = 0x8005ea60
                0x8005ea30                        unsetPermanentForcedButtons__14dPlayerInput_cFUi = 0x8005ea30
                0x8005e880                        areWeShaking__14dPlayerInput_cFv = 0x8005e880
                0x80056d50                        setFlag__10daPlBase_cFi = 0x80056d50
                0x80056d90                        clearFlag__10daPlBase_cFi = 0x80056d90
                0x80056dd0                        testFlag__10daPlBase_cFi = 0x80056dd0
                0x80052100                        isReadyForDemoControlAction__10daPlBase_cFv = 0x80052100
                0x80436da0                        instance__15dWaterManager_c = 0x80436da0
                0x800eba40                        queryPosition__15dWaterManager_cFP7Point2dP7Point2dPfPsi = 0x800eba40
                0x800a0df0                        OriginalPowBlockActivated = 0x800a0df0
                0x80002eee                        isReplayEnabled = 0x80002eee
                0x800b4650                        UpdateSelectCursor = 0x800b4650
                0x8010cde0                        HideSelectCursor = 0x8010cde0
                0x80436f68                        SelectCursorPointer = 0x80436f68
                0x807b3c60                        getIconPictureIDforPlayer__12dStockItem_cFi = 0x807b3c60
                0x800b3460                        CrapUpPositions__FP7Point3dPC7Point3d = 0x800b3460
                0x800fca34                        ContinueFromCalcPowerupResult = 0x800fca34
                0x800fc9fc                        ContinueFromFixCalcPowerupResultForMushroom = 0x800fc9fc
                0x807b3a78                        ContinueFromSILayoutExtraStuffs = 0x807b3a78
                0x807b4c0c                        ContinueFromResetHammerAnimOnOpen = 0x807b4c0c
                0x807b3910                        ContinueFromHideItemsByDefault = 0x807b3910
                0x807b4914                        MakeSFISound = 0x807b4914
                0x807b4970                        ContinueFromSIAddSound = 0x807b4970
                0x807b4dd4                        ChosenStartChoice = 0x807b4dd4
                0x807b6330                        ContinueFromSISLayoutExtraStuffs = 0x807b6330
                0x807b65f8                        ContinueFromUpdateSIS = 0x807b65f8
                0x80436fb0                        EnemyBounceValue = 0x80436fb0
                0x80163240                        searchById__7fBase_cFUi = 0x80163240
                0x80163290                        searchByProfileId__7fBase_cFUsP7fBase_c = 0x80163290
                0x801632f0                        searchByBaseType__7fBase_cFiP7fBase_c = 0x801632f0
                0x800bb3f0                        AddStockPowerup = 0x800bb3f0
                0x808af250                        continueFromStrongBox2 = 0x808af250
                0x808ae758                        continueFromStrongBox = 0x808ae758
                0x80437148                        _8042A788 = 0x80437148
                0x8019c790                        playFanfare__FPvi = 0x8019c790
                0x8019cf30                        somethingAboutSound__FPv = 0x8019cf30
                0x802633d0                        AxVoice_SetADPCM = 0x802633d0
                0x80281e90                        Voice_SetADPCMLoop = 0x80281e90
                0x8027a740                        DetachSound__Q34nw4r3snd11SoundHandleFv = 0x8027a740
                0x80266980                        Pause__Q44nw4r3snd6detail10BasicSoundFbi = 0x80266980
                0x80266790                        Stop__Q44nw4r3snd6detail10BasicSoundFi = 0x80266790
                0x802679f0                        SetPitch__Q44nw4r3snd6detail10BasicSoundFf = 0x802679f0
                0x80267960                        SetVolume__Q44nw4r3snd6detail10BasicSoundFfi = 0x80267960
                0x8027fdd0                        StrmSound_SetTrackVolume = 0x8027fdd0
                0x80436e50                        DontShowPreGame = 0x80436e50
                0x80380a60                        RESTART_CRSIN_LevelStartStruct = 0x80380a60
                0x800ca684                        DrawTheFuckingHat = 0x800ca684
                0x800ca6b8                        DontDrawTheFuckingHat = 0x800ca6b8
                0x8004e0c0                        continueFromMpPauseFix1 = 0x8004e0c0
                0x80141970                        continueFromMpPauseFix2 = 0x80141970
                0x80141674                        continueFromMpPauseFix3 = 0x80141674
                0x800fcae0                        CheckIfSinglePlayer = 0x800fcae0
                0x800e598c                        TextWriterCrapContinue = 0x800e598c
                0x8092acf0                        StockWMInit_LoadEffects__FPv = 0x8092acf0
                0x80093660                        CleanUpEffectThings__Fv = 0x80093660
                0x80093610                        FreeEffects__Fi = 0x80093610
                0x800932b0                        FreeBreff__Fi = 0x800932b0
                0x800932f0                        FreeBreft__Fi = 0x800932f0
                0x80092f70                        __dt__18BGGMEffectRendererFv = 0x80092f70
                0x8031de48                        __vt__18BGGMEffectRenderer = 0x8031de48
                0x802dcee0                        __construct_array = 0x802dcee0
                0x800cdd70                        GetBMG__Fv = 0x800cdd70
                0x802d7da0                        findStringForMessageID__Q23EGG6MsgResCFii = 0x802d7da0
                0x800c9b70                        WriteBMGToTextBox__FPQ34nw4r3lyt7TextBoxPQ27dScript5Res_ciiie = 0x800c9b70
                0x800c9f90                        _Z26WriteParsedStringToTextBoxPN4nw4r3lyt7TextBoxEPKwiPA1_13__va_list_tagPN7dScript5Res_cE = 0x800c9f90
                0x800c9c10                        CheckForUSD1ShadowEntry__FPQ34nw4r3lyt7TextBox = 0x800c9c10
                0x802ac9a0                        GetExtUserDataNum__Q34nw4r3lyt4PaneCFv = 0x802ac9a0
                0x801648f0                        m2d__Anm_c__Load = 0x801648f0
                0x801643a0                        m2d__AnmResHandler_c__Load = 0x801643a0
                0x80144bf0                        RealAcPyDtor = 0x80144bf0
                0x808c9780                        RealWm2dPlayerDtor = 0x808c9780
                0x80906af0                        RealWmPlayerDtor = 0x80906af0
                0x8014ba90                        RealYoshiDtor = 0x8014ba90
                0x800b3d60                        InsertIntIntoTextBox1 = 0x800b3d60
                0x800b3ce0                        WriteNumberToTextBox__FPiPCiPQ34nw4r3lyt7TextBoxb = 0x800b3ce0
                0x800b3d60                        WriteNumberToTextBox__FPiPQ34nw4r3lyt7TextBoxb = 0x800b3d60
                0x80814550                        __ct__20daJrClownForPlayer_cFv = 0x80814550
                0x80814610                        __dt__20daJrClownForPlayer_cFv = 0x80814610
                0x800a3780                        PClownCarExecute = 0x800a3780
                0x80095310                        PClownCarAfterCreate = 0x80095310
                0x80814c60                        PClownCarDraw = 0x80814c60
                0x80815f40                        PClownCarMove = 0x80815f40
                0x808161d4                        ContinueFromClownCarDetectAdjacent = 0x808161d4
                0x8043af78                        sAllocatorFunc__FrmHeap = 0x8043af78
                0x800600f0                        GetActivePlayerCount = 0x800600f0
                0x800600f0                        GetCountofActivePlayers = 0x800600f0
                0x80060030                        GetActiveLivingPlayerCount = 0x80060030
                0x80082380                        getEffectiveScreenLeft__19ClassWithCameraInfoFv = 0x80082380
                0x80436aa0                        instance__19ClassWithCameraInfo = 0x80436aa0
                0x8005b6b0                        BowserExitDemoState = 0x8005b6b0
                0x807d0ee0                        MagicEnd = 0x807d0ee0
                0x80808750                        KeyLoopSet = 0x80808750
                0x809b7dc0                        BigHanaPlayer = 0x809b7dc0
                0x809b7fd0                        BigHanaYoshi = 0x809b7fd0
                0x809b8280                        BigHanaWeirdGP = 0x809b8280
                0x809b81f0                        BigHanaGroundPound = 0x809b81f0
                0x809b8f50                        BigHanaFireball = 0x809b8f50
                0x809b8f20                        BigHanaIceball = 0x809b8f20
                0x80146600                        dAcPy_vf3F4 = 0x80146600
                0x801466e0                        dAcPy_vf3F8 = 0x801466e0
                0x80146de0                        dAcPy_vf3FC = 0x80146de0
                0x80047400                        dAcPy_vf294 = 0x80047400
                0x809e3080                        Cloud_death_execute = 0x809e3080
                0x809e5240                        Cloud_execute = 0x809e5240
                0x80437008                        GlobalTickCount = 0x80437008
                0x8005fa40                        GetSpecificPlayerActor = 0x8005fa40
                0x80163240                        Actor_SearchByID = 0x80163240
                0x8043699a                        TimeStopFlag = 0x8043699a
                0x800e3ad8                        TimerBranch = 0x800e3ad8
                0x80438504                        MarioDescentRate = 0x80438504
                0x802f5c74                        MarioJumpArc = 0x802f5c74
                0x804384e8                        MarioJumpMax = 0x804384e8
                0x802f5cbc                        MiniMarioJumpArc = 0x802f5cbc
                0x80438514                        MarioSize = 0x80438514
                0x80064680                        AlwaysDrawFlag = 0x80064680
                0x80064684                        AlwaysDrawBranch = 0x80064684
                0x800b3060                        GenerateRandomNumber = 0x800b3060
                0x800ce9d0                        OneofManySoundPlayers = 0x800ce9d0
                0x80b18068                        BombSleepState = 0x80b18068
                0x800a0c88                        NoFreezie = 0x800a0c88
                0x80436d10                        GameTimer = 0x80436d10
                0x80d2b1d8                        GameTimerB = 0x80d2b1d8
                0x800e1f70                        DoSceneChange__FUsUiUi = 0x800e1f70
                0x802380e0                        FrSqrt__Q24nw4r4mathFf = 0x802380e0
                0x80238110                        SinFIdx__Q24nw4r4mathFf = 0x80238110
                0x80238180                        CosFIdx__Q24nw4r4mathFf = 0x80238180
                0x802381e0                        SinCosFIdx__Q24nw4r4mathFPfPff = 0x802381e0
                0x804370ec                        archiveHeap__5mHeap = 0x804370ec
                0x804370f0                        commandHeap__5mHeap = 0x804370f0
                0x804370f4                        dylinkHeap__5mHeap = 0x804370f4
                0x804370f8                        assertHeap__5mHeap = 0x804370f8
                0x80384948                        gameHeaps__5mHeap = 0x80384948
                0x800db290                        init__18StandOnTopColliderFP13dStageActor_cfffffsUcP7Point2d = 0x800db290
                0x800db240                        __ct__18StandOnTopColliderFv = 0x800db240
                0x80044470                        __dt__18StandOnTopColliderFv = 0x80044470
                0x800db400                        _ZN18StandOnTopCollider6updateEv = 0x800db400
                0x800daf10                        __dt__13BasicColliderFv = 0x800daf10
                0x80436cbc                        globalListHead__13BasicCollider = 0x80436cbc
                0x800daf90                        addToList__13BasicColliderFv = 0x800daf90
                0x800dafe0                        removeFromList__13BasicColliderFv = 0x800dafe0
                0x800db560                        __ct__21RideableActorColliderFv = 0x800db560
                0x800db5b0                        init__21RideableActorColliderFP13dStageActor_cP7Point2dP7Point2d = 0x800db5b0
                0x800db640                        init__21RideableActorColliderFP13dStageActor_cffff = 0x800db640
                0x800db6a0                        setPosition__21RideableActorColliderFP7Point2dP7Point2d = 0x800db6a0
                0x800db700                        setPosition__21RideableActorColliderFffff = 0x800db700
                0x800bc7c0                        drawWithMatrix__21SomethingAboutShroomsFfP4mMtx = 0x800bc7c0
                0x80883b50                        original_onCreate__13daObjKinoko_cFv = 0x80883b50
                0x80436b38                        instance__13dCourseFull_c = 0x80436b38
                0x8008e9d0                        getRectByID__9dCourse_cFUcP5mRect = 0x8008e9d0
                0x8008e510                        getNextGotoByID__9dCourse_cFUc = 0x8008e510
                0x80057900                        modifyPlayerPropertiesWithRollingObject = 0x80057900
                0x80a5d870                        EN_LandbarrelPlayerCollision = 0x80a5d870
                0x804369e8                        instance__16dStageActorMgr_c = 0x804369e8
                0x807df4f0                        StartBGMMusic = 0x807df4f0
                0x807df500                        StopBGMMusic = 0x807df500
                0x80436bb0                        instance__11dStage32C_c = 0x80436bb0
                0x80436934                        instance__7WLClass = 0x80436934
                0x8005cb50                        disableDemoControl__7WLClassFb = 0x8005cb50
                0x8005ca30                        demoControlAllPlayers__7WLClassFv = 0x8005ca30
                0x800d8d70                        ShakeScreen = 0x800d8d70
                0x80436ca8                        StageScreen = 0x80436ca8
                0x80137a20                        stunPlayer = 0x80137a20
                0x80137b60                        unstunPlayer = 0x80137b60
                0x800647c0                        createChild__13dStageActor_cFUsP13dStageActor_cUiP7Point3dP6S16VecUc = 0x800647c0
                0x8001ce20                        GameMgrBossEndFunc = 0x8001ce20
                0x807cc020                        MakeMarioEnterDemoMode = 0x807cc020
                0x8005cb50                        MakeMarioExitDemoMode = 0x8005cb50
                0x8005cb50                        ForceMarioExitDemoMode = 0x8005cb50
                0x80052240                        ResetPlayerState = 0x80052240
                0x8001ce20                        UpdateGameMgr = 0x8001ce20
                0x80056d90                        UnsetShit = 0x80056d90
                0x8099f104                        StateID_DemoSt2__12daKameckDemo = 0x8099f104
                0x8099f144                        StateID_DemoSt__12daKameckDemo = 0x8099f144
                0x8099f184                        StateID_DemoWait__12daKameckDemo = 0x8099f184
                0x80b9158c                        StateID_Fall__13daBossKoopa_c = 0x80b9158c
                0x809a248c                        StateID_DemoWait__9daNeedles = 0x809a248c
                0x809a24d0                        StateID_DemoAwake__9daNeedles = 0x809a24d0
                0x809a2510                        StateID_Idle__9daNeedles = 0x809a2510
                0x809a2550                        StateID_Die__9daNeedles = 0x809a2550
                0x80360f1c                        StateID_None__7dPlayer = 0x80360f1c
                0x80360f5c                        StateID_Walk__7dPlayer = 0x80360f5c
                0x80360f9c                        StateID_Jump__7dPlayer = 0x80360f9c
                0x8036139c                        StateID_DemoNone__7dPlayer = 0x8036139c
                0x8036141c                        StateID_DemoWait__7dPlayer = 0x8036141c
                0x803617dc                        StateID_DemoGoal__7dPlayer = 0x803617dc
                0x8036181c                        StateID_DemoControl__7dPlayer = 0x8036181c
                0x808ad740                        PlayWrenchSound = 0x808ad740
                0x80436da0                        WaterManager = 0x80436da0
                0x800eba40                        CheckforLiquid = 0x800eba40
                0x80b83e30                        BowserFireballCollision = 0x80b83e30
                0x80b447f0                        BowserDamageAnmClr = 0x80b447f0
                0x80b24eb0                        BowserDamageStepTwo = 0x80b24eb0
                0x80b24ed0                        BowserDamageNormal = 0x80b24ed0
                0x80098f00                        BowserDamageKill = 0x80098f00
                0x80b44b20                        BowserDamageEnd = 0x80b44b20
                0x8008c520                        ActivePhysics_InitWithStruct = 0x8008c520
                0x8008c470                        ActivePhysics_AddToList = 0x8008c470
                0x8008c340                        __ct__13ActivePhysicsFv = 0x8008c340
                0x8008c3a0                        __dt__13ActivePhysicsFv = 0x8008c3a0
                0x8006ced0                        HandleXSpeed = 0x8006ced0
                0x8006cf20                        HandleYSpeed = 0x8006cf20
                0x8006ce80                        UpdateObjectPosBasedOnSpeedValues_real = 0x8006ce80
                0x80096380                        dSprite_c__getXDirectionOfFurthestPlayerRelativeToVEC3 = 0x80096380
                0x80064880                        CalculateDistanceFromActorsNextPosToFurthestPlayer = 0x80064880
                0x80095730                        doSpriteMovement = 0x80095730
                0x80436b88                        instance__17dEffectBreakMgr_c = 0x80436b88
                0x80092730                        spawnTile__17dEffectBreakMgr_cFP7Point3dUic = 0x80092730
                0x80070df0                        CollidedWithTile = 0x80070df0
                0x80096fe0                        SomeStrangeModification = 0x80096fe0
                0x8006d010                        Actor_GetVec3WithValuesAdded = 0x8006d010
                0x8006a5f0                        ConvertStagePositionIntoScreenPosition__Maybe = 0x8006a5f0
                0x80198440                        AnotherSoundRelatedFunction = 0x80198440
                0x80199500                        YetAnotherSoundPlayer = 0x80199500
                0x80196b40                        CheckIfPlayingSound = 0x80196b40
                0x80105450                        RelatedToPlayingSoundsAlongsideAnims = 0x80105450
                0x80437128                        SoundRelatedClass = 0x80437128
                0x801958c0                        MapSoundPlayer = 0x801958c0
                0x801955d0                        PlaySoundWithFunctionB4 = 0x801955d0
                0x8006a5f0                        ConvertStagePositionToScreenPosition__FP7Point2dP7Point3d = 0x8006a5f0
                0x80199170                        PlaySoundAtPosition__17SoundPlayingClassFiP7Point2dUi = 0x80199170
                0x80436a00                        instance2__17SoundPlayingClass = 0x80436a00
                0x80102470                        ExitStage__Fiiii = 0x80102470
                0x80102474                        ExitStageRealRest = 0x80102474
                0x80435cec                        LastPowerupStoreType = 0x80435cec
                0x8016f690                        zero__4mMtxFv = 0x8016f690
                0x8016f130                        rotationX__4mMtxFPs = 0x8016f130
                0x8016f1f0                        applyRotationX__4mMtxFPs = 0x8016f1f0
                0x8016f250                        rotationY__4mMtxFPs = 0x8016f250
                0x8016f310                        applyRotationY__4mMtxFPs = 0x8016f310
                0x8016f370                        rotationZ__4mMtxFPs = 0x8016f370
                0x8016f430                        applyRotationZ__4mMtxFPs = 0x8016f430
                0x8016f490                        applyRotationYXZ__4mMtxFPsPsPs = 0x8016f490
                0x8016f510                        applyRotationZYX__4mMtxFPsPsPs = 0x8016f510
                0x802dd1e8                        _savefpr_14 = 0x802dd1e8
                0x802dd1ec                        _savefpr_15 = 0x802dd1ec
                0x802dd1f0                        _savefpr_16 = 0x802dd1f0
                0x802dd1f4                        _savefpr_17 = 0x802dd1f4
                0x802dd1f8                        _savefpr_18 = 0x802dd1f8
                0x802dd1fc                        _savefpr_19 = 0x802dd1fc
                0x802dd200                        _savefpr_20 = 0x802dd200
                0x802dd204                        _savefpr_21 = 0x802dd204
                0x802dd208                        _savefpr_22 = 0x802dd208
                0x802dd20c                        _savefpr_23 = 0x802dd20c
                0x802dd210                        _savefpr_24 = 0x802dd210
                0x802dd214                        _savefpr_25 = 0x802dd214
                0x802dd218                        _savefpr_26 = 0x802dd218
                0x802dd21c                        _savefpr_27 = 0x802dd21c
                0x802dd220                        _savefpr_28 = 0x802dd220
                0x802dd224                        _savefpr_29 = 0x802dd224
                0x802dd228                        _savefpr_30 = 0x802dd228
                0x802dd22c                        _savefpr_31 = 0x802dd22c
                0x802dd234                        _restfpr_14 = 0x802dd234
                0x802dd238                        _restfpr_15 = 0x802dd238
                0x802dd23c                        _restfpr_16 = 0x802dd23c
                0x802dd240                        _restfpr_17 = 0x802dd240
                0x802dd244                        _restfpr_18 = 0x802dd244
                0x802dd248                        _restfpr_19 = 0x802dd248
                0x802dd24c                        _restfpr_20 = 0x802dd24c
                0x802dd250                        _restfpr_21 = 0x802dd250
                0x802dd254                        _restfpr_22 = 0x802dd254
                0x802dd258                        _restfpr_23 = 0x802dd258
                0x802dd25c                        _restfpr_24 = 0x802dd25c
                0x802dd260                        _restfpr_25 = 0x802dd260
                0x802dd264                        _restfpr_26 = 0x802dd264
                0x802dd268                        _restfpr_27 = 0x802dd268
                0x802dd26c                        _restfpr_28 = 0x802dd26c
                0x802dd270                        _restfpr_29 = 0x802dd270
                0x802dd274                        _restfpr_30 = 0x802dd274
                0x802dd278                        _restfpr_31 = 0x802dd278
                0x802dd280                        _savegpr_14 = 0x802dd280
                0x802dd284                        _savegpr_15 = 0x802dd284
                0x802dd288                        _savegpr_16 = 0x802dd288
                0x802dd28c                        _savegpr_17 = 0x802dd28c
                0x802dd290                        _savegpr_18 = 0x802dd290
                0x802dd294                        _savegpr_19 = 0x802dd294
                0x802dd298                        _savegpr_20 = 0x802dd298
                0x802dd29c                        _savegpr_21 = 0x802dd29c
                0x802dd2a0                        _savegpr_22 = 0x802dd2a0
                0x802dd2a4                        _savegpr_23 = 0x802dd2a4
                0x802dd2a8                        _savegpr_24 = 0x802dd2a8
                0x802dd2ac                        _savegpr_25 = 0x802dd2ac
                0x802dd2b0                        _savegpr_26 = 0x802dd2b0
                0x802dd2b4                        _savegpr_27 = 0x802dd2b4
                0x802dd2b8                        _savegpr_28 = 0x802dd2b8
                0x802dd2bc                        _savegpr_29 = 0x802dd2bc
                0x802dd2c0                        _savegpr_30 = 0x802dd2c0
                0x802dd2c4                        _savegpr_31 = 0x802dd2c4
                0x802dd2cc                        _restgpr_14 = 0x802dd2cc
                0x802dd2d0                        _restgpr_15 = 0x802dd2d0
                0x802dd2d4                        _restgpr_16 = 0x802dd2d4
                0x802dd2d8                        _restgpr_17 = 0x802dd2d8
                0x802dd2dc                        _restgpr_18 = 0x802dd2dc
                0x802dd2e0                        _restgpr_19 = 0x802dd2e0
                0x802dd2e4                        _restgpr_20 = 0x802dd2e4
                0x802dd2e8                        _restgpr_21 = 0x802dd2e8
                0x802dd2ec                        _restgpr_22 = 0x802dd2ec
                0x802dd2f0                        _restgpr_23 = 0x802dd2f0
                0x802dd2f4                        _restgpr_24 = 0x802dd2f4
                0x802dd2f8                        _restgpr_25 = 0x802dd2f8
                0x802dd2fc                        _restgpr_26 = 0x802dd2fc
                0x802dd300                        _restgpr_27 = 0x802dd300
                0x802dd304                        _restgpr_28 = 0x802dd304
                0x802dd308                        _restgpr_29 = 0x802dd308
                0x802dd30c                        _restgpr_30 = 0x802dd30c
                0x802dd310                        _restgpr_31 = 0x802dd310
                0x802dd72c                        __shl2i = 0x802dd72c
                0x802b9750                        __nw__FUl = 0x802b9750
                0x802b97c0                        __dl__FPv = 0x802b97c0
                0x802b97d0                        __dla__FPv = 0x802b97d0
                0x802dcd20                        __construct_new_array = 0x802dcd20
                0x802dd050                        __destroy_new_array = 0x802dd050
                0x802dcfd8                        __destroy_arr = 0x802dcfd8
                0x80024c90                        sub_80024C20 = 0x80024c90
                0x802dccc0                        __register_global_object = 0x802dccc0
                0x802dd13c                        __ptmf_scall = 0x802dd13c
                0x8015fb40                        setup__13FunctionChainFPPFPv_bUs = 0x8015fb40
                0x8006d080                        __ct__14collisionMgr_c = 0x8006d080
                0x8006d080                        __dt__14collisionMgr_c = 0x8006d080
                0x8006d120                        clear1__14collisionMgr_cFv = 0x8006d120
                0x8006d140                        clear2__14collisionMgr_cFv = 0x8006d140
                0x8006d1d0                        init__14collisionMgr_cFP13dStageActor_cPC12sensorBase_sPC12sensorBase_sPC12sensorBase_s = 0x8006d1d0
                0x8006d580                        Clear3__14collisionMgr_cFv = 0x8006d580
                0x8006dc70                        calculateBelowCollision__14collisionMgr_cFv = 0x8006dc70
                0x80070df0                        isOnTopOfTile__14collisionMgr_cCFv = 0x80070df0
                0x8006f080                        calculateAboveCollision__14collisionMgr_cFUi = 0x8006f080
                0x80072d00                        calculateBelowCollisionWithSmokeEffect__14collisionMgr_cFv = 0x80072d00
                0x8006fb80                        calculateAdjacentCollision__14collisionMgr_cFPf = 0x8006fb80
                0x800708a0                        s_80070760__14collisionMgr_cFv = 0x800708a0
                0x80070920                        s_800707E0__14collisionMgr_cFv = 0x80070920
                0x80070ce0                        getTileBehaviour1At__14collisionMgr_cFffUc = 0x80070ce0
                0x80070d80                        getTileBehaviour1At__14collisionMgr_cFUsUsUc = 0x80070d80
                0x80070d30                        getTileBehaviour2At__14collisionMgr_cFffUc = 0x80070d30
                0x80070da0                        getTileBehaviour2At__14collisionMgr_cFUsUsUc = 0x80070da0
                0x80070860                        getBelowSubType__14collisionMgr_c = 0x80070860
                0x80070860                        _ZN14collisionMgr_c15getBelowSubTypeEv = 0x80070860
                0x800b8550                        __ct_11freezeMgr_c = 0x800b8550
                0x800b85f0                        __dt__11freezeMgr_cFv = 0x800b85f0
                0x800b8660                        doSomethingCool1__11freezeMgr_c = 0x800b8660
                0x800b8730                        doSomethingCool2__11freezeMgr_c = 0x800b8730
                0x800b8800                        setSomething__11freezeMgr_cFUiUiUi = 0x800b8800
                0x800b8810                        Create_ICEACTORs__11freezeMgr_cFPvi = 0x800b8810
                0x800b8960                        Delete_ICEACTORs__11freezeMgr_c = 0x800b8960
                0x800b89e0                        SetIceTimer_pt1__11freezeMgr_c = 0x800b89e0
                0x800b8a40                        SetIceTimer_pt2__11freezeMgr_c = 0x800b8a40
                0x800b8ac0                        CheckIceTimer_lte_Value__11freezeMgr_c = 0x800b8ac0
                0x800b8b30                        doSomethingCool3__11freezeMgr_c = 0x800b8b30
                0x800b8bc0                        doSomethingCool4__11freezeMgr_c = 0x800b8bc0
                0x800b8c40                        doSomethingCool5__11freezeMgr_c = 0x800b8c40
                0x800b8cc0                        doSomethingCool6__11freezeMgr_c = 0x800b8cc0
                0x800b8d40                        DoMeltNormal__11freezeMgr_c = 0x800b8d40
                0x800b8e00                        doSomethingCool7__11freezeMgr_c = 0x800b8e00
                0x800b8ff0                        CheckCountdownTimer__11freezeMgr_c = 0x800b8ff0
                0x80336140                        __vt__7fBase_c = 0x80336140
                0x801622c0                        onCreate__7fBase_cFv = 0x801622c0
                0x80162370                        onDelete__7fBase_cFv = 0x80162370
                0x80162610                        onExecute__7fBase_cFv = 0x80162610
                0x80162810                        willBeDeleted__7fBase_cFv = 0x80162810
                0x80162b30                        moreHeapShit__7fBase_cFUiPv = 0x80162b30
                0x80162d30                        createHeap__7fBase_cFUiPv = 0x80162d30
                0x80162df0                        heapCreated__7fBase_cFv = 0x80162df0
                0x80162a50                        Delete__7fBase_cFv = 0x80162a50
                0x80162ef0                        findNextUninitialisedProcess__7fBase_cFv = 0x80162ef0
                0x80162f60                        hasUninitialisedProcesses__7fBase_cFv = 0x80162f60
                0x80162710                        onDraw__7fBase_cFv = 0x80162710
                0x80162a50                        _Z15fBase_c__DeletePv = 0x80162a50
                0x80162a50                        fBase_c__Delete__FPv = 0x80162a50
                0x803240a0                        __vt__15StageActorLight = 0x803240a0
                0x800ccb90                        init__15StageActorLightFPvi = 0x800ccb90
                0x800ccc50                        update__15StageActorLight = 0x800ccc50
                0x800ccd00                        draw__15StageActorLight = 0x800ccd00
                0x800ccd00                        _ZN15StageActorLight6updateEv = 0x800ccd00
                0x800ccd00                        _ZN15StageActorLight4drawEv = 0x800ccd00
                0x80041510                        __dt__15StageActorLight = 0x80041510
                0x8006c7a0                        GetExplanationString__7dBase_cFv = 0x8006c7a0
                0x8030e6e8                        __vt__15daEnBlockMain_c = 0x8030e6e8
                0x800233b0                        __dt__15daEnBlockMain_cFv = 0x800233b0
                0x80022ef0                        calledWhenUpMoveBegins__15daEnBlockMain_cFv = 0x80022ef0
                0x80022fd0                        calledWhenDownMoveBegins__15daEnBlockMain_cFv = 0x80022fd0
                0x80022fa0                        calledWhenUpMoveExecutes__15daEnBlockMain_cFv = 0x80022fa0
                0x80023210                        calledWhenUpMoveDiffExecutes__15daEnBlockMain_cFv = 0x80023210
                0x80023080                        calledWhenDownMoveExecutes__15daEnBlockMain_cFv = 0x80023080
                0x800230f0                        calledWhenDownMoveEndExecutes__15daEnBlockMain_cFv = 0x800230f0
                0x80023330                        calledWhenDownMoveDiffExecutes__15daEnBlockMain_cFv = 0x80023330
                0x800233a0                        calledWhenDownMoveDiffEndExecutes__15daEnBlockMain_cFv = 0x800233a0
                0x80022e30                        updateScale__15daEnBlockMain_cFb = 0x80022e30
                0x80022ed0                        upMove_Begin__15daEnBlockMain_cFv = 0x80022ed0
                0x80022f10                        upMove_Execute__15daEnBlockMain_cFv = 0x80022f10
                0x80022f00                        upMove_End__15daEnBlockMain_cFv = 0x80022f00
                0x80022fb0                        downMove_Begin__15daEnBlockMain_cFv = 0x80022fb0
                0x80022ff0                        downMove_Execute__15daEnBlockMain_cFv = 0x80022ff0
                0x80022fe0                        downMove_End__15daEnBlockMain_cFv = 0x80022fe0
                0x80023090                        downMoveEnd_Begin__15daEnBlockMain_cFv = 0x80023090
                0x800230b0                        downMoveEnd_Execute__15daEnBlockMain_cFv = 0x800230b0
                0x800230a0                        downMoveEnd_End__15daEnBlockMain_cFv = 0x800230a0
                0x80023100                        upMove_Diff_Begin__15daEnBlockMain_cFv = 0x80023100
                0x80023140                        upMove_Diff_Execute__15daEnBlockMain_cFv = 0x80023140
                0x80023130                        upMove_Diff_End__15daEnBlockMain_cFv = 0x80023130
                0x80023220                        downMove_Diff_Begin__15daEnBlockMain_cFv = 0x80023220
                0x80023260                        downMove_Diff_Execute__15daEnBlockMain_cFv = 0x80023260
                0x80023250                        downMove_Diff_End__15daEnBlockMain_cFv = 0x80023250
                0x80023340                        downMove_DiffEnd_Begin__15daEnBlockMain_cFv = 0x80023340
                0x80023360                        downMove_DiffEnd_Execute__15daEnBlockMain_cFv = 0x80023360
                0x80023350                        downMove_DiffEnd_End__15daEnBlockMain_cFv = 0x80023350
                0x80021700                        blockInit__15daEnBlockMain_cFf = 0x80021700
                0x80021820                        blockUpdate__15daEnBlockMain_cFv = 0x80021820
                0x80021330                        blockResult__15daEnBlockMain_cFv = 0x80021330
                0x800211f0                        PhysicsCallback1__15daEnBlockMain_c = 0x800211f0
                0x800211e0                        PhysicsCallback2__15daEnBlockMain_c = 0x800211e0
                0x80021210                        PhysicsCallback3__15daEnBlockMain_c = 0x80021210
                0x80020c60                        OPhysicsCallback1__15daEnBlockMain_c = 0x80020c60
                0x80020ee0                        OPhysicsCallback2__15daEnBlockMain_c = 0x80020ee0
                0x80021080                        OPhysicsCallback3__15daEnBlockMain_c = 0x80021080
                0x8035f734                        StateID_UpMove__15daEnBlockMain_c = 0x8035f734
                0x8035f774                        StateID_DownMove__15daEnBlockMain_c = 0x8035f774
                0x8035f7b4                        StateID_DownMoveEnd__15daEnBlockMain_c = 0x8035f7b4
                0x8035f7f4                        StateID_UpMove_Diff__15daEnBlockMain_c = 0x8035f7f4
                0x8035f834                        StateID_DownMove_Diff__15daEnBlockMain_c = 0x8035f834
                0x8035f874                        StateID_DownMove_DiffEnd__15daEnBlockMain_c = 0x8035f874
                0x80094fc0                        __ct__5dEn_cFv = 0x80094fc0
                0x80095270                        __dt__5dEn_cFv = 0x80095270
                0x800971d0                        sub_80097050__5dEn_cFv = 0x800971d0
                0x800970e0                        manageBelowCollision__5dEn_cFv = 0x800970e0
                0x80095310                        afterCreate__5dEn_cFi = 0x80095310
                0x80095380                        beforeExecute__5dEn_cFv = 0x80095380
                0x800955c0                        afterExecute__5dEn_cFi = 0x800955c0
                0x800955e0                        beforeDraw__5dEn_cFv = 0x800955e0
                0x800980f0                        kill__5dEn_cFv = 0x800980f0
                0x80097dc0                        eatIn__5dEn_cFv = 0x80097dc0
                0x80097e30                        disableEatIn__5dEn_cFv = 0x80097e30
                0x80097eb0                        _vf8C__5dEn_cFPv = 0x80097eb0
                0x80097570                        _vfCC__5dEn_cFP7Point2df = 0x80097570
                0x80097670                        _vfD0__5dEn_cFP7Point2df = 0x80097670
                0x800a7f70                        doStateChange__5dEn_cFP12dStateBase_c = 0x800a7f70
                0x80097f70                        _ZN5dEn_c5_vfACEPv = 0x80097f70
                0x80095a90                        collisionCallback__5dEn_cFP13ActivePhysicsP13ActivePhysics = 0x80095a90
                0x80095e20                        preSpriteCollision__5dEn_cFP13ActivePhysicsP13ActivePhysics = 0x80095e20
                0x80095e70                        prePlayerCollision__5dEn_cFP13ActivePhysicsP13ActivePhysics = 0x80095e70
                0x80096090                        preYoshiCollision__5dEn_cFP13ActivePhysicsP13ActivePhysics = 0x80096090
                0x800961a0                        stageActorCollision__5dEn_cFP13ActivePhysicsP13ActivePhysics = 0x800961a0
                0x80095d50                        spriteCollision__5dEn_cFP13ActivePhysicsP13ActivePhysics = 0x80095d50
                0x80095d60                        playerCollision__5dEn_cFP13ActivePhysicsP13ActivePhysics = 0x80095d60
                0x80095dc0                        yoshiCollision__5dEn_cFP13ActivePhysicsP13ActivePhysics = 0x80095dc0
                0x8009f9c0                        collisionCat3_StarPower__5dEn_cFP13ActivePhysicsP13ActivePhysics = 0x8009f9c0
                0x8009fcd0                        collisionCat5_Mario__5dEn_cFP13ActivePhysicsP13ActivePhysics = 0x8009fcd0
                0x8009ffc0                        _vf108__5dEn_cFP13ActivePhysicsP13ActivePhysics = 0x8009ffc0
                0x800a0150                        collisionCatD_Drill__5dEn_cFP13ActivePhysicsP13ActivePhysics = 0x800a0150
                0x800a0140                        _vf110__5dEn_cFP13ActivePhysicsP13ActivePhysics = 0x800a0140
                0x8009fe60                        collisionCat8_FencePunch__5dEn_cFP13ActivePhysicsP13ActivePhysics = 0x8009fe60
                0x800a02d0                        collisionCat7_GroundPound__5dEn_cFP13ActivePhysicsP13ActivePhysics = 0x800a02d0
                0x800a0450                        collisionCat7_GroundPoundYoshi__5dEn_cFP13ActivePhysicsP13ActivePhysics = 0x800a0450
                0x8009fe50                        _vf120__5dEn_cFP13ActivePhysicsP13ActivePhysics = 0x8009fe50
                0x8009fe40                        collisionCatA_PenguinMario__5dEn_cFP13ActivePhysicsP13ActivePhysics = 0x8009fe40
[...]
                0x00073c43                .dwarf.0007.__vt__20dState_c<9daDreidel>
                0x00073c8f                .dwarf.0007.__vt__22dState_c<10daPodouble>
                0x00073cdd                .dwarf.0007.__vt__23dState_c<11daSamurshai>
                0x00073d2c                .dwarf.0007.__vt__19dState_c<8daWrench>
                0x00073d77                .dwarf.0007.__vt__22dState_c<10daBalboa_c>
                0x00073dc5                .dwarf.0007.__vt__22dState_c<10daRamboo_c>
                0x00073e13                .dwarf.0007.__vt__27dState_c<15daEnMegaDosun_c>
                0x00073e66                .dwarf.0007.__vt__25dState_c<13daFuzzyBear_c>
                0x00073eb7                .dwarf.0007.__vt__26dState_c<14daMegaGoomba_c>
                0x00073f09                .dwarf.0007.__vt__19dState_c<8daTopman>
                0x00073f54                .dwarf.0007.__vt__26dState_c<14daEnMsgBlock_c>
                0x00073fa6                .dwarf.0007.__vt__28dState_c<16daEnEventBlock_c>
                0x00073ffa                .dwarf.0007.__vt__28dState_c<16dMsgBoxManager_c>
                0x0007404e                .dwarf.0007.__vt__25dState_c<13daFireLaser_c>
                0x0007409f                .dwarf.0007.__vt__20dState_c<9daMrSun_c>
                0x000740eb                .dwarf.0007.__vt__27dState_c<15daEnFlipBlock_c>
                0x0007413e                .dwarf.0007.__vt__26dState_c<14daEnChestnut_c>
                0x00074190                .dwarf.0007.__vt__24dState_c<12dEndingMgr_c>
                0x0007446e                .dwarf.0002.dState_c<17dCollectionCoin_c>::dState_c
                0x0007455f                .dwarf.0007.StateID_ExitAnimeEndWait__17dCollectionCoin_c
                0x000745c5                .dwarf.0007.isReplayEnabled
                0x000745f0                .dwarf.0007.enableHardMode
                0x0007461a                .dwarf.0002.dState_c<22dCourseSelectManager_c>::dState_c
                0x0007470b                .dwarf.0002.dStateMethodExecutor_c<22dCourseSelectManager_c>::dStateMethodExecutor_c
                0x000748cf                .dwarf.0002.dStateExecutor_c<22dCourseSelectManager_c>::dStateExecutor_c
                0x00074afd                .dwarf.0002.dStateWrapperBase_c<22dCourseSelectManager_c>::dStateWrapperBase_c
                0x00074cb5                .dwarf.0002.dStateWrapper_c<22dCourseSelectManager_c>::dStateWrapper_c
                0x00074e5d                .dwarf.0002.dCourseSelectManager_c::dCourseSelectManager_c
                0x0007572d                .dwarf.0007.instance__22dCourseSelectManager_c
                0x0007578d                .dwarf.0007.__vt__15StageActorLight
                0x00075881                .dwarf.0002.daNeedles::daNeedles
                0x00075bc2                .dwarf.0002.dState_c<9daNeedles>::dState_c
                0x00075cb3                .dwarf.0007.StateID_Die__9daNeedles
                0x00075cf6                .dwarf.0007.StateID_Idle__9daNeedles
                0x00075d3b                .dwarf.0007.StateID_DemoWait__9daNeedles
                0x00076028                .dwarf.0002.dState_c<5dEn_c>::dState_c
                0x00076119                .dwarf.0007.StateID_DieSmoke__5dEn_c
                0x00076162                .dwarf.0007.sAllocatorFunc__FrmHeap
                0x00076378                .dwarf.0002.dStateBase_c::dStateBase_c
                0x0007644c                .dwarf.0007.ClownDemoWaitState
                0x0007647c                .dwarf.0007.JrClownDemoWaitState
                0x000764ae                .dwarf.0007.DontShowPreGame
                0x00076507                .dwarf.0013.StartLevelInfo::StartLevelInfo
                0x000766bc                .dwarf.0007.RESTART_CRSIN_LevelStartStruct
                0x000766f8                .dwarf.0007.JrClownEndDemoState
                0x00076757                .dwarf.0013.dWaterInfo_s::dWaterInfo_s
                0x00076bde                .dwarf.0002.dWaterManager_c::dWaterManager_c
                0x00076c75                .dwarf.0007.instance__15dWaterManager_c
                0x00076cdc                .dwarf.0007.Player_Lives
                0x00076d26                .dwarf.0007.Player_ID
                0x00076d6d                .dwarf.0007.Player_Active
                0x00076daa                .dwarf.0007.__vt__Q23mEf3es2
                0x00076dea                .dwarf.0007.__vt__Q23mEf8effect_c
                0x00076e2f                .dwarf.0007.__vt__Q23m3d11anmTexSrt_c
                0x00076e78                .dwarf.0007.__vt__Q23m3d6banm_c
                0x00076ea9                .dwarf.0007.ScreenPositionClass
                0x00076eea                .dwarf.0007.__vt__Q23m3d8anmVis_c
                0x00076f1d                .dwarf.0007.StageScreen
                0x00076f44                .dwarf.0007.StateID_DieOther__5dEn_c
                0x00076f8d                .dwarf.0007.EnemyBounceValue
                0x0007700c                .dwarf.0013.RemoconMngClass::RemoconMngClass
                0x00077087                .dwarf.0007.RemoconMng
                0x000770b2                .dwarf.0007.ActiveWiimoteID
                0x00077168                .dwarf.0002.StageC4::StageC4
                0x00077370                .dwarf.0007.instance__7StageC4
                0x000773ae                .dwarf.0007.MessageBoxIsShowing
                0x000773dd                .dwarf.0007.BGDatClass
                0x00077403                .dwarf.0007.BgActorDefs
                0x0007747d                .dwarf.0013.dBgActorManager_c::dBgActorManager_c
                0x00077565                .dwarf.0007.dBgActorManager
                0x000775e3                .dwarf.0013.BG_GM_hax::BG_GM_hax
                0x000776ca                .dwarf.0007.BG_GM_ptr
                0x0007776b                .dwarf.0002.SoundPlayingClass::SoundPlayingClass
                0x000777f8                .dwarf.0007.instance2__17SoundPlayingClass
                0x000778bf                .dwarf.0002.dEffectBreakBase_c::dEffectBreakBase_c
                0x00077a53                .dwarf.0002.dEffectBreakMgr_c::dEffectBreakMgr_c
                0x00077a9d                .dwarf.0007.instance__17dEffectBreakMgr_c
                0x00077d64                .dwarf.0002.BGDatClass::BGDatClass
                0x00077ed3                .dwarf.0007.instance__10BGDatClass
                0x000781b5                .dwarf.0002.dState_c<14daEnGakeNoko_c>::dState_c
                0x000782a6                .dwarf.0007.StateID_FoolMove__14daEnGakeNoko_c
                0x000782f9                .dwarf.0007.StateID_Move__14daEnGakeNoko_c
                0x00078364                .dwarf.0007.gameHeaps__5mHeap
                0x0007839f                .dwarf.0007.StateID_DieFall__5dEn_c
                0x000783e6                .dwarf.0007.BGScaleBack
                0x0007840f                .dwarf.0007.BGScaleFront
                0x00078439                .dwarf.0007.GameTimer
                0x0007847e                .dwarf.0007.Player_Flags
                0x000784a8                .dwarf.0007.BGScaleEnabled
                0x000784d2                .dwarf.0007.GlobalStarsCollected
                0x00078502                .dwarf.0007.ZOrderOn
                0x00078526                .dwarf.0007.AlwaysDrawBranch
                0x00078552                .dwarf.0007.AlwaysDrawFlag
                0x0007857c                .dwarf.0007.SizerOn
                0x0007859f                .dwarf.0007.GlobalRiderSize
                0x000785ca                .dwarf.0007.GlobalSpriteSpeed
                0x000785f7                .dwarf.0007.GlobalSpriteSize
                0x00078623                .dwarf.0007.MiniMarioJumpArc
                0x0007864f                .dwarf.0007.MarioJumpArc
                0x00078677                .dwarf.0007.MarioJumpMax
                0x0007869f                .dwarf.0007.MarioDescentRate
                0x000786cb                .dwarf.0007.ArchiveHeap
                0x000786f2                .dwarf.0007.GameFlag
                0x00078716                .dwarf.0007.GameMgrP
                0x0007873f                .dwarf.0007.CurrentLevel
                0x00078767                .dwarf.0007.CurrentWorld
                0x00078a2f                .dwarf.0002.dState_c<12daKameckDemo>::dState_c
                0x00078b20                .dwarf.0007.StateID_DemoSt2__12daKameckDemo
                0x00078b6f                .dwarf.0007.StateID_DemoSt__12daKameckDemo
                0x00078bbc                .dwarf.0007.StateID_DemoWait__12daKameckDemo
                0x00078cdb                .dwarf.0002.dStage32C_c::dStage32C_c
                0x00079124                .dwarf.0007.instance__11dStage32C_c
                0x00079167                .dwarf.0007.SaveFileInstance
                0x00079198                .dwarf.0007.instance__19ClassWithCameraInfo
                0x00079211                .dwarf.0013.BgGmBase::something_s::something_s
                0x00079339                .dwarf.0013.BgGmBase::limitLineEntry_s::limitLineEntry_s
                0x0007965d                .dwarf.0013.BgGmBase::manualZoomEntry_s::manualZoomEntry_s
                0x000797da                .dwarf.0013.BgGmBase::beets_s::beets_s
                0x00079a31                .dwarf.0002.BgGmBase::BgGmBase
                0x00079ca8                .dwarf.0002.dBgGm_c::dBgGm_c
                0x00079d12                .dwarf.0007.instance__7dBgGm_c
                0x00079ead                .dwarf.0002.dCourseFull_c::dCourseFull_c
                0x00079f3e                .dwarf.0007.instance__13dCourseFull_c
                0x00079f83                .dwarf.0007.StagePtr
                0x0007a38e                .dwarf.0002.dFlagMgr_c::dFlagMgr_c
                0x0007a561                .dwarf.0007.instance__10dFlagMgr_c
                0x0007a843                .dwarf.0002.dState_c<15daEnBlockMain_c>::dState_c
                0x0007a934                .dwarf.0007.StateID_DownMove__15daEnBlockMain_c
                0x0007a988                .dwarf.0007.StateID_UpMove__15daEnBlockMain_c
                0x0007a9ea                .dwarf.0007.__vt__15daEnBlockMain_c
                0x0007aa1f                .dwarf.0007.PhysicsCallback3__15daEnBlockMain_c
                0x0007aa71                .dwarf.0007.PhysicsCallback2__15daEnBlockMain_c
                0x0007aac3                .dwarf.0007.PhysicsCallback1__15daEnBlockMain_c
                0x0007ab15                .dwarf.0007.OPhysicsCallback3__15daEnBlockMain_c
                0x0007ab69                .dwarf.0007.OPhysicsCallback2__15daEnBlockMain_c
                0x0007abbd                .dwarf.0007.OPhysicsCallback1__15daEnBlockMain_c
                0x0007ac11                .dwarf.0007.DVDClass
                0x0007ac47                .dwarf.0007.__vt__Q23m3d8anmChr_c
                0x0007ac7a                .dwarf.0007.StateID_Thank__24daEnBossKoopaDemoPeach_c
                0x0007acd1                .dwarf.0007.StateID_Rescue__24daEnBossKoopaDemoPeach_c
                0x0007ad2a                .dwarf.0007.StateID_Open__24daEnBossKoopaDemoPeach_c
                0x0007ad7f                .dwarf.0007._8042A788
                0x0007ada4                .dwarf.0007.StateID_Turn__24daEnBossKoopaDemoPeach_c
                0x0007ae47                .dwarf.0002.BalloonRelatedClass::BalloonRelatedClass
                0x0007aedb                .dwarf.0007.instance__19BalloonRelatedClass
                0x0007af94                .dwarf.0002.dStageActorMgr_c::dStageActorMgr_c
                0x0007b204                .dwarf.0007.instance__16dStageActorMgr_c
                0x0007b2ce                .dwarf.0002.WLClass::WLClass
                0x0007b3a1                .dwarf.0007.instance__7WLClass
                0x0007b3df                .dwarf.0007.SoundRelatedClass
                0x0007b4d7                .dwarf.0002.StageE4::StageE4
                0x0007b570                .dwarf.0007.instance__7StageE4
                0x0007b5c0                .dwarf.0007.__vt__12daBossDemo_c
                0x0007b5f2                .dwarf.0007.globalListHead__13BasicCollider
                0x0007b643                .dwarf.0007.globalListHead__7Physics
                0x0007b6bb                .dwarf.0017._wgpipe::_wgpipe
                0x0007b7ce                .dwarf.0007.wgPipe
                0x0007b7f2                .dwarf.0007.globalListHead__13ActivePhysics
                0x0007b863                .dwarf.0007.GameHeaps
                0x0007b8ae                .dwarf.0007.spriteFiles
                0x0007b8fa                .dwarf.0007.profileNames
                0x0007b949                .dwarf.0007.originalProfiles
                0x0007b977                .dwarf.0007.ObjectProfileList
                0x0007b9cc                .dwarf.0007.originalSprites
                0x0007bacc                .dwarf.0006.sqrtf__Ff
                0x0007bbee                .dwarf.0006.executeNextStateThisTick__36dStateWrapperBase_c<13dActorState_c>Fv
                0x0007bc9c                .dwarf.0006.setState__36dStateWrapperBase_c<13dActorState_c>FP12dStateBase_c
                0x0007bd68                .dwarf.0006.__dt__Q34nw4r3snd11SoundHandleFv
                0x0007bdde                .dwarf.0006.getCurrentState__33dStateWrapperBase_c<10daPlBase_c>Fv
                0x0007be80                .dwarf.0006.__dt__35dStateWrapper_c<16dMsgBoxManager_c>Fv
                0x0007bf03                .dwarf.0006.__dt__39dStateWrapperBase_c<16dMsgBoxManager_c>Fv
                0x0007bf8a                .dwarf.0006.execute__39dStateWrapperBase_c<16dMsgBoxManager_c>Fv
                0x0007c019                .dwarf.0006.setState__39dStateWrapperBase_c<16dMsgBoxManager_c>FP12dStateBase_c
                0x0007c0e8                .dwarf.0006.__dt__29dStateWrapper_c<10dSingAlong>Fv
                0x0007c165                .dwarf.0006.__dt__33dStateWrapperBase_c<10dSingAlong>Fv
                0x0007c1e6                .dwarf.0006.setState__33dStateWrapperBase_c<10dSingAlong>FP12dStateBase_c
                0x0007c2af                .dwarf.0006.execute__33dStateWrapperBase_c<10dSingAlong>Fv
                0x0007c338                .dwarf.0006.setState__40dStateWrapperBase_c<17dCollectionCoin_c>FP12dStateBase_c
                0x0007c408                .dwarf.0006.getPreviousState__39dStateWrapperBase_c<16dMsgBoxManager_c>Fv
                0x0007c4b2                .dwarf.0006.getCurrentState__39dStateWrapperBase_c<16dMsgBoxManager_c>Fv
                0x0007c55a                .dwarf.0006.getNextState__39dStateWrapperBase_c<16dMsgBoxManager_c>Fv
                0x0007c5fc                .dwarf.0006.getCurrentStateMethodExecutor__39dStateWrapperBase_c<16dMsgBoxManager_c>Fv
                0x0007c6c0                .dwarf.0006.executeNextStateThisTick__39dStateWrapperBase_c<16dMsgBoxManager_c>Fv
                0x0007c771                .dwarf.0006.endCurrentState__39dStateWrapperBase_c<16dMsgBoxManager_c>Fv
                0x0007c810                .dwarf.0006.ensureStateHasBegun__39dStateWrapperBase_c<16dMsgBoxManager_c>Fv
                0x0007c8b7                .dwarf.0006.getPreviousState__33dStateWrapperBase_c<10dSingAlong>Fv
                0x0007c95b                .dwarf.0006.getCurrentState__33dStateWrapperBase_c<10dSingAlong>Fv
                0x0007c9fd                .dwarf.0006.getNextState__33dStateWrapperBase_c<10dSingAlong>Fv
                0x0007ca99                .dwarf.0006.getCurrentStateMethodExecutor__33dStateWrapperBase_c<10dSingAlong>Fv
                0x0007cb57                .dwarf.0006.executeNextStateThisTick__33dStateWrapperBase_c<10dSingAlong>Fv
                0x0007cc02                .dwarf.0006.endCurrentState__33dStateWrapperBase_c<10dSingAlong>Fv
                0x0007cc9b                .dwarf.0006.ensureStateHasBegun__33dStateWrapperBase_c<10dSingAlong>Fv
                0x0007cd3c                .dwarf.0006.beginSomething__12daBossDemo_cFv
                0x0007cd8e                .dwarf.0006.endSomething__12daBossDemo_cFv
                0x0007cddc                .dwarf.0006.getIdOfOtherActor__12daBossDemo_cFv
                0x0007ce62                .dwarf.0006.setIdOfOtherActor__12daBossDemo_cFi
                0x0007cf02                .dwarf.0006.vf128__12daBossDemo_cFv
                0x0007cf46                .dwarf.0006.justReturnField3D4_decidesIfEndBattle__12daBossDemo_cFv
                0x0007cff4                .dwarf.0006.vf130__12daBossDemo_cFv
                0x0007d038                .dwarf.0006.getActorPointerForSomething__12daBossDemo_cFv
                0x0007d182                .dwarf.0006.executeNextStateThisTick__15dStateMgrBase_cFv
                0x0007d215                .dwarf.0006.getCurrentState__15dStateMgrBase_cFv
                0x0007d29f                .dwarf.0006.__dt__11dStateMgr_cFv
                0x0007d30a                .dwarf.0006.__dt__36dStateExecutor_c<16dMsgBoxManager_c>Fv
                0x0007d38e                .dwarf.0006.__dt__42dStateMethodExecutor_c<16dMsgBoxManager_c>Fv
                0x0007d418                .dwarf.0006.__dt__26dStateMethodExecutorBase_cFv
                0x0007d492                .dwarf.0006.__dt__20dStateExecutorBase_cFv
                0x0007d506                .dwarf.0006.__dt__17dStatePointless_cFv
                0x0007d577                .dwarf.0006.__dt__30dStateExecutor_c<10dSingAlong>Fv
                0x0007d5f5                .dwarf.0006.__dt__36dStateMethodExecutor_c<10dSingAlong>Fv
                0x0007d679                .dwarf.0006.callEnd__42dStateMethodExecutor_c<16dMsgBoxManager_c>Fv
                0x0007d705                .dwarf.0006.callExecute__42dStateMethodExecutor_c<16dMsgBoxManager_c>Fv
                0x0007d799                .dwarf.0006.callBegin__42dStateMethodExecutor_c<16dMsgBoxManager_c>Fv
                0x0007d829                .dwarf.0006.callEnd__36dStateMethodExecutor_c<10dSingAlong>Fv
                0x0007d8af                .dwarf.0006.callExecute__36dStateMethodExecutor_c<10dSingAlong>Fv
                0x0007d93d                .dwarf.0006.callBegin__36dStateMethodExecutor_c<10dSingAlong>Fv
                0x0007d9c7                .dwarf.0006.clearMethodExecutor__36dStateExecutor_c<16dMsgBoxManager_c>FPP26dStateMethodExecutorBase_c
                0x0007da90                .dwarf.0006.getMethodExecutorForState__36dStateExecutor_c<16dMsgBoxManager_c>FP12dStateBase_c
                0x0007db77                .dwarf.0006.clearMethodExecutor__30dStateExecutor_c<10dSingAlong>FPP26dStateMethodExecutorBase_c
                0x0007dc3a                .dwarf.0006.getMethodExecutorForState__30dStateExecutor_c<10dSingAlong>FP12dStateBase_c
                0x0007dd1b                .dwarf.0006.getPreviousState__15dStateMgrBase_cFv
                0x0007dda7                .dwarf.0006.getNextState__15dStateMgrBase_cFv
                0x0007de2b                .dwarf.0006.getCurrentStateMethodExecutor__15dStateMgrBase_cFv
                0x0007ded1                .dwarf.0006.returnsOne__17dStatePointless_cFv
                0x0007dff0                .dwarf.0006.returnUnknown__Q23m3d6proc_cFv
                0x0007e110                .dwarf.0006.beforeExecute__16dMsgBoxManager_cFv
                0x0007e168                .dwarf.0006.afterExecute__16dMsgBoxManager_cFi
                0x0007e1be                .dwarf.0006.beforeDraw__16dMsgBoxManager_cFv
                0x0007e210                .dwarf.0006.afterDraw__16dMsgBoxManager_cFi

.comment        0x00000000    0x17b14
 .comment       0x00000000    0x17b14 tmp\fasthack.o
