
There are no discarded input sections

Memory Configuration

Name             Origin             Length             Attributes
*default*        0x00000000         0xffffffff

Linker script and memory map

                0x80991010                        StateID_KeyWait__17dCollectionCoin_c = 0x80991010
                0x809910d0                        StateID_ExitAnimeEndWait__17dCollectionCoin_c = 0x809910d0
                0x80774af0                        CollectionCoinNextWorld = 0x80774af0
                0x80774a40                        CollectionCoinPreviousWorld = 0x80774a40
                0x8042a260                        GameFlag = 0x8042a260
                0x808987a0                        RIVERMGRBuild = 0x808987a0
                0x80102b50                        CreateBootParam = 0x80102b50
                0x8080f920                        dClownCarPlayerBuild = 0x8080f920
                0x808bef50                        dWaterLiftBuild = 0x808bef50
                0x8006a1c0                        GetDanceValues_DummyBlockAndGrass = 0x8006a1c0
                0x8006a1d0                        CheckDanceValues_DummyBlockAndGrass = 0x8006a1d0
                0x8006a1f0                        GetDanceValues_Bahps = 0x8006a1f0
                0x8006a200                        CheckDanceValues_Bahps = 0x8006a200
                0x8006a220                        GetDanceValues_CreditsControl = 0x8006a220
                0x8006a230                        GetDanceValues_AnimSpeed = 0x8006a230
                0x8006a240                        SetCurrentStageMusic = 0x8006a240
                0x8006a250                        GetCurrentStageMusic = 0x8006a250
                0x800c9580                        disableAnim__Q23m2d13EmbedLayout_cFi = 0x800c9580
                0x80007220                        getRootPane__Q23m2d17EmbedLayoutBase_cFv = 0x80007220
                0x801954c0                        MapSoundPlayer = 0x801954c0
                0x800b3b50                        QueryGlobal5758 = 0x800b3b50
                0x80429fd8                        NextStageActorDisableFlags = 0x80429fd8
                0x80429fda                        StageActorDisableFlags = 0x80429fda
                0x8042a5b8                        CurrentWarningManager = 0x8042a5b8
                0x80779a40                        onCreate_orig__14dCourseClear_cFv = 0x80779a40
                0x80b15510                        StateID_Flagdown__12daEnGlpole_c = 0x80b15510
                0x80377438                        StateID_ProcGoalEnd__14dGameDisplay_c = 0x80377438
                0x8004dd00                        sub_8004DD00__10daPlBase_cFv = 0x8004dd00
                0x80a0b1b0                        daEnGlpole_c__CheckThis = 0x80a0b1b0
                0x80989d70                        aWm_ob_eggbreak = 0x80989d70
                0x80989d84                        aWm_ob_eggbre_0 = 0x80989d84
                0x80989d98                        aWm_ob_eggbre_1 = 0x80989d98
                0x80989dac                        aWm_ob_eggbre_2 = 0x80989dac
                0x80a9429c                        returnFromChangeRedRingArray = 0x80a9429c
                0x8093c63c                        stockItemPowerupModelScale = 0x8093c63c
                0x8093c0f4                        stockItemPlayerModelScale = 0x8093c0f4
                0x809a2520                        StateID_StockItemSelectWait__22dCourseSelectManager_c = 0x809a2520
                0x80a6b430                        callFooDeath = 0x80a6b430
                0x8085f5d0                        FUN_8085f5c0 = 0x8085f5d0
                0x80860084                        fixJumbo1return = 0x80860084
                0x808600e8                        fixJumbo2return = 0x808600e8
                0x801436a0                        ContinueFromSixteenthHook = 0x801436a0
                0x8042bc34                        layerZPositionForByugoHack = 0x8042bc34
                0x808e81b0                        continueNodeSetup = 0x808e81b0
                0x80015474                        continueFromChangeSmallScore100Color = 0x80015474
                0x80015344                        continueFromChangeSmallScore1000Color1 = 0x80015344
                0x80015374                        continueFromChangeSmallScore1000Color2 = 0x80015374
                0x800b48c4                        continueFromChangeSmallScore1UPColor1 = 0x800b48c4
                0x800b48f4                        continueFromChangeSmallScore1UPColor2 = 0x800b48f4
                0x808ce2cc                        doneWithPatchAnimNameArray = 0x808ce2cc
                0x808ce31c                        doneWithPatchAnimByte34Array = 0x808ce31c
                0x808ce8f0                        bindAnimCobCourse = 0x808ce8f0
                0x8042a52d                        CurrentWorldNumForWorldMap = 0x8042a52d
                0x8042a52e                        CurrentWorldNumForWorldMapSub = 0x8042a52e
                0x80051ef0                        disableDemoControl__10daPlBase_cFv = 0x80051ef0
                0x80051e70                        useDemoControl__10daPlBase_cFv = 0x80051e70
                0x80137650                        stunPlayer__7dAcPy_cFv = 0x80137650
                0x80137790                        unstunPlayer__7dAcPy_cFv = 0x80137790
                0x803766b0                        StateID_Quake__10daPlBase_c = 0x803766b0
                0x8004dd00                        sub_8004DD00__10daPlBase_cFv = 0x8004dd00
                0x80a0b1b0                        daEnGlpole_c__CheckThis = 0x80a0b1b0
                0x8005e724                        continueAt8005e724 = 0x8005e724
                0x80147214                        continueAt80147214 = 0x80147214
                0x80151680                        ContinueWithoutCourage = 0x80151680
                0x80151648                        ContinueWithCourage = 0x80151648
                0x8014eea8                        ContinueEatNoneExecute = 0x8014eea8
                0x8014ee80                        daYoshi_c__endState_EatNone = 0x8014ee80
                0x808e81d0                        continueIsWXS1 = 0x808e81d0
                0x808e81c0                        continueWithPat0SetupFromWXS0 = 0x808e81c0
                0x808e81e4                        LAB_808e81d4 = 0x808e81e4
                0x8035382c                        StateID_Turn__Goomba = 0x8035382c
                0x80358304                        StateID_Ice__Goomba = 0x80358304
                0x80357ef4                        StateID_DieFall__Goomba = 0x80357ef4
                0x80358074                        StateID_DieOther__Goomba = 0x80358074
                0x803537ec                        StateID_Walk__Goomba = 0x803537ec
                0x80032800                        daEnKuriboBase_c__isFrozen = 0x80032800
                0x807b1030                        it_is_right = 0x807b1030
                0x807b1044                        not_right = 0x807b1044
                0x807b1284                        it_is_right2 = 0x807b1284
                0x807b1298                        not_right2 = 0x807b1298
                0x807b08f0                        dStockItem__manipulateItemID = 0x807b08f0
                0x807b0960                        tryAndMoveRight = 0x807b0960
                0x807b0924                        tryAndMoveLeft = 0x807b0924
                0x807b096c                        cantChange = 0x807b096c
                0x807b094c                        continueRightLoop = 0x807b094c
                0x807b0910                        continueLeftLoop = 0x807b0910
                0x8042a48c                        PtrToWM_CS_SEQ_MNG = 0x8042a48c
                0x801016f0                        dCsSeqMng_c__GetCutName = 0x801016f0
                0x801017c0                        FUN_801017c0 = 0x801017c0
                0x80010800                        dCourseSelectGuide_c__loadLives = 0x80010800
                0x808fbcf8                        returnForCalledFromExecute = 0x808fbcf8
                0x808fb324                        continueInCalledFromExecute = 0x808fb324
                0x80904168                        continueAt80904158 = 0x80904168
                0x8090416c                        continueAt8090415C = 0x8090416c
                0x809042fc                        LAB_809042ec = 0x809042fc
                0x808fbd10                        FUN_808fbd00 = 0x808fbd10
                0x808fbd20                        FUN_808fbd10 = 0x808fbd20
                0x8098d538                        aLightMainscene = 0x8098d538
                0x8098d550                        aLightChikascen = 0x8098d550
                0x8098d568                        aLightWaterscen = 0x8098d568
                0x8098d580                        aLightFirescene = 0x8098d580
                0x8098d598                        aLightSabakusce = 0x8098d598
                0x8098d5b4                        aLightKaigansce = 0x8098d5b4
                0x8098d5d0                        aLightDaishizen = 0x8098d5d0
                0x8098d5ec                        aLightYukidaysc = 0x8098d5ec
                0x8098d608                        aLightSorascene = 0x8098d608
                0x8098d620                        aLightIwabascen = 0x8098d620
                0x8098d638                        aLightToridesce = 0x8098d638
                0x8098d658                        aLightShiroscen = 0x8098d658
                0x8098d670                        aLightObakescen = 0x8098d670
                0x8098d688                        aLightKurayamic = 0x8098d688
                0x8098d6a8                        aLightObakeouts = 0x8098d6a8
                0x8098d6c4                        aLightShinkaisc = 0x8098d6c4
                0x8098d6e0                        aLightSabakuchi = 0x8098d6e0
                0x8098d700                        aLightKorichika = 0x8098d700
                0x8098d720                        aLightFire2scen = 0x8098d720
                0x8098d738                        aLightKoopascen = 0x8098d738
                0x8098d750                        aLightFire3scen = 0x8098d750
                0x8098d768                        aLightKumorisor = 0x8098d768
                0x8098d788                        aLightToride2sc = 0x8098d788
                0x8098d7a4                        aLightMainsce_0 = 0x8098d7a4
                0x8098d7bc                        aLightChikasc_0 = 0x8098d7bc
                0x8098d7d4                        aLightWatersc_0 = 0x8098d7d4
                0x8098d7ec                        aLightFiresce_0 = 0x8098d7ec
                0x8098d808                        aLightSabakus_0 = 0x8098d808
                0x8098d820                        aLightKaigans_0 = 0x8098d820
                0x8098d838                        aLightDaishiz_0 = 0x8098d838
                0x8098d854                        aLightYukiday_0 = 0x8098d854
                0x8098d870                        aLightSorasce_0 = 0x8098d870
                0x8098d888                        aLightIwabasc_0 = 0x8098d888
                0x8098d8a0                        aLightTorides_0 = 0x8098d8a0
                0x8098d8b8                        aLightShirosc_0 = 0x8098d8b8
                0x8098d8d0                        aLightObakesc_0 = 0x8098d8d0
                0x8098d8e8                        aLightKurayam_0 = 0x8098d8e8
                0x8098d908                        aLightObakeou_0 = 0x8098d908
                0x8098d924                        aLightShinkai_0 = 0x8098d924
                0x8098d940                        aLightSabakuc_0 = 0x8098d940
                0x8098d960                        aLightKorichi_0 = 0x8098d960
                0x8098d97c                        aLightFire2sc_0 = 0x8098d97c
                0x8098d994                        aLightKoopasc_0 = 0x8098d994
                0x8098d9ac                        aLightFire3sc_0 = 0x8098d9ac
                0x8098d9c4                        aLightKumoris_0 = 0x8098d9c4
                0x8098d9e0                        aLightToride2_0 = 0x8098d9e0
                0x8098d9fc                        aFogMainscene_b = 0x8098d9fc
                0x8098da10                        aFogChikascene_ = 0x8098da10
                0x8098da24                        aFogWaterscene_ = 0x8098da24
                0x8098da38                        aFogFirescene_b = 0x8098da38
                0x8098da4c                        aFogSabakuscene = 0x8098da4c
                0x8098da64                        aFogKaiganscene = 0x8098da64
                0x8098da80                        aFogDaishizensc = 0x8098da80
                0x8098da98                        aFogYukidayscen = 0x8098da98
                0x8098dab0                        aFogSorascene_b = 0x8098dab0
                0x8098dac4                        aFogIwabascene_ = 0x8098dac4
                0x8098dad8                        aFogToridescene = 0x8098dad8
                0x8098daf0                        aFogShiroscene_ = 0x8098daf0
                0x8098db04                        aFogObakescene_ = 0x8098db04
                0x8098db18                        aFogKurayamichi = 0x8098db18
                0x8098db34                        aFogObakeoutsce = 0x8098db34
                0x8098db4c                        aFogShinkaiscen = 0x8098db4c
                0x8098db64                        aFogSabakuchika = 0x8098db64
                0x8098db80                        aFogKorichikasc = 0x8098db80
                0x8098db98                        aFogFire2scene_ = 0x8098db98
                0x8098dbac                        aFogKoopascene_ = 0x8098dbac
                0x8098dbc0                        aFogFire3scene_ = 0x8098dbc0
                0x8098dbd4                        aFogKumorisoras = 0x8098dbd4
                0x8098dbf0                        aFogToride2scen = 0x8098dbf0
                0x8098dd74                        aRouteinfo_1 = 0x8098dd74
                0x8098dd80                        aCollectioncoincoursesort = 0x8098dd80
                0x8098dd9c                        aCobcastle_1 = 0x8098dd9c
                0x8098dda8                        aCobcourse_0 = 0x8098dda8
                0x8098dc88                        aCobkinokored_3 = 0x8098dc88
                0x8098dc98                        aCobkinoko1up_4 = 0x8098dc98
                0x8098dca8                        aCobkinokosta_3 = 0x8098dca8
                0x8098ddb4                        aCobstart_0 = 0x8098ddb4
                0x8098ddc0                        aCobanchor_0 = 0x8098ddc0
                0x8098ddcc                        aCobtoride_1 = 0x8098ddcc
                0x8098ddd8                        aCobghost_1 = 0x8098ddd8
                0x8098dde4                        aCobcannon_1 = 0x8098dde4
                0x8098dcb8                        aCobkoopaship_5 = 0x8098dcb8
                0x8098ddf0                        aCharacter_s_12 = 0x8098ddf0
                0x8098de00                        aCobsurrender_0 = 0x8098de00
                0x8098de10                        aCobkinopio_1 = 0x8098de10
                0x8006ca80                        create__8dActor_cF6ActorsUiP7Point3dPv = 0x8006ca80
                0x801016cc                        returnToOriginalScriptCode = 0x801016cc
                0x807c1dd0                        destroyBarrel = 0x807c1dd0
                0x80b14be0                        StateID_FoolMove__14daEnGakeNoko_c = 0x80b14be0
                0x80b14c20                        StateID_Move__14daEnGakeNoko_c = 0x80b14c20
                0x80146f60                        pipeCannonShot__7dAcPy_cFiff = 0x80146f60
                0x80140440                        dealsWithGoalPutonCapAnimation__7dAcPy_cFv = 0x80140440
                0x80140720                        cannonShot__7dAcPy_cFiss = 0x80140720
                0x8008e410                        getZoneByID__9dCourse_cFUcP5mRect = 0x8008e410
                0x800e3b18                        updateUI = 0x800e3b18
                0x8019bd90                        ApparentlyStartsMusic = 0x8019bd90
                0x800e3af8                        continueTimerLeq100 = 0x800e3af8
                0x8019e154                        continueAt8019e154 = 0x8019e154
                0x8019e140                        continueAt8019e140 = 0x8019e140
                0x8042a2b8                        instance__7StageC4 = 0x8042a2b8
                0x8016aaf0                        mHeapAllocator_c_done = 0x8016aaf0
                0x80991f10                        dEventOpeningTitle_c_StateID_PressButtonExitAnimeEndWait = 0x80991f10
                0x809cae30                        sub_809CAE10 = 0x809cae30
                0x8091289c                        loc_8091288C = 0x8091289c
                0x802e5894                        pow = 0x802e5894
                0x8154ba7b                        PortalHook_1_byte = 0x8154ba7b
                0x8154b904                        PortalHook_2_offset_2 = 0x8154b904
                0x807612c8                        PortalHook_3_external_1 = 0x807612c8
                0x8154b804                        PortalHook_3_external_2 = 0x8154b804
                0x80162c44                        PortalHook_1_ret = 0x80162c44
                0x80064354                        PortalHook_2_ret = 0x80064354
                0x800e3ad8                        PortalHook_3_ret = 0x800e3ad8
                0x80095954                        PortalHook_4_ret = 0x80095954
                0x80095984                        PortalHook_5_ret_1 = 0x80095984
                0x80095bd4                        PortalHook_5_ret_2 = 0x80095bd4
                0x802f6900                        IsGravityEnabled = 0x802f6900
                0x8042bb44                        GravityFloat_maybe = 0x8042bb44
                0x80054688                        line_80054688 = 0x80054688
                0x8005714c                        line_8005714C = 0x8005714c
                0x80001910                        ZoneMaxYValue_maybe = 0x80001910
                0x8005e6f0                        JumpingShit = 0x8005e6f0
                0x80057a68                        ArcNein = 0x80057a68
                0x8005475c                        loc_8005475C = 0x8005475c
                0x8005467c                        loc_8005467C = 0x8005467c
                0x80070ef8                        ContinueFromFirstHook = 0x80070ef8
                0x800e4540                        ContinueFromSecondHook = 0x800e4540
                0x80057108                        ContinueFromThirdHook = 0x80057108
                0x80127720                        ContinueFromFourthHook = 0x80127720
                0x80057154                        ContinueFromFifthHook = 0x80057154
                0x8004c5ec                        ContinueFromSixthHook_One = 0x8004c5ec
                0x8004c5c4                        ContinueFromSixthHook_Two = 0x8004c5c4
                0x8006cde4                        ContinueFromSeventhHook = 0x8006cde4
                0x801c0d20                        ContinueFromEighthHook = 0x801c0d20
                0x800b07f0                        ContinueFromNinthHook = 0x800b07f0
                0x80128258                        ContinueFromTenthHook = 0x80128258
                0x80926784                        ContinueFromEleventhHook = 0x80926784
                0x8006f7b8                        ContinueFromTwelvethHook = 0x8006f7b8
                0x80064f54                        ContinueFromThirteenthHook = 0x80064f54
                0x80070cc4                        ContinueFromFourteenthHook = 0x80070cc4
                0x80920360                        LoadBreffKoopa = 0x80920360
                0x80920354                        LoadBreffKoopaJr = 0x80920354
                0x80920200                        returnFromBreffLoadPatch = 0x80920200
                0x8003a240                        sub_8003A240__FPvPv = 0x8003a240
                0x80353ce4                        daEnShell_c_StateID_Sleep = 0x80353ce4
                0x80353d64                        daEnShell_c_StateID_Slide = 0x80353d64
                0x80353d64                        _ZN11daEnShell_c13StateID_SlideE = 0x80353d64
                0x80038670                        afterExecute__11daEnShell_cFi = 0x80038670
                0x80038080                        __dt__11daEnShell_cFv = 0x80038080
                0x8003a010                        isOutOfView__11daEnShell_cFv = 0x8003a010
                0x8003a0c0                        kill__11daEnShell_cFv = 0x8003a0c0
                0x8003a010                        _vf74__11daEnShell_cFv = 0x8003a010
                0x8003ab80                        itemPickedUp__11daEnShell_cFv = 0x8003ab80
                0x80039610                        _vf7C__11daEnShell_cFv = 0x80039610
                0x8003a570                        eatIn__11daEnShell_cFv = 0x8003a570
                0x8003a5d0                        spitOut__11daEnShell_cFPv = 0x8003a5d0
                0x80038800                        stageActorCollision__11daEnShell_cFP13ActivePhysicsP13ActivePhysics = 0x80038800
                0x80038830                        spriteCollision__11daEnShell_cFP13ActivePhysicsP13ActivePhysics = 0x80038830
                0x800389e0                        playerCollision__11daEnShell_cFP13ActivePhysicsP13ActivePhysics = 0x800389e0
                0x80039010                        yoshiCollision__11daEnShell_cFP13ActivePhysicsP13ActivePhysics = 0x80039010
                0x80039b40                        collidedWithCatD_Drill__11daEnShell_cFP13ActivePhysicsP13ActivePhysics = 0x80039b40
                0x80039bf0                        collidedWithCat7_GroundPound__11daEnShell_cFP13ActivePhysicsP13ActivePhysics = 0x80039bf0
                0x80039d70                        collidedWithCat7_GroundPoundYoshi__11daEnShell_cFP13ActivePhysicsP13ActivePhysics = 0x80039d70
                0x800393a0                        collidedWithCat9_RollingObject__11daEnShell_cFP13ActivePhysicsP13ActivePhysics = 0x800393a0
                0x8003a7b0                        collidedWithCat2_Iceball_or_15_YoshiIce__11daEnShell_cFP13ActivePhysicsP13ActivePhysics = 0x8003a7b0
                0x8003be00                        dieFall_Begin__11daEnShell_cFv = 0x8003be00
                0x8003be80                        dieFall_Execute__11daEnShell_cFv = 0x8003be80
                0x8003be70                        dieFall_End__11daEnShell_cFv = 0x8003be70
                0x80039680                        _vf220__11daEnShell_cFPv = 0x80039680
                0x8003bff0                        _vf224__11daEnShell_cFv = 0x8003bff0
                0x8003a8c0                        _vf238__11daEnShell_cFv = 0x8003a8c0
                0x800392c0                        _vf248__11daEnShell_cFi = 0x800392c0
                0x800392f0                        bouncePlayerWhenJumpedOn__11daEnShell_cFPv = 0x800392f0
                0x80039590                        addScoreWhenHit__11daEnShell_cFPv = 0x80039590
                0x8003bf80                        _vf25C__11daEnShell_cFPv = 0x8003bf80
                0x8003b020                        beginState_Carry__11daEnShell_cFv = 0x8003b020
                0x8003b200                        executeState_Carry__11daEnShell_cFv = 0x8003b200
                0x8003b140                        endState_Carry__11daEnShell_cFv = 0x8003b140
                0x8003ae40                        beginState_Sleep__11daEnShell_cFv = 0x8003ae40
                0x8003aee0                        executeState_Sleep__11daEnShell_cFv = 0x8003aee0
                0x8003aeb0                        endState_Sleep__11daEnShell_cFv = 0x8003aeb0
                0x8003b3e0                        beginState_Slide__11daEnShell_cFv = 0x8003b3e0
                0x8003b830                        executeState_Slide__11daEnShell_cFv = 0x8003b830
                0x8003b6f0                        endState_Slide__11daEnShell_cFv = 0x8003b6f0
                0x8003bb40                        beginState_Wakeup__11daEnShell_cFv = 0x8003bb40
                0x8003bbb0                        executeState_Wakeup__11daEnShell_cFv = 0x8003bbb0
                0x8003bba0                        endState_Wakeup__11daEnShell_cFv = 0x8003bba0
                0x8003bd30                        beginState_WakeupReverse__11daEnShell_cFv = 0x8003bd30
                0x8003bd60                        executeState_WakeupReverse__11daEnShell_cFv = 0x8003bd60
                0x8003bd50                        endState_WakeupReverse__11daEnShell_cFv = 0x8003bd50
                0x8003bc30                        beginState_WakeupTurn__11daEnShell_cFv = 0x8003bc30
                0x8003bc80                        executeState_WakeupTurn__11daEnShell_cFv = 0x8003bc80
                0x8003bc70                        endState_WakeupTurn__11daEnShell_cFv = 0x8003bc70
                0x80039690                        _vf2C8__11daEnShell_cFv = 0x80039690
                0x8003aa60                        _vf2CC__11daEnShell_cFv = 0x8003aa60
                0x800389d0                        relatedToSpriteCollision__11daEnShell_cFv = 0x800389d0
                0x80039000                        _vf2D4__11daEnShell_cFv = 0x80039000
                0x800392b0                        isNotSliding__11daEnShell_cFv = 0x800392b0
                0x80038ff0                        relatedToYoshiOrPlayerCollision__11daEnShell_cFv = 0x80038ff0
                0x8003bd20                        _vf2E0__11daEnShell_cFv = 0x8003bd20
                0x8003bd10                        turnSlightly__11daEnShell_cFv = 0x8003bd10
                0x8003a410                        _vf2E8__11daEnShell_cFv = 0x8003a410
                0x80039790                        spawnKickHitEffect__11daEnShell_cFv = 0x80039790
                0x8003be60                        _vf2F0__11daEnShell_cFv = 0x8003be60
                0x80038660                        _vf2F4__11daEnShell_cFv = 0x80038660
                0x8003bb30                        spawnTailEffect__11daEnShell_cFv = 0x8003bb30
                0x8003a210                        _vf2FC__11daEnShell_cFv = 0x8003a210
                0x8003a3a0                        rotateShell__11daEnShell_cFv = 0x8003a3a0
                0x80038be8                        loc_80038BE8 = 0x80038be8
                0x80377188                        Yoshi_EatNoneState = 0x80377188
                0x8014ee40                        daYoshi_c_sub_8014EE40 = 0x8014ee40
                0x8014e7a0                        endState_HipAttack_orig__9daYoshi_cFv = 0x8014e7a0
                0x80046bb0                        onExecute_orig__9daYoshi_cFv = 0x80046bb0
                0x8014e7a0                        endState_HipAttack_orig__10daYoshi2_cFv = 0x8014e7a0
                0x80046bb0                        onExecute_orig__10daYoshi2_cFv = 0x80046bb0
                0x8014f980                        doSwallow__9daYoshi_cFv = 0x8014f980
                0x8014f9ac                        doThisStupidAnimationYouAsshole = 0x8014f9ac
                0x80049544                        originalHipAttackStage4Continue = 0x80049544
                0x8042a608                        instance__14dGameDisplay_c = 0x8042a608
                0x80157b70                        onCreate_orig__14dGameDisplay_cFv = 0x80157b70
                0x801580d0                        onExecute_orig__14dGameDisplay_cFv = 0x801580d0
                0x80054b4c                        ContinueFromFlyingYoshi = 0x80054b4c
                0x809129c0                        daYoshiFire_c_vf8C__FP13dStageActor_cP13dStageActor_c = 0x809129c0
                0x8005e500                        getHeldDown__14dPlayerInput_c = 0x8005e500
                0x8005e4f0                        getHeldUp__14dPlayerInput_c = 0x8005e4f0
                0x8005e4f0                        _ZN14dPlayerInput_c9getHeldUpEv = 0x8005e4f0
                0x8005e300                        detectGroundPound__14dPlayerInput_c = 0x8005e300
                0x8005e300                        _ZN14dPlayerInput_c17detectGroundPoundEv = 0x8005e300
                0x8005e580                        getHeldTwo__14dPlayerInput_c = 0x8005e580
                0x8005e580                        getHeldTwo__14dPlayerInput_cFv = 0x8005e580
                0x8005e580                        _ZN14dPlayerInput_c10getHeldTwoEv = 0x8005e580
                0x8023b4a0                        GetResNodeNumEntries__Q34nw4r3g3d6ResMdlCFv = 0x8023b4a0
                0x801d5680                        MEMAllocFromAllocator = 0x801d5680
                0x8034e9d0                        __vt__Q34nw4r3g3d9AnmObjChr = 0x8034e9d0
                0x8034e8c8                        __vt__Q34nw4r3g3d12AnmObjChrRes = 0x8034e8c8
                0x802417d0                        GetAnmResult__Q34nw4r3g3d9ResAnmChrCFPQ34nw4r3g3d12ChrAnmResultUlf = 0x802417d0
                0x800d5ec0                        StartAnimOrig = 0x800d5ec0
                0x8014ba60                        YoshiStateOrig = 0x8014ba60
                0x80234bc0                        Exception_Printf___Q24nw4r2dbFPCce = 0x80234bc0
                0x80839b14                        ContinueFromFuckLineLiftActivation = 0x80839b14
                0x800b4e30                        CanExitThisLevel = 0x800b4e30
                0x80001800                        LoaderDotBinPointer = 0x80001800
                0x801018e4                        ContinueFromConsole = 0x801018e4
                0x80146854                        ContinueFromTinyTable = 0x80146854
                0x8091ec88                        ContinueFromLoadingCRSIN = 0x8091ec88
                0x80022858                        ContinueFromAlternateQBlock = 0x80022858
                0x8013c41c                        ContinueFromPropellerBegin = 0x8013c41c
                0x802ee620                        QBlockTable = 0x802ee620
                0x8013bba0                        ret0ice = 0x8013bba0
                0x8013bba4                        retice = 0x8013bba4
                0x8013c3a0                        retice2 = 0x8013c3a0
                0x800389e0                        playerCollision_orig__10daEnNoko_cFP13ActivePhysicsP13ActivePhysics = 0x800389e0
                0x80a72610                        onCreate_orig__10daEnNoko_cFv = 0x80a72610
                0x80039590                        addScoreWhenHit_orig__10daEnNoko_cFPv = 0x80039590
                0x800389e0                        playerCollision_orig__10daEnPata_cFP13ActivePhysicsP13ActivePhysics = 0x800389e0
                0x80039590                        addScoreWhenHit_orig__10daEnPata_cFPv = 0x80039590
                0x80a72c00                        onExecute_orig__10daEnPata_cFv = 0x80a72c00
                0x80a49460                        onCreate_orig__10BulletBillFv = 0x80a49460
                0x80a49d90                        playerCollision_orig__10BulletBillFP13ActivePhysicsP13ActivePhysics = 0x80a49d90
                0x80a4a230                        addScoreWhenHit_orig__10BulletBillFPv = 0x80a4a230
                0x80a4d070                        ContinueFromSpikyFix = 0x80a4d070
                0x80998d10                        GabonRock_DropOutState = 0x80998d10
                0x80998cd0                        GabonRock_CrushState = 0x80998cd0
                0x8001ded0                        forceHCGROPushBack = 0x8001ded0
                0x8001dec8                        continueFromHCGRO = 0x8001dec8
                0x80427c2e                        DanceValues_AnimSpeed = 0x80427c2e
                0x8042a049                        DanceValues_DummyBlockAndGrass = 0x8042a049
                0x8042a04a                        DanceValues_Bahps = 0x8042a04a
                0x8042a04b                        DanceValues_CreditsControl = 0x8042a04b
                0x8042a4ff                        CreditsModeActive = 0x8042a4ff
                0x800d91b0                        GetRail = 0x800d91b0
                0x8042a2e8                        instance__7Stage80 = 0x8042a2e8
                0x80060254                        continueAddToCoinCount = 0x80060254
                0x800b3544                        continueAddToScore = 0x800b3544
                0x800b51d0                        StaffCreditsAddCoin = 0x800b51d0
                0x802bc6b4                        ContinueFromEFBMagic2 = 0x802bc6b4
                0x80ab6dc0                        TogeTekkyuIceballCollision = 0x80ab6dc0
                0x8042a788                        _8042A788 = 0x8042a788
                0x8019c390                        sub_8019C390 = 0x8019c390
                0x807afa10                        dStockItem = 0x807afa10
                0x802e5894                        pow = 0x802e5894
                0x801580d0                        onExecute_orig__14dGameDisplay_cFv = 0x801580d0
                0x80157b70                        onCreate_orig__14dGameDisplay_cFv = 0x80157b70
                0x8042a608                        instance__14dGameDisplay_c = 0x8042a608
                0x807f8ba0                        onCreate_orig__13daGabonRock_cFv = 0x807f8ba0
                0x80aa9860                        onCreate_orig__12EN_STAR_COINFv = 0x80aa9860
                0x809c8e50                        onCreate_orig__12daEnBomhei_cFv = 0x809c8e50
                0x80b12aa8                        StateID_Sleep__12daEnBomhei_c = 0x80b12aa8
                0x809c99e0                        playerCollision_orig__12daEnBomhei_cFP13ActivePhysicsP13ActivePhysics = 0x809c99e0
                0x809ca010                        spriteCollision_orig__12daEnBomhei_cFP13ActivePhysicsP13ActivePhysics = 0x809ca010
                0x801303f0                        NoSwimBegin = 0x801303f0
                0x801303b4                        YesSwimBegin = 0x801303b4
                0x80130738                        NoSwimHip0a = 0x80130738
                0x80130710                        YesSwimHip0a = 0x80130710
                0x801307b4                        NoSwimHip0b = 0x801307b4
                0x801307c4                        YesSwimHip0b = 0x801307c4
                0x80130d7c                        NoSwimHip1 = 0x80130d7c
                0x80130d70                        YesSwimHip1 = 0x80130d70
                0x801315ec                        NoSwimHip2 = 0x801315ec
                0x801315d4                        YesSwimHip2 = 0x801315d4
                0x801319dc                        NoSwimHip3a = 0x801319dc
                0x801319e8                        YesSwimHip3a = 0x801319e8
                0x80131a94                        NoSwimHip3b = 0x80131a94
                0x80131a84                        YesSwimHip3b = 0x80131a84
                0x80b8c370                        StateID_Wait__24daEnBossKoopaDemoPeach_c = 0x80b8c370
                0x80b8c3b0                        StateID_Call__24daEnBossKoopaDemoPeach_c = 0x80b8c3b0
                0x80b8c3f0                        StateID_Turn__24daEnBossKoopaDemoPeach_c = 0x80b8c3f0
                0x80b8c430                        StateID_Open__24daEnBossKoopaDemoPeach_c = 0x80b8c430
                0x80b8c470                        StateID_Rescue__24daEnBossKoopaDemoPeach_c = 0x80b8c470
                0x80b8c4b0                        StateID_Thank__24daEnBossKoopaDemoPeach_c = 0x80b8c4b0
                0x80301804                        __vt__12daBossDemo_c = 0x80301804
                0x8001ccb0                        onExecute__12daBossDemo_cFv = 0x8001ccb0
                0x8001ccf0                        onDraw__12daBossDemo_cFv = 0x8001ccf0
                0x8001cd00                        willBeDeleted__12daBossDemo_cFv = 0x8001cd00
                0x8001cd10                        onDelete__12daBossDemo_cFv = 0x8001cd10
                0x8001d190                        endState_BattleEdDemo__12daBossDemo_cFv = 0x8001d190
                0x8001d1a0                        executeState_BattleEdDemo__12daBossDemo_cFv = 0x8001d1a0
                0x8001d180                        beginState_BattleEdDemo__12daBossDemo_cFv = 0x8001d180
                0x8001d100                        endState_BattleIn__12daBossDemo_cFv = 0x8001d100
                0x8001d110                        executeState_BattleIn__12daBossDemo_cFv = 0x8001d110
                0x8001d090                        beginState_BattleIn__12daBossDemo_cFv = 0x8001d090
                0x8001d070                        endState_BattleStDemo__12daBossDemo_cFv = 0x8001d070
                0x8001d080                        executeState_BattleStDemo__12daBossDemo_cFv = 0x8001d080
                0x8001d060                        beginState_BattleStDemo__12daBossDemo_cFv = 0x8001d060
                0x8001cf60                        endState_Ready__12daBossDemo_cFv = 0x8001cf60
                0x8001cf70                        executeState_Ready__12daBossDemo_cFv = 0x8001cf70
                0x8001cf50                        beginState_Ready__12daBossDemo_cFv = 0x8001cf50
                0x8001ce00                        beatLevel__12daBossDemo_cFv = 0x8001ce00
                0x8001ce40                        exitLevel__12daBossDemo_cFv = 0x8001ce40
                0x8042a068                        instance__19BalloonRelatedClass = 0x8042a068
                0x802f1650                        PlayerAnimStates = 0x802f1650
                0x8011a830                        ContinueFromFixFireballSensorSetup = 0x8011a830
                0x800b37e0                        GetPosForLayoutEffect__FP4VEC3b = 0x800b37e0
                0x80a123cc                        ContinueFromJustOneBomb = 0x80a123cc
                0x8015f630                        SmoothRotation__FPsss = 0x8015f630
                0x8081f430                        KazanRock_OriginalCollisionCallback = 0x8081f430
                0x8081f1a0                        KazanRock_Explode = 0x8081f1a0
                0x8005fb90                        GetPlayerOrYoshi__Fi = 0x8005fb90
                0x8005fb90                        findByID__10daPlBase_cFi = 0x8005fb90
                0x8005f900                        findByID__7dAcPy_cFi = 0x8005f900
                0x80051f30                        justFaceSpecificDirection__10daPlBase_cFi = 0x80051f30
                0x80052080                        moveInDirection__10daPlBase_cFPfPf = 0x80052080
                0x80139a90                        getYoshi__7dAcPy_cFv = 0x80139a90
                0x80052170                        setAnimePlayWithAnimID__10daPlBase_cFi = 0x80052170
                0x80052290                        setAnimePlayStandardType__10daPlBase_cFi = 0x80052290
                0x8005e3b0                        setFlag__14dPlayerInput_cFQ214dPlayerInput_c5Flags = 0x8005e3b0
                0x8005e910                        setPermanentForcedButtons__14dPlayerInput_cFUi = 0x8005e910
                0x8005e960                        setTransientForcedButtons__14dPlayerInput_cFUi = 0x8005e960
                0x8005e930                        unsetPermanentForcedButtons__14dPlayerInput_cFUi = 0x8005e930
                0x8005e780                        areWeShaking__14dPlayerInput_cFv = 0x8005e780
                0x80056c70                        setFlag__10daPlBase_cFi = 0x80056c70
                0x80056cb0                        clearFlag__10daPlBase_cFi = 0x80056cb0
                0x80056cf0                        testFlag__10daPlBase_cFi = 0x80056cf0
                0x80052030                        isReadyForDemoControlAction__10daPlBase_cFv = 0x80052030
                0x8042a3e0                        instance__15dWaterManager_c = 0x8042a3e0
                0x800eba40                        queryPosition__15dWaterManager_cFP7Point2dP7Point2dPfPsi = 0x800eba40
                0x800a0c70                        OriginalPowBlockActivated = 0x800a0c70
                0x80002eee                        isReplayEnabled = 0x80002eee
                0x800b44d0                        UpdateSelectCursor = 0x800b44d0
                0x8010c890                        HideSelectCursor = 0x8010c890
                0x8042a5a8                        SelectCursorPointer = 0x8042a5a8
                0x807afba0                        getIconPictureIDforPlayer__12dStockItem_cFi = 0x807afba0
                0x800b32e0                        CrapUpPositions__FP7Point3dPC7Point3d = 0x800b32e0
                0x800fca24                        ContinueFromCalcPowerupResult = 0x800fca24
                0x800fc9ec                        ContinueFromFixCalcPowerupResultForMushroom = 0x800fc9ec
                0x807af9b8                        ContinueFromSILayoutExtraStuffs = 0x807af9b8
                0x807b0b4c                        ContinueFromResetHammerAnimOnOpen = 0x807b0b4c
                0x807af850                        ContinueFromHideItemsByDefault = 0x807af850
                0x807b0854                        MakeSFISound = 0x807b0854
                0x807b08b0                        ContinueFromSIAddSound = 0x807b08b0
                0x807b0d14                        ChosenStartChoice = 0x807b0d14
                0x807b2270                        ContinueFromSISLayoutExtraStuffs = 0x807b2270
                0x807b2538                        ContinueFromUpdateSIS = 0x807b2538
                0x8042a5f0                        EnemyBounceValue = 0x8042a5f0
                0x80162e40                        searchById__7fBase_cFUi = 0x80162e40
                0x80162e90                        searchByProfileId__7fBase_cFUsP7fBase_c = 0x80162e90
                0x80162ef0                        searchByBaseType__7fBase_cFiP7fBase_c = 0x80162ef0
                0x800bb330                        AddStockPowerup = 0x800bb330
                0x808aafe0                        continueFromStrongBox2 = 0x808aafe0
                0x808aa4e8                        continueFromStrongBox = 0x808aa4e8
                0x8042a788                        _8042A788 = 0x8042a788
                0x8019c390                        playFanfare__FPvi = 0x8019c390
                0x8019cb30                        somethingAboutSound__FPv = 0x8019cb30
                0x80262fd0                        AxVoice_SetADPCM = 0x80262fd0
                0x80281a90                        Voice_SetADPCMLoop = 0x80281a90
                0x8027a340                        DetachSound__Q34nw4r3snd11SoundHandleFv = 0x8027a340
                0x80266580                        Pause__Q44nw4r3snd6detail10BasicSoundFbi = 0x80266580
                0x80266390                        Stop__Q44nw4r3snd6detail10BasicSoundFi = 0x80266390
                0x802675f0                        SetPitch__Q44nw4r3snd6detail10BasicSoundFf = 0x802675f0
                0x80267560                        SetVolume__Q44nw4r3snd6detail10BasicSoundFfi = 0x80267560
                0x8027f9d0                        StrmSound_SetTrackVolume = 0x8027f9d0
                0x8042a490                        DontShowPreGame = 0x8042a490
                0x80374060                        RESTART_CRSIN_LevelStartStruct = 0x80374060
                0x800ca664                        DrawTheFuckingHat = 0x800ca664
                0x800ca698                        DontDrawTheFuckingHat = 0x800ca698
                0x8004e050                        continueFromMpPauseFix1 = 0x8004e050
                0x801415a0                        continueFromMpPauseFix2 = 0x801415a0
                0x801412a4                        continueFromMpPauseFix3 = 0x801412a4
                0x800fcad0                        CheckIfSinglePlayer = 0x800fcad0
                0x800e598c                        TextWriterCrapContinue = 0x800e598c
                0x80926b20                        StockWMInit_LoadEffects__FPv = 0x80926b20
                0x80093520                        CleanUpEffectThings__Fv = 0x80093520
                0x800934d0                        FreeEffects__Fi = 0x800934d0
                0x80093170                        FreeBreff__Fi = 0x80093170
                0x800931b0                        FreeBreft__Fi = 0x800931b0
                0x80092e30                        __dt__18BGGMEffectRendererFv = 0x80092e30
                0x80311908                        __vt__18BGGMEffectRenderer = 0x80311908
                0x802dcc90                        __construct_array = 0x802dcc90
                0x800cdd50                        GetBMG__Fv = 0x800cdd50
                0x802d7b50                        findStringForMessageID__Q23EGG6MsgResCFii = 0x802d7b50
                0x800c9b50                        WriteBMGToTextBox__FPQ34nw4r3lyt7TextBoxPQ27dScript5Res_ciiie = 0x800c9b50
                0x800c9f70                        _Z26WriteParsedStringToTextBoxPN4nw4r3lyt7TextBoxEPKwiPA1_13__va_list_tagPN7dScript5Res_cE = 0x800c9f70
                0x800c9bf0                        CheckForUSD1ShadowEntry__FPQ34nw4r3lyt7TextBox = 0x800c9bf0
                0x802ac5a0                        GetExtUserDataNum__Q34nw4r3lyt4PaneCFv = 0x802ac5a0
                0x801644f0                        m2d__Anm_c__Load = 0x801644f0
                0x80163fa0                        m2d__AnmResHandler_c__Load = 0x80163fa0
                0x80144820                        RealAcPyDtor = 0x80144820
                0x808c5510                        RealWm2dPlayerDtor = 0x808c5510
                0x809028a0                        RealWmPlayerDtor = 0x809028a0
                0x8014b6c0                        RealYoshiDtor = 0x8014b6c0
                0x800b3be0                        InsertIntIntoTextBox1 = 0x800b3be0
                0x800b3b60                        WriteNumberToTextBox__FPiPCiPQ34nw4r3lyt7TextBoxb = 0x800b3b60
                0x800b3be0                        WriteNumberToTextBox__FPiPQ34nw4r3lyt7TextBoxb = 0x800b3be0
                0x80810490                        __ct__20daJrClownForPlayer_cFv = 0x80810490
                0x80810550                        __dt__20daJrClownForPlayer_cFv = 0x80810550
                0x800a3600                        PClownCarExecute = 0x800a3600
                0x800951d0                        PClownCarAfterCreate = 0x800951d0
                0x80810ba0                        PClownCarDraw = 0x80810ba0
                0x80811e80                        PClownCarMove = 0x80811e80
                0x80812114                        ContinueFromClownCarDetectAdjacent = 0x80812114
                0x8042e5b0                        sAllocatorFunc__FrmHeap = 0x8042e5b0
                0x8005ffb0                        GetActivePlayerCount = 0x8005ffb0
                0x8005ffb0                        GetCountofActivePlayers = 0x8005ffb0
                0x8005fef0                        GetActiveLivingPlayerCount = 0x8005fef0
                0x80082240                        getEffectiveScreenLeft__19ClassWithCameraInfoFv = 0x80082240
                0x8042a0e0                        instance__19ClassWithCameraInfo = 0x8042a0e0
                0x8005b5d0                        BowserExitDemoState = 0x8005b5d0
                0x807cce20                        MagicEnd = 0x807cce20
                0x80804690                        KeyLoopSet = 0x80804690
                0x809b28e0                        BigHanaPlayer = 0x809b28e0
                0x809b2af0                        BigHanaYoshi = 0x809b2af0
                0x809b2da0                        BigHanaWeirdGP = 0x809b2da0
                0x809b2d10                        BigHanaGroundPound = 0x809b2d10
                0x809b3a70                        BigHanaFireball = 0x809b3a70
                0x809b3a40                        BigHanaIceball = 0x809b3a40
                0x80146230                        dAcPy_vf3F4 = 0x80146230
                0x80146310                        dAcPy_vf3F8 = 0x80146310
                0x80146a10                        dAcPy_vf3FC = 0x80146a10
                0x80047390                        dAcPy_vf294 = 0x80047390
                0x809ddba0                        Cloud_death_execute = 0x809ddba0
                0x809dfd60                        Cloud_execute = 0x809dfd60
                0x8042a648                        GlobalTickCount = 0x8042a648
                0x8005f900                        GetSpecificPlayerActor = 0x8005f900
                0x80162e40                        Actor_SearchByID = 0x80162e40
                0x80429fda                        TimeStopFlag = 0x80429fda
                0x800e3ab8                        TimerBranch = 0x800e3ab8
                0x8042bb44                        MarioDescentRate = 0x8042bb44
                0x802f591c                        MarioJumpArc = 0x802f591c
                0x8042bb28                        MarioJumpMax = 0x8042bb28
                0x802f5964                        MiniMarioJumpArc = 0x802f5964
                0x8042bb54                        MarioSize = 0x8042bb54
                0x80064540                        AlwaysDrawFlag = 0x80064540
                0x80064544                        AlwaysDrawBranch = 0x80064544
                0x800b2ee0                        GenerateRandomNumber = 0x800b2ee0
                0x800ce9b0                        OneofManySoundPlayers = 0x800ce9b0
                0x80b12aa8                        BombSleepState = 0x80b12aa8
                0x800a0b08                        NoFreezie = 0x800a0b08
                0x8042a350                        GameTimer = 0x8042a350
                0x80d25c18                        GameTimerB = 0x80d25c18
                0x800e1f50                        DoSceneChange__FUsUiUi = 0x800e1f50
                0x80237ce0                        FrSqrt__Q24nw4r4mathFf = 0x80237ce0
                0x80237d10                        SinFIdx__Q24nw4r4mathFf = 0x80237d10
                0x80237d80                        CosFIdx__Q24nw4r4mathFf = 0x80237d80
                0x80237de0                        SinCosFIdx__Q24nw4r4mathFPfPff = 0x80237de0
                0x8042a72c                        archiveHeap__5mHeap = 0x8042a72c
                0x8042a730                        commandHeap__5mHeap = 0x8042a730
                0x8042a734                        dylinkHeap__5mHeap = 0x8042a734
                0x8042a738                        assertHeap__5mHeap = 0x8042a738
                0x80377f48                        gameHeaps__5mHeap = 0x80377f48
                0x800db270                        init__18StandOnTopColliderFP13dStageActor_cfffffsUcP7Point2d = 0x800db270
                0x800db220                        __ct__18StandOnTopColliderFv = 0x800db220
                0x80044400                        __dt__18StandOnTopColliderFv = 0x80044400
                0x800db3e0                        _ZN18StandOnTopCollider6updateEv = 0x800db3e0
                0x800daef0                        __dt__13BasicColliderFv = 0x800daef0
                0x8042a2fc                        globalListHead__13BasicCollider = 0x8042a2fc
                0x800daf70                        addToList__13BasicColliderFv = 0x800daf70
                0x800dafc0                        removeFromList__13BasicColliderFv = 0x800dafc0
                0x800db540                        __ct__21RideableActorColliderFv = 0x800db540
                0x800db590                        init__21RideableActorColliderFP13dStageActor_cP7Point2dP7Point2d = 0x800db590
                0x800db620                        init__21RideableActorColliderFP13dStageActor_cffff = 0x800db620
                0x800db680                        setPosition__21RideableActorColliderFP7Point2dP7Point2d = 0x800db680
                0x800db6e0                        setPosition__21RideableActorColliderFffff = 0x800db6e0
                0x800bc700                        drawWithMatrix__21SomethingAboutShroomsFfP4mMtx = 0x800bc700
                0x8087f8e0                        original_onCreate__13daObjKinoko_cFv = 0x8087f8e0
                0x8042a178                        instance__13dCourseFull_c = 0x8042a178
                0x8008e890                        getRectByID__9dCourse_cFUcP5mRect = 0x8008e890
                0x8008e3d0                        getNextGotoByID__9dCourse_cFUc = 0x8008e3d0
                0x80057820                        modifyPlayerPropertiesWithRollingObject = 0x80057820
                0x80a582c0                        EN_LandbarrelPlayerCollision = 0x80a582c0
                0x8042a028                        instance__16dStageActorMgr_c = 0x8042a028
                0x807db430                        StartBGMMusic = 0x807db430
                0x807db440                        StopBGMMusic = 0x807db440
                0x8042a1f0                        instance__11dStage32C_c = 0x8042a1f0
                0x80429f74                        instance__7WLClass = 0x80429f74
                0x8005ca50                        disableDemoControl__7WLClassFb = 0x8005ca50
                0x8005c930                        demoControlAllPlayers__7WLClassFv = 0x8005c930
                0x800d8d50                        ShakeScreen = 0x800d8d50
                0x8042a2e8                        StageScreen = 0x8042a2e8
                0x80137650                        stunPlayer = 0x80137650
                0x80137790                        unstunPlayer = 0x80137790
                0x80064680                        createChild__13dStageActor_cFUsP13dStageActor_cUiP7Point3dP6S16VecUc = 0x80064680
                0x8001cdb0                        GameMgrBossEndFunc = 0x8001cdb0
                0x807c7f60                        MakeMarioEnterDemoMode = 0x807c7f60
                0x8005ca50                        MakeMarioExitDemoMode = 0x8005ca50
                0x8005ca50                        ForceMarioExitDemoMode = 0x8005ca50
                0x80052170                        ResetPlayerState = 0x80052170
                0x8001cdb0                        UpdateGameMgr = 0x8001cdb0
                0x80056cb0                        UnsetShit = 0x80056cb0
                0x80999c24                        StateID_DemoSt2__12daKameckDemo = 0x80999c24
                0x80999c64                        StateID_DemoSt__12daKameckDemo = 0x80999c64
                0x80999ca4                        StateID_DemoWait__12daKameckDemo = 0x80999ca4
                0x80b8bfcc                        StateID_Fall__13daBossKoopa_c = 0x80b8bfcc
                0x8099cfac                        StateID_DemoWait__9daNeedles = 0x8099cfac
                0x8099cff0                        StateID_DemoAwake__9daNeedles = 0x8099cff0
                0x8099d030                        StateID_Idle__9daNeedles = 0x8099d030
                0x8099d070                        StateID_Die__9daNeedles = 0x8099d070
                0x8035451c                        StateID_None__7dPlayer = 0x8035451c
                0x8035455c                        StateID_Walk__7dPlayer = 0x8035455c
                0x8035459c                        StateID_Jump__7dPlayer = 0x8035459c
                0x8035499c                        StateID_DemoNone__7dPlayer = 0x8035499c
                0x80354a1c                        StateID_DemoWait__7dPlayer = 0x80354a1c
                0x80354ddc                        StateID_DemoGoal__7dPlayer = 0x80354ddc
                0x80354e1c                        StateID_DemoControl__7dPlayer = 0x80354e1c
                0x808a94d0                        PlayWrenchSound = 0x808a94d0
                0x8042a3e0                        WaterManager = 0x8042a3e0
                0x800eba40                        CheckforLiquid = 0x800eba40
                0x80b7e860                        BowserFireballCollision = 0x80b7e860
                0x80b3f220                        BowserDamageAnmClr = 0x80b3f220
                0x80b1f8f0                        BowserDamageStepTwo = 0x80b1f8f0
                0x80b1f910                        BowserDamageNormal = 0x80b1f910
                0x80098d80                        BowserDamageKill = 0x80098d80
                0x80b3f550                        BowserDamageEnd = 0x80b3f550
                0x8008c3e0                        ActivePhysics_InitWithStruct = 0x8008c3e0
                0x8008c330                        ActivePhysics_AddToList = 0x8008c330
                0x8008c200                        __ct__13ActivePhysicsFv = 0x8008c200
                0x8008c260                        __dt__13ActivePhysicsFv = 0x8008c260
                0x8006cd90                        HandleXSpeed = 0x8006cd90
                0x8006cde0                        HandleYSpeed = 0x8006cde0
                0x8006cd40                        UpdateObjectPosBasedOnSpeedValues_real = 0x8006cd40
                0x80096240                        dSprite_c__getXDirectionOfFurthestPlayerRelativeToVEC3 = 0x80096240
                0x80064740                        CalculateDistanceFromActorsNextPosToFurthestPlayer = 0x80064740
                0x800955f0                        doSpriteMovement = 0x800955f0
                0x8042a1c8                        instance__17dEffectBreakMgr_c = 0x8042a1c8
                0x800925f0                        spawnTile__17dEffectBreakMgr_cFP7Point3dUic = 0x800925f0
                0x80070cb0                        CollidedWithTile = 0x80070cb0
                0x80096e60                        SomeStrangeModification = 0x80096e60
                0x8006ced0                        Actor_GetVec3WithValuesAdded = 0x8006ced0
                0x8006a4b0                        ConvertStagePositionIntoScreenPosition__Maybe = 0x8006a4b0
                0x80198040                        AnotherSoundRelatedFunction = 0x80198040
                0x80199100                        YetAnotherSoundPlayer = 0x80199100
                0x80196740                        CheckIfPlayingSound = 0x80196740
                0x80105350                        RelatedToPlayingSoundsAlongsideAnims = 0x80105350
                0x8042a768                        SoundRelatedClass = 0x8042a768
                0x801954c0                        MapSoundPlayer = 0x801954c0
                0x801951d0                        PlaySoundWithFunctionB4 = 0x801951d0
                0x8006a4b0                        ConvertStagePositionToScreenPosition__FP7Point2dP7Point3d = 0x8006a4b0
                0x80198d70                        PlaySoundAtPosition__17SoundPlayingClassFiP7Point2dUi = 0x80198d70
                0x8042a040                        instance2__17SoundPlayingClass = 0x8042a040
                0x80102370                        ExitStage__Fiiii = 0x80102370
                0x80102374                        ExitStageRealRest = 0x80102374
                0x8042931c                        LastPowerupStoreType = 0x8042931c
                0x8016f290                        zero__4mMtxFv = 0x8016f290
                0x8016ed30                        rotationX__4mMtxFPs = 0x8016ed30
                0x8016edf0                        applyRotationX__4mMtxFPs = 0x8016edf0
                0x8016ee50                        rotationY__4mMtxFPs = 0x8016ee50
                0x8016ef10                        applyRotationY__4mMtxFPs = 0x8016ef10
                0x8016ef70                        rotationZ__4mMtxFPs = 0x8016ef70
                0x8016f030                        applyRotationZ__4mMtxFPs = 0x8016f030
                0x8016f090                        applyRotationYXZ__4mMtxFPsPsPs = 0x8016f090
                0x8016f110                        applyRotationZYX__4mMtxFPsPsPs = 0x8016f110
                0x802dcf98                        _savefpr_14 = 0x802dcf98
                0x802dcf9c                        _savefpr_15 = 0x802dcf9c
                0x802dcfa0                        _savefpr_16 = 0x802dcfa0
                0x802dcfa4                        _savefpr_17 = 0x802dcfa4
                0x802dcfa8                        _savefpr_18 = 0x802dcfa8
                0x802dcfac                        _savefpr_19 = 0x802dcfac
                0x802dcfb0                        _savefpr_20 = 0x802dcfb0
                0x802dcfb4                        _savefpr_21 = 0x802dcfb4
                0x802dcfb8                        _savefpr_22 = 0x802dcfb8
                0x802dcfbc                        _savefpr_23 = 0x802dcfbc
                0x802dcfc0                        _savefpr_24 = 0x802dcfc0
                0x802dcfc4                        _savefpr_25 = 0x802dcfc4
                0x802dcfc8                        _savefpr_26 = 0x802dcfc8
                0x802dcfcc                        _savefpr_27 = 0x802dcfcc
                0x802dcfd0                        _savefpr_28 = 0x802dcfd0
                0x802dcfd4                        _savefpr_29 = 0x802dcfd4
                0x802dcfd8                        _savefpr_30 = 0x802dcfd8
                0x802dcfdc                        _savefpr_31 = 0x802dcfdc
                0x802dcfe4                        _restfpr_14 = 0x802dcfe4
                0x802dcfe8                        _restfpr_15 = 0x802dcfe8
                0x802dcfec                        _restfpr_16 = 0x802dcfec
                0x802dcff0                        _restfpr_17 = 0x802dcff0
                0x802dcff4                        _restfpr_18 = 0x802dcff4
                0x802dcff8                        _restfpr_19 = 0x802dcff8
                0x802dcffc                        _restfpr_20 = 0x802dcffc
                0x802dd000                        _restfpr_21 = 0x802dd000
                0x802dd004                        _restfpr_22 = 0x802dd004
                0x802dd008                        _restfpr_23 = 0x802dd008
                0x802dd00c                        _restfpr_24 = 0x802dd00c
                0x802dd010                        _restfpr_25 = 0x802dd010
                0x802dd014                        _restfpr_26 = 0x802dd014
                0x802dd018                        _restfpr_27 = 0x802dd018
                0x802dd01c                        _restfpr_28 = 0x802dd01c
                0x802dd020                        _restfpr_29 = 0x802dd020
                0x802dd024                        _restfpr_30 = 0x802dd024
                0x802dd028                        _restfpr_31 = 0x802dd028
                0x802dd030                        _savegpr_14 = 0x802dd030
                0x802dd034                        _savegpr_15 = 0x802dd034
                0x802dd038                        _savegpr_16 = 0x802dd038
                0x802dd03c                        _savegpr_17 = 0x802dd03c
                0x802dd040                        _savegpr_18 = 0x802dd040
                0x802dd044                        _savegpr_19 = 0x802dd044
                0x802dd048                        _savegpr_20 = 0x802dd048
                0x802dd04c                        _savegpr_21 = 0x802dd04c
                0x802dd050                        _savegpr_22 = 0x802dd050
                0x802dd054                        _savegpr_23 = 0x802dd054
                0x802dd058                        _savegpr_24 = 0x802dd058
                0x802dd05c                        _savegpr_25 = 0x802dd05c
                0x802dd060                        _savegpr_26 = 0x802dd060
                0x802dd064                        _savegpr_27 = 0x802dd064
                0x802dd068                        _savegpr_28 = 0x802dd068
                0x802dd06c                        _savegpr_29 = 0x802dd06c
                0x802dd070                        _savegpr_30 = 0x802dd070
                0x802dd074                        _savegpr_31 = 0x802dd074
                0x802dd07c                        _restgpr_14 = 0x802dd07c
                0x802dd080                        _restgpr_15 = 0x802dd080
                0x802dd084                        _restgpr_16 = 0x802dd084
                0x802dd088                        _restgpr_17 = 0x802dd088
                0x802dd08c                        _restgpr_18 = 0x802dd08c
                0x802dd090                        _restgpr_19 = 0x802dd090
                0x802dd094                        _restgpr_20 = 0x802dd094
                0x802dd098                        _restgpr_21 = 0x802dd098
                0x802dd09c                        _restgpr_22 = 0x802dd09c
                0x802dd0a0                        _restgpr_23 = 0x802dd0a0
                0x802dd0a4                        _restgpr_24 = 0x802dd0a4
                0x802dd0a8                        _restgpr_25 = 0x802dd0a8
                0x802dd0ac                        _restgpr_26 = 0x802dd0ac
                0x802dd0b0                        _restgpr_27 = 0x802dd0b0
                0x802dd0b4                        _restgpr_28 = 0x802dd0b4
                0x802dd0b8                        _restgpr_29 = 0x802dd0b8
                0x802dd0bc                        _restgpr_30 = 0x802dd0bc
                0x802dd0c0                        _restgpr_31 = 0x802dd0c0
                0x802dd4dc                        __shl2i = 0x802dd4dc
                0x802b9350                        __nw__FUl = 0x802b9350
                0x802b93c0                        __dl__FPv = 0x802b93c0
                0x802b93d0                        __dla__FPv = 0x802b93d0
                0x802dcad0                        __construct_new_array = 0x802dcad0
                0x802dce00                        __destroy_new_array = 0x802dce00
                0x802dcd88                        __destroy_arr = 0x802dcd88
                0x80024c20                        sub_80024C20 = 0x80024c20
                0x802dca70                        __register_global_object = 0x802dca70
                0x802dceec                        __ptmf_scall = 0x802dceec
                0x8015f740                        setup__13FunctionChainFPPFPv_bUs = 0x8015f740
                0x8006cf40                        __ct__14collisionMgr_c = 0x8006cf40
                0x8006cf40                        __dt__14collisionMgr_c = 0x8006cf40
                0x8006cfe0                        clear1__14collisionMgr_cFv = 0x8006cfe0
                0x8006d000                        clear2__14collisionMgr_cFv = 0x8006d000
                0x8006d090                        init__14collisionMgr_cFP13dStageActor_cPC12sensorBase_sPC12sensorBase_sPC12sensorBase_s = 0x8006d090
                0x8006d440                        Clear3__14collisionMgr_cFv = 0x8006d440
                0x8006db30                        calculateBelowCollision__14collisionMgr_cFv = 0x8006db30
                0x80070cb0                        isOnTopOfTile__14collisionMgr_cCFv = 0x80070cb0
                0x8006ef40                        calculateAboveCollision__14collisionMgr_cFUi = 0x8006ef40
                0x80072bc0                        calculateBelowCollisionWithSmokeEffect__14collisionMgr_cFv = 0x80072bc0
                0x8006fa40                        calculateAdjacentCollision__14collisionMgr_cFPf = 0x8006fa40
                0x80070760                        s_80070760__14collisionMgr_cFv = 0x80070760
                0x800707e0                        s_800707E0__14collisionMgr_cFv = 0x800707e0
                0x80070ba0                        getTileBehaviour1At__14collisionMgr_cFffUc = 0x80070ba0
                0x80070c40                        getTileBehaviour1At__14collisionMgr_cFUsUsUc = 0x80070c40
                0x80070bf0                        getTileBehaviour2At__14collisionMgr_cFffUc = 0x80070bf0
                0x80070c60                        getTileBehaviour2At__14collisionMgr_cFUsUsUc = 0x80070c60
                0x80070720                        getBelowSubType__14collisionMgr_c = 0x80070720
                0x80070720                        _ZN14collisionMgr_c15getBelowSubTypeEv = 0x80070720
                0x800b8490                        __ct_11freezeMgr_c = 0x800b8490
                0x800b8530                        __dt__11freezeMgr_cFv = 0x800b8530
                0x800b85a0                        doSomethingCool1__11freezeMgr_c = 0x800b85a0
                0x800b8670                        doSomethingCool2__11freezeMgr_c = 0x800b8670
                0x800b8740                        setSomething__11freezeMgr_cFUiUiUi = 0x800b8740
                0x800b8750                        Create_ICEACTORs__11freezeMgr_cFPvi = 0x800b8750
                0x800b88a0                        Delete_ICEACTORs__11freezeMgr_c = 0x800b88a0
                0x800b8920                        SetIceTimer_pt1__11freezeMgr_c = 0x800b8920
                0x800b8980                        SetIceTimer_pt2__11freezeMgr_c = 0x800b8980
                0x800b8a00                        CheckIceTimer_lte_Value__11freezeMgr_c = 0x800b8a00
                0x800b8a70                        doSomethingCool3__11freezeMgr_c = 0x800b8a70
                0x800b8b00                        doSomethingCool4__11freezeMgr_c = 0x800b8b00
                0x800b8b80                        doSomethingCool5__11freezeMgr_c = 0x800b8b80
                0x800b8c00                        doSomethingCool6__11freezeMgr_c = 0x800b8c00
                0x800b8c80                        DoMeltNormal__11freezeMgr_c = 0x800b8c80
                0x800b8d40                        doSomethingCool7__11freezeMgr_c = 0x800b8d40
                0x800b8f30                        CheckCountdownTimer__11freezeMgr_c = 0x800b8f30
                0x80329758                        __vt__7fBase_c = 0x80329758
                0x80161ec0                        onCreate__7fBase_cFv = 0x80161ec0
                0x80161f70                        onDelete__7fBase_cFv = 0x80161f70
                0x80162210                        onExecute__7fBase_cFv = 0x80162210
                0x80162410                        willBeDeleted__7fBase_cFv = 0x80162410
                0x80162730                        moreHeapShit__7fBase_cFUiPv = 0x80162730
                0x80162930                        createHeap__7fBase_cFUiPv = 0x80162930
                0x801629f0                        heapCreated__7fBase_cFv = 0x801629f0
                0x80162650                        Delete__7fBase_cFv = 0x80162650
                0x80162af0                        findNextUninitialisedProcess__7fBase_cFv = 0x80162af0
                0x80162b60                        hasUninitialisedProcesses__7fBase_cFv = 0x80162b60
                0x80162310                        onDraw__7fBase_cFv = 0x80162310
                0x80162650                        _Z15fBase_c__DeletePv = 0x80162650
                0x80162650                        fBase_c__Delete__FPv = 0x80162650
                0x80317b78                        __vt__15StageActorLight = 0x80317b78
                0x800ccb70                        init__15StageActorLightFPvi = 0x800ccb70
                0x800ccc30                        update__15StageActorLight = 0x800ccc30
                0x800ccce0                        draw__15StageActorLight = 0x800ccce0
                0x800ccce0                        _ZN15StageActorLight6updateEv = 0x800ccce0
                0x800ccce0                        _ZN15StageActorLight4drawEv = 0x800ccce0
                0x800414a0                        __dt__15StageActorLight = 0x800414a0
                0x8006c660                        GetExplanationString__7dBase_cFv = 0x8006c660
                0x803021a8                        __vt__15daEnBlockMain_c = 0x803021a8
                0x80023340                        __dt__15daEnBlockMain_cFv = 0x80023340
                0x80022e80                        calledWhenUpMoveBegins__15daEnBlockMain_cFv = 0x80022e80
                0x80022f60                        calledWhenDownMoveBegins__15daEnBlockMain_cFv = 0x80022f60
                0x80022f30                        calledWhenUpMoveExecutes__15daEnBlockMain_cFv = 0x80022f30
                0x800231a0                        calledWhenUpMoveDiffExecutes__15daEnBlockMain_cFv = 0x800231a0
                0x80023010                        calledWhenDownMoveExecutes__15daEnBlockMain_cFv = 0x80023010
                0x80023080                        calledWhenDownMoveEndExecutes__15daEnBlockMain_cFv = 0x80023080
                0x800232c0                        calledWhenDownMoveDiffExecutes__15daEnBlockMain_cFv = 0x800232c0
                0x80023330                        calledWhenDownMoveDiffEndExecutes__15daEnBlockMain_cFv = 0x80023330
                0x80022dc0                        updateScale__15daEnBlockMain_cFb = 0x80022dc0
                0x80022e60                        upMove_Begin__15daEnBlockMain_cFv = 0x80022e60
                0x80022ea0                        upMove_Execute__15daEnBlockMain_cFv = 0x80022ea0
                0x80022e90                        upMove_End__15daEnBlockMain_cFv = 0x80022e90
                0x80022f40                        downMove_Begin__15daEnBlockMain_cFv = 0x80022f40
                0x80022f80                        downMove_Execute__15daEnBlockMain_cFv = 0x80022f80
                0x80022f70                        downMove_End__15daEnBlockMain_cFv = 0x80022f70
                0x80023020                        downMoveEnd_Begin__15daEnBlockMain_cFv = 0x80023020
                0x80023040                        downMoveEnd_Execute__15daEnBlockMain_cFv = 0x80023040
                0x80023030                        downMoveEnd_End__15daEnBlockMain_cFv = 0x80023030
                0x80023090                        upMove_Diff_Begin__15daEnBlockMain_cFv = 0x80023090
                0x800230d0                        upMove_Diff_Execute__15daEnBlockMain_cFv = 0x800230d0
                0x800230c0                        upMove_Diff_End__15daEnBlockMain_cFv = 0x800230c0
                0x800231b0                        downMove_Diff_Begin__15daEnBlockMain_cFv = 0x800231b0
                0x800231f0                        downMove_Diff_Execute__15daEnBlockMain_cFv = 0x800231f0
                0x800231e0                        downMove_Diff_End__15daEnBlockMain_cFv = 0x800231e0
                0x800232d0                        downMove_DiffEnd_Begin__15daEnBlockMain_cFv = 0x800232d0
                0x800232f0                        downMove_DiffEnd_Execute__15daEnBlockMain_cFv = 0x800232f0
                0x800232e0                        downMove_DiffEnd_End__15daEnBlockMain_cFv = 0x800232e0
                0x80021690                        blockInit__15daEnBlockMain_cFf = 0x80021690
                0x800217b0                        blockUpdate__15daEnBlockMain_cFv = 0x800217b0
                0x800212c0                        blockResult__15daEnBlockMain_cFv = 0x800212c0
                0x80021180                        PhysicsCallback1__15daEnBlockMain_c = 0x80021180
                0x80021170                        PhysicsCallback2__15daEnBlockMain_c = 0x80021170
                0x800211a0                        PhysicsCallback3__15daEnBlockMain_c = 0x800211a0
                0x80020bf0                        OPhysicsCallback1__15daEnBlockMain_c = 0x80020bf0
                0x80020e70                        OPhysicsCallback2__15daEnBlockMain_c = 0x80020e70
                0x80021010                        OPhysicsCallback3__15daEnBlockMain_c = 0x80021010
                0x80352d34                        StateID_UpMove__15daEnBlockMain_c = 0x80352d34
                0x80352d74                        StateID_DownMove__15daEnBlockMain_c = 0x80352d74
                0x80352db4                        StateID_DownMoveEnd__15daEnBlockMain_c = 0x80352db4
                0x80352df4                        StateID_UpMove_Diff__15daEnBlockMain_c = 0x80352df4
                0x80352e34                        StateID_DownMove_Diff__15daEnBlockMain_c = 0x80352e34
                0x80352e74                        StateID_DownMove_DiffEnd__15daEnBlockMain_c = 0x80352e74
                0x80094e80                        __ct__5dEn_cFv = 0x80094e80
                0x80095130                        __dt__5dEn_cFv = 0x80095130
                0x80097050                        sub_80097050__5dEn_cFv = 0x80097050
                0x80096f60                        manageBelowCollision__5dEn_cFv = 0x80096f60
                0x800951d0                        afterCreate__5dEn_cFi = 0x800951d0
                0x80095240                        beforeExecute__5dEn_cFv = 0x80095240
                0x80095480                        afterExecute__5dEn_cFi = 0x80095480
                0x800954a0                        beforeDraw__5dEn_cFv = 0x800954a0
                0x80097f70                        kill__5dEn_cFv = 0x80097f70
                0x80097c40                        eatIn__5dEn_cFv = 0x80097c40
                0x80097cb0                        disableEatIn__5dEn_cFv = 0x80097cb0
                0x80097d30                        _vf8C__5dEn_cFPv = 0x80097d30
                0x800973f0                        _vfCC__5dEn_cFP7Point2df = 0x800973f0
                0x800974f0                        _vfD0__5dEn_cFP7Point2df = 0x800974f0
                0x800a7df0                        doStateChange__5dEn_cFP12dStateBase_c = 0x800a7df0
                0x80097df0                        _ZN5dEn_c5_vfACEPv = 0x80097df0
                0x80095950                        collisionCallback__5dEn_cFP13ActivePhysicsP13ActivePhysics = 0x80095950
                0x80095ce0                        preSpriteCollision__5dEn_cFP13ActivePhysicsP13ActivePhysics = 0x80095ce0
                0x80095d30                        prePlayerCollision__5dEn_cFP13ActivePhysicsP13ActivePhysics = 0x80095d30
                0x80095f50                        preYoshiCollision__5dEn_cFP13ActivePhysicsP13ActivePhysics = 0x80095f50
                0x80096060                        stageActorCollision__5dEn_cFP13ActivePhysicsP13ActivePhysics = 0x80096060
                0x80095c10                        spriteCollision__5dEn_cFP13ActivePhysicsP13ActivePhysics = 0x80095c10
                0x80095c20                        playerCollision__5dEn_cFP13ActivePhysicsP13ActivePhysics = 0x80095c20
                0x80095c80                        yoshiCollision__5dEn_cFP13ActivePhysicsP13ActivePhysics = 0x80095c80
                0x8009f840                        collisionCat3_StarPower__5dEn_cFP13ActivePhysicsP13ActivePhysics = 0x8009f840
                0x8009fb50                        collisionCat5_Mario__5dEn_cFP13ActivePhysicsP13ActivePhysics = 0x8009fb50
                0x8009fe40                        _vf108__5dEn_cFP13ActivePhysicsP13ActivePhysics = 0x8009fe40
                0x8009ffd0                        collisionCatD_Drill__5dEn_cFP13ActivePhysicsP13ActivePhysics = 0x8009ffd0
                0x8009ffc0                        _vf110__5dEn_cFP13ActivePhysicsP13ActivePhysics = 0x8009ffc0
                0x8009fce0                        collisionCat8_FencePunch__5dEn_cFP13ActivePhysicsP13ActivePhysics = 0x8009fce0
                0x800a0150                        collisionCat7_GroundPound__5dEn_cFP13ActivePhysicsP13ActivePhysics = 0x800a0150
                0x800a02d0                        collisionCat7_GroundPoundYoshi__5dEn_cFP13ActivePhysicsP13ActivePhysics = 0x800a02d0
                0x8009fcd0                        _vf120__5dEn_cFP13ActivePhysicsP13ActivePhysics = 0x8009fcd0
                0x8009fcc0                        collisionCatA_PenguinMario__5dEn_cFP13ActivePhysicsP13ActivePhysics = 0x8009fcc0
[...]
                0x00073bf6                .dwarf.0007.__vt__20dState_c<9daDreidel>
                0x00073c42                .dwarf.0007.__vt__22dState_c<10daPodouble>
                0x00073c90                .dwarf.0007.__vt__23dState_c<11daSamurshai>
                0x00073cdf                .dwarf.0007.__vt__19dState_c<8daWrench>
                0x00073d2a                .dwarf.0007.__vt__22dState_c<10daBalboa_c>
                0x00073d78                .dwarf.0007.__vt__22dState_c<10daRamboo_c>
                0x00073dc6                .dwarf.0007.__vt__27dState_c<15daEnMegaDosun_c>
                0x00073e19                .dwarf.0007.__vt__25dState_c<13daFuzzyBear_c>
                0x00073e6a                .dwarf.0007.__vt__26dState_c<14daMegaGoomba_c>
                0x00073ebc                .dwarf.0007.__vt__19dState_c<8daTopman>
                0x00073f07                .dwarf.0007.__vt__26dState_c<14daEnMsgBlock_c>
                0x00073f59                .dwarf.0007.__vt__28dState_c<16daEnEventBlock_c>
                0x00073fad                .dwarf.0007.__vt__28dState_c<16dMsgBoxManager_c>
                0x00074001                .dwarf.0007.__vt__25dState_c<13daFireLaser_c>
                0x00074052                .dwarf.0007.__vt__20dState_c<9daMrSun_c>
                0x0007409e                .dwarf.0007.__vt__27dState_c<15daEnFlipBlock_c>
                0x000740f1                .dwarf.0007.__vt__26dState_c<14daEnChestnut_c>
                0x00074143                .dwarf.0007.__vt__24dState_c<12dEndingMgr_c>
                0x00074421                .dwarf.0002.dState_c<17dCollectionCoin_c>::dState_c
                0x00074512                .dwarf.0007.StateID_ExitAnimeEndWait__17dCollectionCoin_c
                0x00074578                .dwarf.0007.isReplayEnabled
                0x000745a3                .dwarf.0007.enableHardMode
                0x000745cd                .dwarf.0002.dState_c<22dCourseSelectManager_c>::dState_c
                0x000746be                .dwarf.0002.dStateMethodExecutor_c<22dCourseSelectManager_c>::dStateMethodExecutor_c
                0x00074882                .dwarf.0002.dStateExecutor_c<22dCourseSelectManager_c>::dStateExecutor_c
                0x00074ab0                .dwarf.0002.dStateWrapperBase_c<22dCourseSelectManager_c>::dStateWrapperBase_c
                0x00074c68                .dwarf.0002.dStateWrapper_c<22dCourseSelectManager_c>::dStateWrapper_c
                0x00074e10                .dwarf.0002.dCourseSelectManager_c::dCourseSelectManager_c
                0x000756e0                .dwarf.0007.instance__22dCourseSelectManager_c
                0x00075740                .dwarf.0007.__vt__15StageActorLight
                0x00075834                .dwarf.0002.daNeedles::daNeedles
                0x00075b75                .dwarf.0002.dState_c<9daNeedles>::dState_c
                0x00075c66                .dwarf.0007.StateID_Die__9daNeedles
                0x00075ca9                .dwarf.0007.StateID_Idle__9daNeedles
                0x00075cee                .dwarf.0007.StateID_DemoWait__9daNeedles
                0x00075fdb                .dwarf.0002.dState_c<5dEn_c>::dState_c
                0x000760cc                .dwarf.0007.StateID_DieSmoke__5dEn_c
                0x00076115                .dwarf.0007.sAllocatorFunc__FrmHeap
                0x0007632b                .dwarf.0002.dStateBase_c::dStateBase_c
                0x000763ff                .dwarf.0007.ClownDemoWaitState
                0x0007642f                .dwarf.0007.JrClownDemoWaitState
                0x00076461                .dwarf.0007.DontShowPreGame
                0x000764ba                .dwarf.0013.StartLevelInfo::StartLevelInfo
                0x0007666f                .dwarf.0007.RESTART_CRSIN_LevelStartStruct
                0x000766ab                .dwarf.0007.JrClownEndDemoState
                0x0007670a                .dwarf.0013.dWaterInfo_s::dWaterInfo_s
                0x00076b91                .dwarf.0002.dWaterManager_c::dWaterManager_c
                0x00076c28                .dwarf.0007.instance__15dWaterManager_c
                0x00076c8f                .dwarf.0007.Player_Lives
                0x00076cd9                .dwarf.0007.Player_ID
                0x00076d20                .dwarf.0007.Player_Active
                0x00076d5d                .dwarf.0007.__vt__Q23mEf3es2
                0x00076d9d                .dwarf.0007.__vt__Q23mEf8effect_c
                0x00076de2                .dwarf.0007.__vt__Q23m3d11anmTexSrt_c
                0x00076e2b                .dwarf.0007.__vt__Q23m3d6banm_c
                0x00076e5c                .dwarf.0007.ScreenPositionClass
                0x00076e9d                .dwarf.0007.__vt__Q23m3d8anmVis_c
                0x00076ed0                .dwarf.0007.StageScreen
                0x00076ef7                .dwarf.0007.StateID_DieOther__5dEn_c
                0x00076f40                .dwarf.0007.EnemyBounceValue
                0x00076fbf                .dwarf.0013.RemoconMngClass::RemoconMngClass
                0x0007703a                .dwarf.0007.RemoconMng
                0x00077065                .dwarf.0007.ActiveWiimoteID
                0x0007711b                .dwarf.0002.StageC4::StageC4
                0x00077323                .dwarf.0007.instance__7StageC4
                0x00077361                .dwarf.0007.MessageBoxIsShowing
                0x00077390                .dwarf.0007.BGDatClass
                0x000773b6                .dwarf.0007.BgActorDefs
                0x00077430                .dwarf.0013.dBgActorManager_c::dBgActorManager_c
                0x00077518                .dwarf.0007.dBgActorManager
                0x00077596                .dwarf.0013.BG_GM_hax::BG_GM_hax
                0x0007767d                .dwarf.0007.BG_GM_ptr
                0x0007771e                .dwarf.0002.SoundPlayingClass::SoundPlayingClass
                0x000777ab                .dwarf.0007.instance2__17SoundPlayingClass
                0x00077872                .dwarf.0002.dEffectBreakBase_c::dEffectBreakBase_c
                0x00077a06                .dwarf.0002.dEffectBreakMgr_c::dEffectBreakMgr_c
                0x00077a50                .dwarf.0007.instance__17dEffectBreakMgr_c
                0x00077d17                .dwarf.0002.BGDatClass::BGDatClass
                0x00077e86                .dwarf.0007.instance__10BGDatClass
                0x00078168                .dwarf.0002.dState_c<14daEnGakeNoko_c>::dState_c
                0x00078259                .dwarf.0007.StateID_FoolMove__14daEnGakeNoko_c
                0x000782ac                .dwarf.0007.StateID_Move__14daEnGakeNoko_c
                0x00078317                .dwarf.0007.gameHeaps__5mHeap
                0x00078352                .dwarf.0007.StateID_DieFall__5dEn_c
                0x00078399                .dwarf.0007.BGScaleBack
                0x000783c2                .dwarf.0007.BGScaleFront
                0x000783ec                .dwarf.0007.GameTimer
                0x00078431                .dwarf.0007.Player_Flags
                0x0007845b                .dwarf.0007.BGScaleEnabled
                0x00078485                .dwarf.0007.GlobalStarsCollected
                0x000784b5                .dwarf.0007.ZOrderOn
                0x000784d9                .dwarf.0007.AlwaysDrawBranch
                0x00078505                .dwarf.0007.AlwaysDrawFlag
                0x0007852f                .dwarf.0007.SizerOn
                0x00078552                .dwarf.0007.GlobalRiderSize
                0x0007857d                .dwarf.0007.GlobalSpriteSpeed
                0x000785aa                .dwarf.0007.GlobalSpriteSize
                0x000785d6                .dwarf.0007.MiniMarioJumpArc
                0x00078602                .dwarf.0007.MarioJumpArc
                0x0007862a                .dwarf.0007.MarioJumpMax
                0x00078652                .dwarf.0007.MarioDescentRate
                0x0007867e                .dwarf.0007.ArchiveHeap
                0x000786a5                .dwarf.0007.GameFlag
                0x000786c9                .dwarf.0007.GameMgrP
                0x000786f2                .dwarf.0007.CurrentLevel
                0x0007871a                .dwarf.0007.CurrentWorld
                0x000789e2                .dwarf.0002.dState_c<12daKameckDemo>::dState_c
                0x00078ad3                .dwarf.0007.StateID_DemoSt2__12daKameckDemo
                0x00078b22                .dwarf.0007.StateID_DemoSt__12daKameckDemo
                0x00078b6f                .dwarf.0007.StateID_DemoWait__12daKameckDemo
                0x00078c8e                .dwarf.0002.dStage32C_c::dStage32C_c
                0x000790d7                .dwarf.0007.instance__11dStage32C_c
                0x0007911a                .dwarf.0007.SaveFileInstance
                0x0007914b                .dwarf.0007.instance__19ClassWithCameraInfo
                0x000791c4                .dwarf.0013.BgGmBase::something_s::something_s
                0x000792ec                .dwarf.0013.BgGmBase::limitLineEntry_s::limitLineEntry_s
                0x00079610                .dwarf.0013.BgGmBase::manualZoomEntry_s::manualZoomEntry_s
                0x0007978d                .dwarf.0013.BgGmBase::beets_s::beets_s
                0x000799e4                .dwarf.0002.BgGmBase::BgGmBase
                0x00079c5b                .dwarf.0002.dBgGm_c::dBgGm_c
                0x00079cc5                .dwarf.0007.instance__7dBgGm_c
                0x00079e60                .dwarf.0002.dCourseFull_c::dCourseFull_c
                0x00079ef1                .dwarf.0007.instance__13dCourseFull_c
                0x00079f36                .dwarf.0007.StagePtr
                0x0007a341                .dwarf.0002.dFlagMgr_c::dFlagMgr_c
                0x0007a514                .dwarf.0007.instance__10dFlagMgr_c
                0x0007a7f6                .dwarf.0002.dState_c<15daEnBlockMain_c>::dState_c
                0x0007a8e7                .dwarf.0007.StateID_DownMove__15daEnBlockMain_c
                0x0007a93b                .dwarf.0007.StateID_UpMove__15daEnBlockMain_c
                0x0007a99d                .dwarf.0007.__vt__15daEnBlockMain_c
                0x0007a9d2                .dwarf.0007.PhysicsCallback3__15daEnBlockMain_c
                0x0007aa24                .dwarf.0007.PhysicsCallback2__15daEnBlockMain_c
                0x0007aa76                .dwarf.0007.PhysicsCallback1__15daEnBlockMain_c
                0x0007aac8                .dwarf.0007.OPhysicsCallback3__15daEnBlockMain_c
                0x0007ab1c                .dwarf.0007.OPhysicsCallback2__15daEnBlockMain_c
                0x0007ab70                .dwarf.0007.OPhysicsCallback1__15daEnBlockMain_c
                0x0007abc4                .dwarf.0007.DVDClass
                0x0007abfa                .dwarf.0007.__vt__Q23m3d8anmChr_c
                0x0007ac2d                .dwarf.0007.StateID_Thank__24daEnBossKoopaDemoPeach_c
                0x0007ac84                .dwarf.0007.StateID_Rescue__24daEnBossKoopaDemoPeach_c
                0x0007acdd                .dwarf.0007.StateID_Open__24daEnBossKoopaDemoPeach_c
                0x0007ad32                .dwarf.0007._8042A788
                0x0007ad57                .dwarf.0007.StateID_Turn__24daEnBossKoopaDemoPeach_c
                0x0007adfa                .dwarf.0002.BalloonRelatedClass::BalloonRelatedClass
                0x0007ae8e                .dwarf.0007.instance__19BalloonRelatedClass
                0x0007af47                .dwarf.0002.dStageActorMgr_c::dStageActorMgr_c
                0x0007b1b7                .dwarf.0007.instance__16dStageActorMgr_c
                0x0007b281                .dwarf.0002.WLClass::WLClass
                0x0007b354                .dwarf.0007.instance__7WLClass
                0x0007b392                .dwarf.0007.SoundRelatedClass
                0x0007b48a                .dwarf.0002.StageE4::StageE4
                0x0007b523                .dwarf.0007.instance__7StageE4
                0x0007b573                .dwarf.0007.__vt__12daBossDemo_c
                0x0007b5a5                .dwarf.0007.globalListHead__13BasicCollider
                0x0007b5f6                .dwarf.0007.globalListHead__7Physics
                0x0007b66e                .dwarf.0017._wgpipe::_wgpipe
                0x0007b781                .dwarf.0007.wgPipe
                0x0007b7a5                .dwarf.0007.globalListHead__13ActivePhysics
                0x0007b816                .dwarf.0007.GameHeaps
                0x0007b861                .dwarf.0007.spriteFiles
                0x0007b8ad                .dwarf.0007.profileNames
                0x0007b8fc                .dwarf.0007.originalProfiles
                0x0007b92a                .dwarf.0007.ObjectProfileList
                0x0007b97f                .dwarf.0007.originalSprites
                0x0007ba78                .dwarf.0006.sqrtf__Ff
                0x0007bb9a                .dwarf.0006.executeNextStateThisTick__36dStateWrapperBase_c<13dActorState_c>Fv
                0x0007bc48                .dwarf.0006.setState__36dStateWrapperBase_c<13dActorState_c>FP12dStateBase_c
                0x0007bd14                .dwarf.0006.__dt__Q34nw4r3snd11SoundHandleFv
                0x0007bd8a                .dwarf.0006.getCurrentState__33dStateWrapperBase_c<10daPlBase_c>Fv
                0x0007be2c                .dwarf.0006.__dt__35dStateWrapper_c<16dMsgBoxManager_c>Fv
                0x0007beaf                .dwarf.0006.__dt__39dStateWrapperBase_c<16dMsgBoxManager_c>Fv
                0x0007bf36                .dwarf.0006.execute__39dStateWrapperBase_c<16dMsgBoxManager_c>Fv
                0x0007bfc5                .dwarf.0006.setState__39dStateWrapperBase_c<16dMsgBoxManager_c>FP12dStateBase_c
                0x0007c094                .dwarf.0006.__dt__29dStateWrapper_c<10dSingAlong>Fv
                0x0007c111                .dwarf.0006.__dt__33dStateWrapperBase_c<10dSingAlong>Fv
                0x0007c192                .dwarf.0006.setState__33dStateWrapperBase_c<10dSingAlong>FP12dStateBase_c
                0x0007c25b                .dwarf.0006.execute__33dStateWrapperBase_c<10dSingAlong>Fv
                0x0007c2e4                .dwarf.0006.setState__40dStateWrapperBase_c<17dCollectionCoin_c>FP12dStateBase_c
                0x0007c3b4                .dwarf.0006.getPreviousState__39dStateWrapperBase_c<16dMsgBoxManager_c>Fv
                0x0007c45e                .dwarf.0006.getCurrentState__39dStateWrapperBase_c<16dMsgBoxManager_c>Fv
                0x0007c506                .dwarf.0006.getNextState__39dStateWrapperBase_c<16dMsgBoxManager_c>Fv
                0x0007c5a8                .dwarf.0006.getCurrentStateMethodExecutor__39dStateWrapperBase_c<16dMsgBoxManager_c>Fv
                0x0007c66c                .dwarf.0006.executeNextStateThisTick__39dStateWrapperBase_c<16dMsgBoxManager_c>Fv
                0x0007c71d                .dwarf.0006.endCurrentState__39dStateWrapperBase_c<16dMsgBoxManager_c>Fv
                0x0007c7bc                .dwarf.0006.ensureStateHasBegun__39dStateWrapperBase_c<16dMsgBoxManager_c>Fv
                0x0007c863                .dwarf.0006.getPreviousState__33dStateWrapperBase_c<10dSingAlong>Fv
                0x0007c907                .dwarf.0006.getCurrentState__33dStateWrapperBase_c<10dSingAlong>Fv
                0x0007c9a9                .dwarf.0006.getNextState__33dStateWrapperBase_c<10dSingAlong>Fv
                0x0007ca45                .dwarf.0006.getCurrentStateMethodExecutor__33dStateWrapperBase_c<10dSingAlong>Fv
                0x0007cb03                .dwarf.0006.executeNextStateThisTick__33dStateWrapperBase_c<10dSingAlong>Fv
                0x0007cbae                .dwarf.0006.endCurrentState__33dStateWrapperBase_c<10dSingAlong>Fv
                0x0007cc47                .dwarf.0006.ensureStateHasBegun__33dStateWrapperBase_c<10dSingAlong>Fv
                0x0007cce8                .dwarf.0006.beginSomething__12daBossDemo_cFv
                0x0007cd3a                .dwarf.0006.endSomething__12daBossDemo_cFv
                0x0007cd88                .dwarf.0006.getIdOfOtherActor__12daBossDemo_cFv
                0x0007ce0e                .dwarf.0006.setIdOfOtherActor__12daBossDemo_cFi
                0x0007ceae                .dwarf.0006.vf128__12daBossDemo_cFv
                0x0007cef2                .dwarf.0006.justReturnField3D4_decidesIfEndBattle__12daBossDemo_cFv
                0x0007cfa0                .dwarf.0006.vf130__12daBossDemo_cFv
                0x0007cfe4                .dwarf.0006.getActorPointerForSomething__12daBossDemo_cFv
                0x0007d12e                .dwarf.0006.executeNextStateThisTick__15dStateMgrBase_cFv
                0x0007d1c1                .dwarf.0006.getCurrentState__15dStateMgrBase_cFv
                0x0007d24b                .dwarf.0006.__dt__11dStateMgr_cFv
                0x0007d2b6                .dwarf.0006.__dt__36dStateExecutor_c<16dMsgBoxManager_c>Fv
                0x0007d33a                .dwarf.0006.__dt__42dStateMethodExecutor_c<16dMsgBoxManager_c>Fv
                0x0007d3c4                .dwarf.0006.__dt__26dStateMethodExecutorBase_cFv
                0x0007d43e                .dwarf.0006.__dt__20dStateExecutorBase_cFv
                0x0007d4b2                .dwarf.0006.__dt__17dStatePointless_cFv
                0x0007d523                .dwarf.0006.__dt__30dStateExecutor_c<10dSingAlong>Fv
                0x0007d5a1                .dwarf.0006.__dt__36dStateMethodExecutor_c<10dSingAlong>Fv
                0x0007d625                .dwarf.0006.callEnd__42dStateMethodExecutor_c<16dMsgBoxManager_c>Fv
                0x0007d6b1                .dwarf.0006.callExecute__42dStateMethodExecutor_c<16dMsgBoxManager_c>Fv
                0x0007d745                .dwarf.0006.callBegin__42dStateMethodExecutor_c<16dMsgBoxManager_c>Fv
                0x0007d7d5                .dwarf.0006.callEnd__36dStateMethodExecutor_c<10dSingAlong>Fv
                0x0007d85b                .dwarf.0006.callExecute__36dStateMethodExecutor_c<10dSingAlong>Fv
                0x0007d8e9                .dwarf.0006.callBegin__36dStateMethodExecutor_c<10dSingAlong>Fv
                0x0007d973                .dwarf.0006.clearMethodExecutor__36dStateExecutor_c<16dMsgBoxManager_c>FPP26dStateMethodExecutorBase_c
                0x0007da3c                .dwarf.0006.getMethodExecutorForState__36dStateExecutor_c<16dMsgBoxManager_c>FP12dStateBase_c
                0x0007db23                .dwarf.0006.clearMethodExecutor__30dStateExecutor_c<10dSingAlong>FPP26dStateMethodExecutorBase_c
                0x0007dbe6                .dwarf.0006.getMethodExecutorForState__30dStateExecutor_c<10dSingAlong>FP12dStateBase_c
                0x0007dcc7                .dwarf.0006.getPreviousState__15dStateMgrBase_cFv
                0x0007dd53                .dwarf.0006.getNextState__15dStateMgrBase_cFv
                0x0007ddd7                .dwarf.0006.getCurrentStateMethodExecutor__15dStateMgrBase_cFv
                0x0007de7d                .dwarf.0006.returnsOne__17dStatePointless_cFv
                0x0007df9c                .dwarf.0006.returnUnknown__Q23m3d6proc_cFv
                0x0007e0bc                .dwarf.0006.beforeExecute__16dMsgBoxManager_cFv
                0x0007e114                .dwarf.0006.afterExecute__16dMsgBoxManager_cFi
                0x0007e16a                .dwarf.0006.beforeDraw__16dMsgBoxManager_cFv
                0x0007e1bc                .dwarf.0006.afterDraw__16dMsgBoxManager_cFi

.comment        0x00000000    0x17b14
 .comment       0x00000000    0x17b14 tmp\fasthack.o
